BL51 BANKED LINKER/LOCATER V6.22.4.0                                                    01/29/2026  18:01:53  PAGE 1


BL51 BANKED LINKER/LOCATER V6.22.4.0, INVOKED BY:
C:\KEIL_V5\C51\BIN\BL51.EXE .\Release\Objects\STARTUP.obj, .\Release\Objects\system.obj, .\Release\Objects\main.obj, .\R
>> elease\Objects\pwm.obj, .\Release\Objects\adc.obj, .\Release\Objects\time0.obj, .\Release\Objects\debug.obj, .\Releas
>> e\Objects\timer1.obj, .\Release\Objects\timer2.obj, .\Release\Objects\knob_dimming.obj, .\Release\Objects\rf_recv.obj
>> , .\Release\Objects\key_driver.obj, .\Release\Objects\flash.obj, .\Release\Objects\fan_ctl.obj, .\Release\Objects\tim
>> er3.obj, .\Release\Objects\engine.obj, .\Release\Objects\power_on.obj TO .\Release\Objects\Demo PRINT (.\Release\List
>> ings\Demo.m51) RAMSIZE (256) CODE (0X0000-0X3EEF) XDATA (0X6000-0X66FF)


MEMORY MODEL: LARGE


INPUT MODULES INCLUDED:
  .\Release\Objects\STARTUP.obj (?C_STARTUP)
  .\Release\Objects\system.obj (SYSTEM)
  .\Release\Objects\main.obj (MAIN)
  .\Release\Objects\pwm.obj (PWM)
  .\Release\Objects\adc.obj (ADC)
  .\Release\Objects\time0.obj (TIME0)
  .\Release\Objects\debug.obj (DEBUG)
  .\Release\Objects\timer1.obj (TIMER1)
  .\Release\Objects\timer2.obj (TIMER2)
  .\Release\Objects\knob_dimming.obj (KNOB_DIMMING)
  .\Release\Objects\rf_recv.obj (RF_RECV)
  .\Release\Objects\key_driver.obj (KEY_DRIVER)
  .\Release\Objects\flash.obj (FLASH)
  .\Release\Objects\fan_ctl.obj (FAN_CTL)
  .\Release\Objects\timer3.obj (TIMER3)
  .\Release\Objects\engine.obj (ENGINE)
  .\Release\Objects\power_on.obj (POWER_ON)
  C:\KEIL_V5\C51\LIB\C51L.LIB (?C_INIT)
  C:\KEIL_V5\C51\LIB\C51L.LIB (?C?CLDPTR)
  C:\KEIL_V5\C51\LIB\C51L.LIB (?C?CLDOPTR)
  C:\KEIL_V5\C51\LIB\C51L.LIB (?C?CILDOPTR)
  C:\KEIL_V5\C51\LIB\C51L.LIB (?C?CSTPTR)
  C:\KEIL_V5\C51\LIB\C51L.LIB (?C?CSTOPTR)
  C:\KEIL_V5\C51\LIB\C51L.LIB (?C?IILDX)
  C:\KEIL_V5\C51\LIB\C51L.LIB (?C?LADD)
  C:\KEIL_V5\C51\LIB\C51L.LIB (?C?LMUL)
  C:\KEIL_V5\C51\LIB\C51L.LIB (?C?ULDIV)
  C:\KEIL_V5\C51\LIB\C51L.LIB (?C?ULCMP)
  C:\KEIL_V5\C51\LIB\C51L.LIB (?C?ULSHR)
  C:\KEIL_V5\C51\LIB\C51L.LIB (?C?LSHL)
  C:\KEIL_V5\C51\LIB\C51L.LIB (?C?LLDXDATA)
  C:\KEIL_V5\C51\LIB\C51L.LIB (?C?LLDXDATA0)
  C:\KEIL_V5\C51\LIB\C51L.LIB (?C?LSTXDATA)
  C:\KEIL_V5\C51\LIB\C51L.LIB (?C?LSTKXDATA)
  C:\KEIL_V5\C51\LIB\C51L.LIB (?C?PLDXDATA)
  C:\KEIL_V5\C51\LIB\C51L.LIB (?C?PLDIXDATA)
  C:\KEIL_V5\C51\LIB\C51L.LIB (?C?PSTXDATA)
  C:\KEIL_V5\C51\LIB\C51L.LIB (?C?PLDOPTR)
  C:\KEIL_V5\C51\LIB\C51L.LIB (?C?CCASE)
  C:\KEIL_V5\C51\LIB\C51L.LIB (?C?ICALL)
  C:\KEIL_V5\C51\LIB\C51L.LIB (?C?LIMUL)
  C:\KEIL_V5\C51\LIB\C51L.LIB (?C?PLDIDATA)
  C:\KEIL_V5\C51\LIB\C51L.LIB (?C?PLDPDATA)
  C:\KEIL_V5\C51\LIB\C51L.LIB (?C?PLDCODE)

BL51 BANKED LINKER/LOCATER V6.22.4.0                                                  01/29/2026  18:01:53  PAGE 2



LINK MAP OF MODULE:  .\Release\Objects\Demo (?C_STARTUP)


            TYPE    BASE      LENGTH    RELOCATION   SEGMENT NAME
            -----------------------------------------------------

            * * * * * * *   D A T A   M E M O R Y   * * * * * * *
            REG     0000H     0008H     ABSOLUTE     "REG BANK 0"
                    0008H     0018H                  *** GAP ***
            BIT     0020H.0   0000H.2   UNIT         ?BI?ADC
            BIT     0020H.2   0000H.2   UNIT         ?BI?TIMER2
            BIT     0020H.4   0000H.2   UNIT         ?BI?RF_RECV
            BIT     0020H.6   0000H.2   UNIT         ?BI?ENGINE
            BIT     0021H.0   0000H.2   UNIT         ?BI?POWER_ON
            BIT     0021H.2   0000H.1   UNIT         ?BI?PWM
            BIT     0021H.3   0000H.1   UNIT         ?BI?KNOB_DIMMING
                    0021H.4   0000H.4                *** GAP ***
            IDATA   0022H     0001H     UNIT         ?STACK

            * * * * * * *  X D A T A   M E M O R Y  * * * * * * *
                    0000H     6000H                  *** GAP ***
            XDATA   6000H     0268H     UNIT         ?XD?ENGINE
            XDATA   6268H     005FH     UNIT         ?XD?RF_RECV
            XDATA   62C7H     0038H     UNIT         ?XD?ADC
            XDATA   62FFH     0012H     UNIT         ?XD?PWM
            XDATA   6311H     000FH     UNIT         ?XD?TIMER2
            XDATA   6320H     000AH     UNIT         _XDATA_GROUP_
            XDATA   632AH     0006H     UNIT         ?XD?TIME0
            XDATA   6330H     0004H     UNIT         ?XD?TIMER1
            XDATA   6334H     0004H     UNIT         ?XD?KEY_DRIVER
            XDATA   6338H     0004H     UNIT         ?XD?POWER_ON
            XDATA   633CH     0002H     UNIT         ?XD?KNOB_DIMMING
            XDATA   633EH     0002H     UNIT         ?XD?TIMER3

            * * * * * * *   C O D E   M E M O R Y   * * * * * * *
            CODE    0000H     0003H     ABSOLUTE     
            CODE    0003H     000CH     ABSOLUTE     
            CODE    000FH     000EH     UNIT         ?PR?PWM_CHANNEL_0_DISABLE?PWM
                    001DH     0001H                  *** GAP ***
            CODE    001EH     0003H     ABSOLUTE     
            CODE    0021H     0003H     ABSOLUTE     
            CODE    0024H     0003H     ABSOLUTE     
            CODE    0027H     0003H     ABSOLUTE     
            CODE    002AH     0018H     UNIT         ?PR?_DELAY_MS?SYSTEM
            CODE    0042H     0003H     ABSOLUTE     
            CODE    0045H     0349H     UNIT         ?C?LIB_CODE
            CODE    038EH     02CAH     UNIT         ?PR?ACCORDING_PIN9_TO_ADJUST_PWM?ENGINE
            CODE    0658H     028CH     UNIT         ?PR?RF_KEY_HANDLE?RF_RECV
            CODE    08E4H     024BH     UNIT         ?PR?TIMR2_IRQHANDLER?TIMER2
            CODE    0B2FH     0199H     UNIT         ?C_INITSEG
            CODE    0CC8H     0193H     UNIT         ?PR?_KEY_DRIVER_SCAN?KEY_DRIVER
            CODE    0E5BH     0138H     UNIT         ?PR?ADC_IRQHANDLER?ADC
            CODE    0F93H     010AH     UNIT         ?PR?UPDATE_MAX_PWM_DUTY_COEFFICIENT?KNOB_DIMMING
            CODE    109DH     00FDH     UNIT         ?PR?TIMR3_IRQHANDLER?TIMER3
            CODE    119AH     00DCH     UNIT         ?PR?POWER_ON_HANDLE?POWER_ON
            CODE    1276H     00D7H     UNIT         ?PR?RF_RECV
BL51 BANKED LINKER/LOCATER V6.22.4.0                                                  01/29/2026  18:01:53  PAGE 3


            CODE    134DH     00CFH     UNIT         ?PR?SYSTEM_INIT?SYSTEM
            CODE    141CH     00BFH     UNIT         ?PR?TEMPERATURE_SCAN?ADC
            CODE    14DBH     00B4H     UNIT         ?PR?TIMR0_IRQHANDLER?TIME0
            CODE    158FH     00A8H     UNIT         ?PR?PWM_INIT?PWM
            CODE    1637H     009BH     UNIT         ?PR?RF_KEY_GET_KEY_ID?RF_RECV
            CODE    16D2H     0091H     UNIT         ?PR?MAIN?MAIN
            CODE    1763H     008CH     UNIT         ?C_C51STARTUP
            CODE    17EFH     0087H     UNIT         ?PR?___RF_KEY_GET_EVENT?RF_RECV
            CODE    1876H     007DH     UNIT         ?PR?_GET_PWM_CHANNEL_X_ADJUST_DUTY?PWM
            CODE    18F3H     007BH     UNIT         ?PR?ENGINE
            CODE    196EH     005FH     UNIT         ?PR?TIMER2
            CODE    19CDH     004FH     UNIT         ?PR?TIMR1_IRQHANDLER?TIMER1
            CODE    1A1CH     0049H     UNIT         ?PR?_ADC_CHANNEL_SEL?ADC
            CODE    1A65H     0045H     UNIT         ?PR?___SUB_FUN_RF_KEY_GET_EVENT?RF_RECV
            CODE    1AAAH     003FH     UNIT         ?PR?ADC
            CODE    1AE9H     003EH     UNIT         ?PR?FAN_SCAN?ADC
            CODE    1B27H     003CH     UNIT         ?PR?TMR1_CONFIG?TIMER1
            CODE    1B63H     0037H     UNIT         ?PR?_FLASH_PROGRAM?FLASH
            CODE    1B9AH     0034H     UNIT         ?PR?RF_RECV_INIT?RF_RECV
            CODE    1BCEH     0034H     UNIT         ?PR?_FLASH_READ?FLASH
            CODE    1C02H     0032H     UNIT         ?PR?SET_DUTY?ADC
            CODE    1C34H     002DH     UNIT         ?PR?ADC_PIN_CONFIG?ADC
            CODE    1C61H     0024H     UNIT         ?PR?FAN_CTL?FAN_CTL
            CODE    1C85H     0021H     UNIT         ?PR?KEY_DRIVER
            CODE    1CA6H     0021H     UNIT         ?PR?TIMER3_CONFIG?TIMER3
            CODE    1CC7H     0020H     UNIT         ?PR?TIMER2_CONFIG?TIMER2
            CODE    1CE7H     0020H     UNIT         ?PR?KNOB_DIMMING
            CODE    1D07H     001BH     UNIT         ?PR?TMR0_CONFIG?TIME0
            CODE    1D22H     0018H     UNIT         ?PR?GET_VOLTAGE_FROM_PIN?ADC
            CODE    1D3AH     0015H     UNIT         ?PR?PWM
            CODE    1D4FH     0015H     UNIT         ?PR?POWER_ON
            CODE    1D64H     0012H     UNIT         ?PR?ADC_CONFIG?ADC
            CODE    1D76H     0012H     UNIT         ?PR?FAN_CTL_CONFIG?FAN_CTL
            CODE    1D88H     0011H     UNIT         ?PR?_FLASH_ERASE_SECTOR?FLASH
            CODE    1D99H     0010H     UNIT         ?PR?TMR1_DISABLE?TIMER1
            CODE    1DA9H     000EH     UNIT         ?PR?PWM_CHANNEL_1_DISABLE?PWM
            CODE    1DB7H     000DH     UNIT         ?PR?PWM_CHANNEL_0_ENABLE?PWM
            CODE    1DC4H     000DH     UNIT         ?PR?PWM_CHANNEL_1_ENABLE?PWM
            CODE    1DD1H     000CH     UNIT         ?PR?GET_PWM_CHANNEL_0_STATUS?PWM
            CODE    1DDDH     000CH     UNIT         ?PR?GET_PWM_CHANNEL_1_STATUS?PWM
            CODE    1DE9H     000CH     UNIT         ?PR?TMR1_ENABLE?TIMER1
            CODE    1DF5H     000BH     UNIT         ?PR?_DELAY?SYSTEM
            CODE    1E00H     0009H     UNIT         ?PR?_SET_PWM_CHANNEL_0_DUTY?PWM
            CODE    1E09H     0009H     UNIT         ?PR?_SET_PWM_CHANNEL_1_DUTY?PWM
            CODE    1E12H     0008H     UNIT         ?PR?MAIN
            CODE    1E1AH     0008H     UNIT         ?PR?TIMER1
            CODE    1E22H     0007H     UNIT         ?PR?TIME0
            CODE    1E29H     0007H     UNIT         ?PR?TIMER3



OVERLAY MAP OF MODULE:   .\Release\Objects\Demo (?C_STARTUP)


SEGMENT                                            XDATA_GROUP
  +--> CALLED SEGMENT                            START    LENGTH
----------------------------------------------------------------
BL51 BANKED LINKER/LOCATER V6.22.4.0                                                  01/29/2026  18:01:53  PAGE 4


?C_C51STARTUP                                    -----    -----
  +--> ?PR?MAIN?MAIN
  +--> ?C_INITSEG

?PR?MAIN?MAIN                                    -----    -----
  +--> ?PR?SYSTEM_INIT?SYSTEM
  +--> ?PR?ADC_PIN_CONFIG?ADC
  +--> ?PR?ADC_CONFIG?ADC
  +--> ?PR?TMR0_CONFIG?TIME0
  +--> ?PR?PWM_INIT?PWM
  +--> ?PR?TMR1_CONFIG?TIMER1
  +--> ?PR?TIMER2_CONFIG?TIMER2
  +--> ?PR?TIMER3_CONFIG?TIMER3
  +--> ?PR?RF_RECV_INIT?RF_RECV
  +--> ?PR?FAN_CTL_CONFIG?FAN_CTL
  +--> ?PR?MAIN
  +--> ?PR?POWER_ON_HANDLE?POWER_ON
  +--> ?PR?UPDATE_MAX_PWM_DUTY_COEFFICIENT?K...
  +--> ?PR?TEMPERATURE_SCAN?ADC
  +--> ?PR?FAN_SCAN?ADC
  +--> ?PR?SET_DUTY?ADC
  +--> ?PR?_KEY_DRIVER_SCAN?KEY_DRIVER
  +--> ?PR?RF_KEY_HANDLE?RF_RECV
  +--> ?PR?_GET_PWM_CHANNEL_X_ADJUST_DUTY?PWM
  +--> ?PR?FAN_CTL?FAN_CTL

?PR?SYSTEM_INIT?SYSTEM                           -----    -----
  +--> ?PR?_DELAY?SYSTEM
  +--> ?PR?_DELAY_MS?SYSTEM

?PR?_DELAY_MS?SYSTEM                             -----    -----
  +--> ?PR?_DELAY?SYSTEM

?PR?ADC_CONFIG?ADC                               -----    -----
  +--> ?PR?_DELAY_MS?SYSTEM

?PR?TMR1_CONFIG?TIMER1                           -----    -----
  +--> ?PR?TIMER1

?PR?RF_RECV_INIT?RF_RECV                         -----    -----
  +--> ?PR?RF_RECV
  +--> ?PR?_FLASH_READ?FLASH

?PR?_FLASH_READ?FLASH                            6320H    0005H

?PR?POWER_ON_HANDLE?POWER_ON                     -----    -----
  +--> ?PR?UPDATE_MAX_PWM_DUTY_COEFFICIENT?K...
  +--> ?PR?POWER_ON
  +--> ?PR?_SET_PWM_CHANNEL_0_DUTY?PWM
  +--> ?PR?_SET_PWM_CHANNEL_1_DUTY?PWM

?PR?UPDATE_MAX_PWM_DUTY_COEFFICIENT?K...         6320H    0002H
  +--> ?PR?KNOB_DIMMING

?PR?_SET_PWM_CHANNEL_0_DUTY?PWM                  -----    -----
  +--> ?PR?PWM

BL51 BANKED LINKER/LOCATER V6.22.4.0                                                  01/29/2026  18:01:53  PAGE 5


?PR?_SET_PWM_CHANNEL_1_DUTY?PWM                  -----    -----
  +--> ?PR?PWM

?PR?TEMPERATURE_SCAN?ADC                         6320H    0004H
  +--> ?PR?GET_VOLTAGE_FROM_PIN?ADC
  +--> ?PR?ADC
  +--> ?PR?TMR1_ENABLE?TIMER1
  +--> ?PR?TMR1_DISABLE?TIMER1

?PR?TMR1_ENABLE?TIMER1                           -----    -----
  +--> ?PR?TIMER1

?PR?TMR1_DISABLE?TIMER1                          -----    -----
  +--> ?PR?TIMER1

?PR?SET_DUTY?ADC                                 -----    -----
  +--> ?PR?ACCORDING_PIN9_TO_ADJUST_PWM?ENGINE

?PR?ACCORDING_PIN9_TO_ADJUST_PWM?ENGINE          6320H    0008H
  +--> ?PR?ENGINE

?PR?_KEY_DRIVER_SCAN?KEY_DRIVER                  6320H    0002H
  +--> ?PR?KEY_DRIVER

?PR?RF_KEY_HANDLE?RF_RECV                        6320H    0001H
  +--> ?PR?___RF_KEY_GET_EVENT?RF_RECV
  +--> ?PR?_FLASH_ERASE_SECTOR?FLASH
  +--> ?PR?RF_RECV
  +--> ?PR?_FLASH_PROGRAM?FLASH
  +--> ?PR?GET_PWM_CHANNEL_0_STATUS?PWM
  +--> ?PR?GET_PWM_CHANNEL_1_STATUS?PWM

?PR?___RF_KEY_GET_EVENT?RF_RECV                  6321H    0004H
  +--> ?PR?RF_RECV
  +--> ?PR?___SUB_FUN_RF_KEY_GET_EVENT?RF_RECV

?PR?___SUB_FUN_RF_KEY_GET_EVENT?RF_RECV          -----    -----
  +--> ?PR?RF_RECV

?PR?_FLASH_PROGRAM?FLASH                         6321H    0005H

?PR?_GET_PWM_CHANNEL_X_ADJUST_DUTY?PWM           6320H    0002H
  +--> ?PR?PWM

?C_INITSEG                                       -----    -----
  +--> ?PR?RF_KEY_GET_KEY_ID?RF_RECV

?PR?RF_KEY_GET_KEY_ID?RF_RECV                    6320H    0001H
  +--> ?PR?RF_RECV

*** NEW ROOT ***************************************************

?PR?ADC_IRQHANDLER?ADC                           6328H    0002H
  +--> ?PR?ADC

*** NEW ROOT ***************************************************

BL51 BANKED LINKER/LOCATER V6.22.4.0                                                  01/29/2026  18:01:53  PAGE 6


?PR?TIMR0_IRQHANDLER?TIME0                       -----    -----
  +--> ?PR?TIME0

*** NEW ROOT ***************************************************

?PR?TIMR2_IRQHANDLER?TIMER2                      -----    -----
  +--> ?PR?TIMER2
  +--> ?PR?_SET_PWM_CHANNEL_0_DUTY?PWM
  +--> ?PR?_SET_PWM_CHANNEL_1_DUTY?PWM
  +--> ?PR?PWM_CHANNEL_0_DISABLE?PWM
  +--> ?PR?PWM_CHANNEL_0_ENABLE?PWM
  +--> ?PR?PWM_CHANNEL_1_DISABLE?PWM
  +--> ?PR?PWM_CHANNEL_1_ENABLE?PWM

*** NEW ROOT ***************************************************

?PR?TIMR3_IRQHANDLER?TIMER3                      -----    -----
  +--> ?PR?_ADC_CHANNEL_SEL?ADC
  +--> ?PR?TIMER3

?PR?_ADC_CHANNEL_SEL?ADC                         -----    -----
  +--> ?PR?ADC



SYMBOL TABLE OF MODULE:  .\Release\Objects\Demo (?C_STARTUP)

  VALUE           TYPE          NAME
  ----------------------------------

  -------         MODULE        ?C_STARTUP
  C:1763H         SEGMENT       ?C_C51STARTUP
  I:0022H         SEGMENT       ?STACK
  C:0000H         PUBLIC        ?C_STARTUP
  D:00E0H         SYMBOL        ACC
  D:00F0H         SYMBOL        B
  D:0083H         SYMBOL        DPH
  D:0082H         SYMBOL        DPL
  N:0000H         SYMBOL        IBPSTACK
  N:0100H         SYMBOL        IBPSTACKTOP
  N:0080H         SYMBOL        IDATALEN
  C:1766H         SYMBOL        IDATALOOP
  N:0000H         SYMBOL        PBPSTACK
  N:0100H         SYMBOL        PBPSTACKTOP
  N:0000H         SYMBOL        PDATALEN
  N:0000H         SYMBOL        PDATASTART
  N:0000H         SYMBOL        PPAGE
  N:0000H         SYMBOL        PPAGEENABLE
  D:00A0H         SYMBOL        PPAGE_SFR
  D:0081H         SYMBOL        SP
  C:1763H         SYMBOL        STARTUP1
  N:0000H         SYMBOL        XBPSTACK
  N:0000H         SYMBOL        XBPSTACKTOP
  N:0000H         SYMBOL        XDATALEN
  N:0000H         SYMBOL        XDATASTART
  C:0000H         LINE#         126
  C:1763H         LINE#         133
BL51 BANKED LINKER/LOCATER V6.22.4.0                                                  01/29/2026  18:01:53  PAGE 7


  C:1765H         LINE#         134
  C:1766H         LINE#         135
  C:1767H         LINE#         136
  C:1769H         LINE#         185
  C:176CH         LINE#         196
  -------         ENDMOD        ?C_STARTUP

  -------         MODULE        SYSTEM
  C:0000H         SYMBOL        _ICE_DUMMY_
  D:00A7H         PUBLIC        FLASH_TIMEREG0
  C:1DF5H         PUBLIC        _delay
  D:00ACH         PUBLIC        FLASH_TIMEREG1
  C:134DH         PUBLIC        system_init
  C:002AH         PUBLIC        _delay_ms
  -------         PROC          _DELAY
  D:0006H         SYMBOL        cnt
  C:1DF5H         LINE#         37
  C:1DF5H         LINE#         38
  C:1DF5H         LINE#         39
  C:1DFFH         LINE#         40
  C:1DFFH         LINE#         41
  C:1DFFH         LINE#         42
  -------         ENDPROC       _DELAY
  -------         PROC          _DELAY_MS
  D:0002H         SYMBOL        ms
  C:002AH         LINE#         49
  C:002EH         LINE#         50
  C:002EH         LINE#         51
  C:0038H         LINE#         52
  C:0038H         LINE#         53
  C:003FH         LINE#         54
  C:0041H         LINE#         55
  -------         ENDPROC       _DELAY_MS
  -------         PROC          SYSTEM_INIT
  -------         DO            
  D:0007H         SYMBOL        i
  -------         ENDDO         
  C:134DH         LINE#         62
  C:134DH         LINE#         63
  C:134DH         LINE#         66
  C:1354H         LINE#         67
  C:1361H         LINE#         68
  C:1364H         LINE#         69
  C:1367H         LINE#         70
  C:136DH         LINE#         71
  C:1373H         LINE#         72
  C:1379H         LINE#         76
  C:137BH         LINE#         77
  C:137BH         LINE#         78
  C:1388H         LINE#         79
  C:138DH         LINE#         81
  C:141BH         LINE#         82
  -------         ENDPROC       SYSTEM_INIT
  -------         ENDMOD        SYSTEM

  -------         MODULE        MAIN
  C:0000H         SYMBOL        _ICE_DUMMY_
BL51 BANKED LINKER/LOCATER V6.22.4.0                                                  01/29/2026  18:01:53  PAGE 8


  C:16D2H         PUBLIC        main
  B:0090H.4       PUBLIC        P14
  D:00D9H         PUBLIC        WDT_KEY
  C:1E12H         SYMBOL        Com0005
  C:1E12H         SYMBOL        L?0006
  C:1E12H         SYMBOL        L?0007
  -------         PROC          COM0005
  -------         ENDPROC       COM0005
  -------         PROC          MAIN
  C:16D2H         LINE#         100
  C:16D2H         LINE#         101
  C:16D2H         LINE#         103
  C:16D5H         LINE#         105
  C:16D8H         LINE#         108
  C:16DBH         LINE#         109
  C:16E2H         LINE#         110
  C:16E5H         LINE#         155
  C:16E8H         LINE#         156
  C:16EBH         LINE#         158
  C:16EEH         LINE#         159
  C:16F1H         LINE#         160
  C:16F4H         LINE#         162
  C:16F7H         LINE#         163
  C:16FAH         LINE#         165
  C:16FDH         LINE#         166
  C:1700H         LINE#         169
  C:1706H         LINE#         170
  C:170CH         LINE#         171
  C:1712H         LINE#         172
  C:1718H         LINE#         237
  C:171BH         LINE#         245
  C:171BH         LINE#         246
  C:171BH         LINE#         248
  C:171EH         LINE#         249
  C:1721H         LINE#         250
  C:1724H         LINE#         251
  C:1727H         LINE#         254
  C:1729H         LINE#         256
  C:172CH         LINE#         257
  C:172CH         LINE#         258
  C:1735H         LINE#         259
  C:1738H         LINE#         260
  C:1738H         LINE#         262
  C:1738H         LINE#         264
  C:174BH         LINE#         265
  C:175EH         LINE#         266
  C:175EH         LINE#         269
  C:1761H         LINE#         271
  -------         ENDPROC       MAIN
  -------         ENDMOD        MAIN

  -------         MODULE        PWM
  C:0000H         SYMBOL        _ICE_DUMMY_
  C:1876H         PUBLIC        _get_pwm_channel_x_adjust_duty
  X:62FFH         PUBLIC        expect_adjust_pwm_channel_0_duty
  X:6301H         PUBLIC        expect_adjust_pwm_channel_1_duty
  B:0090H.5       PUBLIC        P15
BL51 BANKED LINKER/LOCATER V6.22.4.0                                                  01/29/2026  18:01:53  PAGE 9


  B:0090H.6       PUBLIC        P16
  X:6303H         PUBLIC        adjust_pwm_channel_0_duty
  X:6305H         PUBLIC        adjust_pwm_channel_1_duty
  X:6307H         PUBLIC        limited_pwm_duty_due_to_temp
  C:1DD1H         PUBLIC        get_pwm_channel_0_status
  C:1DDDH         PUBLIC        get_pwm_channel_1_status
  X:6309H         PUBLIC        limited_pwm_duty_due_to_unstable_engine
  C:000FH         PUBLIC        pwm_channel_0_disable
  C:1DA9H         PUBLIC        pwm_channel_1_disable
  B:0021H.2       PUBLIC        flag_is_time_to_limit_pwm
  C:158FH         PUBLIC        pwm_init
  C:1DB7H         PUBLIC        pwm_channel_0_enable
  C:1DC4H         PUBLIC        pwm_channel_1_enable
  X:630BH         PUBLIC        limited_pwm_duty_due_to_fan_err
  X:630DH         PUBLIC        cur_pwm_channel_0_duty
  X:630FH         PUBLIC        cur_pwm_channel_1_duty
  C:1E00H         PUBLIC        _set_pwm_channel_0_duty
  C:1E09H         PUBLIC        _set_pwm_channel_1_duty
  C:1D3AH         SYMBOL        Com0013
  C:1D3AH         SYMBOL        L?0020
  C:1D45H         SYMBOL        L?0021
  -------         PROC          COM0013
  -------         ENDPROC       COM0013
  -------         PROC          PWM_INIT
  C:158FH         LINE#         21
  C:158FH         LINE#         22
  C:158FH         LINE#         23
  C:1595H         LINE#         26
  C:1599H         LINE#         27
  C:159EH         LINE#         28
  C:15A2H         LINE#         29
  C:15A6H         LINE#         30
  C:15A8H         LINE#         31
  C:15AEH         LINE#         33
  C:15B4H         LINE#         34
  C:15BAH         LINE#         35
  C:15C0H         LINE#         36
  C:15C6H         LINE#         37
  C:15CCH         LINE#         39
  C:15D2H         LINE#         40
  C:15D6H         LINE#         41
  C:15DAH         LINE#         42
  C:15DEH         LINE#         43
  C:15E3H         LINE#         44
  C:15E9H         LINE#         47
  C:15EFH         LINE#         49
  C:15F3H         LINE#         50
  C:15F8H         LINE#         51
  C:15FCH         LINE#         52
  C:1600H         LINE#         53
  C:1602H         LINE#         54
  C:1608H         LINE#         56
  C:160EH         LINE#         57
  C:1614H         LINE#         58
  C:161AH         LINE#         59
  C:1620H         LINE#         60
  C:1626H         LINE#         67
BL51 BANKED LINKER/LOCATER V6.22.4.0                                                  01/29/2026  18:01:53  PAGE 10


  C:162CH         LINE#         68
  C:1630H         LINE#         69
  C:1636H         LINE#         71
  -------         ENDPROC       PWM_INIT
  -------         PROC          _SET_PWM_CHANNEL_0_DUTY
  D:0004H         SYMBOL        channel_duty
  C:1E00H         LINE#         74
  C:1E00H         LINE#         75
  C:1E00H         LINE#         76
  C:1E02H         LINE#         77
  C:1E02H         LINE#         78
  C:1E08H         LINE#         79
  -------         ENDPROC       _SET_PWM_CHANNEL_0_DUTY
  -------         PROC          _SET_PWM_CHANNEL_1_DUTY
  D:0004H         SYMBOL        channel_duty
  C:1E09H         LINE#         82
  C:1E09H         LINE#         83
  C:1E09H         LINE#         84
  C:1E0BH         LINE#         85
  C:1E0BH         LINE#         86
  C:1E11H         LINE#         87
  -------         ENDPROC       _SET_PWM_CHANNEL_1_DUTY
  -------         PROC          GET_PWM_CHANNEL_0_STATUS
  C:1DD1H         LINE#         108
  C:1DD1H         LINE#         109
  C:1DD1H         LINE#         110
  C:1DD7H         LINE#         111
  C:1DD7H         LINE#         112
  C:1DDAH         LINE#         113
  C:1DDAH         LINE#         115
  C:1DDAH         LINE#         116
  C:1DDCH         LINE#         117
  C:1DDCH         LINE#         118
  -------         ENDPROC       GET_PWM_CHANNEL_0_STATUS
  -------         PROC          GET_PWM_CHANNEL_1_STATUS
  C:1DDDH         LINE#         125
  C:1DDDH         LINE#         126
  C:1DDDH         LINE#         127
  C:1DE3H         LINE#         128
  C:1DE3H         LINE#         129
  C:1DE6H         LINE#         130
  C:1DE6H         LINE#         132
  C:1DE6H         LINE#         133
  C:1DE8H         LINE#         134
  C:1DE8H         LINE#         135
  -------         ENDPROC       GET_PWM_CHANNEL_1_STATUS
  -------         PROC          PWM_CHANNEL_0_ENABLE
  C:1DB7H         LINE#         137
  C:1DB7H         LINE#         138
  C:1DB7H         LINE#         140
  C:1DBDH         LINE#         141
  C:1DC3H         LINE#         142
  -------         ENDPROC       PWM_CHANNEL_0_ENABLE
  -------         PROC          PWM_CHANNEL_0_DISABLE
  C:000FH         LINE#         144
  C:000FH         LINE#         145
  C:000FH         LINE#         146
BL51 BANKED LINKER/LOCATER V6.22.4.0                                                  01/29/2026  18:01:53  PAGE 11


  C:0014H         LINE#         147
  C:0016H         LINE#         150
  C:001CH         LINE#         151
  -------         ENDPROC       PWM_CHANNEL_0_DISABLE
  -------         PROC          PWM_CHANNEL_1_ENABLE
  C:1DC4H         LINE#         153
  C:1DC4H         LINE#         154
  C:1DC4H         LINE#         156
  C:1DCAH         LINE#         161
  C:1DD0H         LINE#         163
  -------         ENDPROC       PWM_CHANNEL_1_ENABLE
  -------         PROC          PWM_CHANNEL_1_DISABLE
  C:1DA9H         LINE#         165
  C:1DA9H         LINE#         166
  C:1DA9H         LINE#         171
  C:1DAEH         LINE#         172
  C:1DB0H         LINE#         176
  C:1DB6H         LINE#         177
  -------         ENDPROC       PWM_CHANNEL_1_DISABLE
  -------         PROC          _GET_PWM_CHANNEL_X_ADJUST_DUTY
  D:0006H         SYMBOL        pwm_adjust_duty
  -------         DO            
  D:0004H         SYMBOL        tmp_pwm_duty
  X:6320H         SYMBOL        limited_pwm_duty_due_to_schedule
  -------         ENDDO         
  C:1876H         LINE#         190
  C:1876H         LINE#         191
  C:1876H         LINE#         194
  C:1876H         LINE#         195
  C:1880H         LINE#         197
  C:1883H         LINE#         198
  C:1883H         LINE#         204
  C:188DH         LINE#         205
  C:188DH         LINE#         207
  C:18B8H         LINE#         211
  C:18C5H         LINE#         212
  C:18C5H         LINE#         213
  C:18CAH         LINE#         214
  C:18CAH         LINE#         217
  C:18D7H         LINE#         218
  C:18D7H         LINE#         219
  C:18DCH         LINE#         220
  C:18DCH         LINE#         223
  C:18E9H         LINE#         224
  C:18E9H         LINE#         225
  C:18EEH         LINE#         226
  C:18EEH         LINE#         228
  C:18F2H         LINE#         229
  -------         ENDPROC       _GET_PWM_CHANNEL_X_ADJUST_DUTY
  -------         ENDMOD        PWM

  -------         MODULE        ADC
  C:0000H         SYMBOL        _ICE_DUMMY_
  X:62D3H         PUBLIC        adc_val_from_temp
  C:1D64H         PUBLIC        adc_config
  C:1A1CH         PUBLIC        _adc_channel_sel
  X:62D5H         PUBLIC        adc_engine_val_buff_index
BL51 BANKED LINKER/LOCATER V6.22.4.0                                                  01/29/2026  18:01:53  PAGE 12


  C:1C34H         PUBLIC        adc_pin_config
  X:62D6H         PUBLIC        adc_engine_val_buff
  D:0099H         PUBLIC        ADC_CHS0
  D:0093H         PUBLIC        ADC_DATAH0
  C:1AE9H         PUBLIC        fan_scan
  C:141CH         PUBLIC        temperature_scan
  D:00A8H         PUBLIC        IE0
  D:00A9H         PUBLIC        IE1
  X:62F6H         PUBLIC        adc_val_from_engine
  D:00AAH         PUBLIC        IE2
  X:62F8H         PUBLIC        temp_status
  D:0094H         PUBLIC        ADC_DATAL0
  D:00ABH         PUBLIC        IE3
  D:00B8H         PUBLIC        IP0
  D:00B1H         PUBLIC        IP1
  D:00B2H         PUBLIC        IP2
  D:00B3H         PUBLIC        IP3
  D:00B4H         PUBLIC        IP4
  D:00B5H         PUBLIC        IP5
  D:00B6H         PUBLIC        IP6
  B:0020H.1       PUBLIC        flag_tim_scan_fan_is_err
  D:00B7H         PUBLIC        IP7
  C:0E5BH         PUBLIC        ADC_IRQHandler
  C:1D22H         PUBLIC        get_voltage_from_pin
  X:62F9H         PUBLIC        cur_adc_status
  X:62FAH         PUBLIC        cur_fan_status
  X:62FBH         PUBLIC        adc_val_from_knob
  B:00A8H.7       PUBLIC        IE_EA
  C:1C02H         PUBLIC        set_duty
  X:62FDH         PUBLIC        adc_val_from_fan
  C:1AAAH         SYMBOL        Com0065
  C:1AAAH         SYMBOL        L?0102
  C:1AB0H         SYMBOL        L?0103
  C:1AB4H         SYMBOL        L?0104
  C:1ABCH         SYMBOL        L?0105
  C:1AC3H         SYMBOL        L?0106
  C:1ACCH         SYMBOL        L?0107
  C:1AD9H         SYMBOL        L?0108
  C:1AD9H         SYMBOL        L?0109
  C:1AE1H         SYMBOL        L?0110
  C:1AE1H         SYMBOL        L?0111
  -------         PROC          COM0065
  -------         ENDPROC       COM0065
  -------         PROC          ADC_PIN_CONFIG
  C:1C34H         LINE#         26
  C:1C34H         LINE#         27
  C:1C34H         LINE#         29
  C:1C3AH         LINE#         32
  C:1C40H         LINE#         35
  C:1C46H         LINE#         36
  C:1C4BH         LINE#         37
  C:1C50H         LINE#         40
  C:1C56H         LINE#         41
  C:1C5BH         LINE#         42
  C:1C60H         LINE#         43
  -------         ENDPROC       ADC_PIN_CONFIG
  -------         PROC          ADC_CONFIG
BL51 BANKED LINKER/LOCATER V6.22.4.0                                                  01/29/2026  18:01:53  PAGE 13


  C:1D64H         LINE#         45
  C:1D64H         LINE#         46
  C:1D64H         LINE#         47
  C:1D67H         LINE#         48
  C:1D69H         LINE#         49
  C:1D6FH         LINE#         51
  -------         ENDPROC       ADC_CONFIG
  -------         PROC          _ADC_CHANNEL_SEL
  D:0007H         SYMBOL        adc_sel_pin
  C:1A1CH         LINE#         54
  C:1A1CH         LINE#         55
  C:1A1CH         LINE#         57
  C:1A1FH         LINE#         58
  C:1A21H         LINE#         60
  C:1A30H         LINE#         61
  C:1A30H         LINE#         62
  C:1A30H         LINE#         63
  C:1A30H         LINE#         65
  C:1A37H         LINE#         66
  C:1A3AH         LINE#         68
  C:1A3DH         LINE#         71
  C:1A40H         LINE#         73
  C:1A40H         LINE#         74
  C:1A42H         LINE#         76
  C:1A42H         LINE#         77
  C:1A42H         LINE#         78
  C:1A42H         LINE#         79
  C:1A42H         LINE#         81
  C:1A45H         LINE#         84
  C:1A48H         LINE#         86
  C:1A48H         LINE#         87
  C:1A4AH         LINE#         89
  C:1A4AH         LINE#         90
  C:1A4AH         LINE#         91
  C:1A4AH         LINE#         92
  C:1A4AH         LINE#         94
  C:1A4DH         LINE#         98
  C:1A50H         LINE#         100
  C:1A50H         LINE#         101
  C:1A52H         LINE#         103
  C:1A52H         LINE#         104
  C:1A52H         LINE#         105
  C:1A58H         LINE#         106
  C:1A58H         LINE#         108
  C:1A5BH         LINE#         112
  C:1A5EH         LINE#         114
  C:1A5EH         LINE#         115
  C:1A5EH         LINE#         117
  C:1A5EH         LINE#         118
  C:1A5EH         LINE#         119
  C:1A5EH         LINE#         121
  C:1A64H         LINE#         123
  -------         ENDPROC       _ADC_CHANNEL_SEL
  -------         PROC          GET_VOLTAGE_FROM_PIN
  C:1D22H         LINE#         126
  C:1D22H         LINE#         127
  C:1D22H         LINE#         128
BL51 BANKED LINKER/LOCATER V6.22.4.0                                                  01/29/2026  18:01:53  PAGE 14


  -------         ENDPROC       GET_VOLTAGE_FROM_PIN
  -------         PROC          TEMPERATURE_SCAN
  -------         DO            
  X:6320H         SYMBOL        voltage
  -------         DO            
  X:62C7H         SYMBOL        cnt
  X:62C8H         SYMBOL        cnt
  -------         ENDDO         
  -------         DO            
  X:62C8H         SYMBOL        cnt
  -------         ENDDO         
  -------         DO            
  B:0020H.0       SYMBOL        tmr1_is_open
  -------         DO            
  X:62C9H         SYMBOL        cnt
  -------         ENDDO         
  -------         ENDDO         
  -------         ENDDO         
  C:141CH         LINE#         132
  C:141CH         LINE#         133
  C:141CH         LINE#         134
  C:1426H         LINE#         137
  C:1431H         LINE#         138
  C:1431H         LINE#         140
  C:1431H         LINE#         142
  C:1431H         LINE#         145
  C:1437H         LINE#         146
  C:1440H         LINE#         147
  C:1440H         LINE#         149
  C:1440H         LINE#         151
  C:1442H         LINE#         152
  C:1442H         LINE#         154
  C:144BH         LINE#         162
  C:1451H         LINE#         163
  C:1451H         LINE#         166
  C:1456H         LINE#         167
  C:1456H         LINE#         168
  C:145CH         LINE#         169
  C:145EH         LINE#         171
  C:145EH         LINE#         172
  C:1463H         LINE#         173
  C:1463H         LINE#         175
  C:146DH         LINE#         176
  C:146DH         LINE#         177
  C:146EH         LINE#         179
  C:1473H         LINE#         180
  C:1474H         LINE#         182
  C:1474H         LINE#         183
  C:1478H         LINE#         184
  C:1479H         LINE#         187
  C:1479H         LINE#         188
  C:1481H         LINE#         189
  C:1481H         LINE#         193
  C:1484H         LINE#         194
  C:1484H         LINE#         195
  C:1486H         LINE#         196
  C:1490H         LINE#         197
BL51 BANKED LINKER/LOCATER V6.22.4.0                                                  01/29/2026  18:01:53  PAGE 15


  C:1493H         LINE#         198
  C:1493H         LINE#         201
  C:14A0H         LINE#         202
  C:14A0H         LINE#         205
  C:14A6H         LINE#         206
  C:14A6H         LINE#         207
  C:14ACH         LINE#         208
  C:14AEH         LINE#         210
  C:14AEH         LINE#         211
  C:14B3H         LINE#         212
  C:14B3H         LINE#         214
  C:14BCH         LINE#         215
  C:14BCH         LINE#         216
  C:14BEH         LINE#         217
  C:14C4H         LINE#         218
  C:14C7H         LINE#         219
  C:14D1H         LINE#         220
  C:14D3H         LINE#         221
  C:14D4H         LINE#         223
  C:14D4H         LINE#         224
  C:14DAH         LINE#         225
  C:14DAH         LINE#         228
  C:14DAH         LINE#         229
  C:14DAH         LINE#         230
  -------         ENDPROC       TEMPERATURE_SCAN
  -------         PROC          SET_DUTY
  C:1C02H         LINE#         233
  C:1C02H         LINE#         234
  C:1C02H         LINE#         236
  C:1C08H         LINE#         237
  C:1C08H         LINE#         238
  C:1C0BH         LINE#         239
  C:1C0BH         LINE#         240
  C:1C0DH         LINE#         241
  C:1C10H         LINE#         242
  C:1C10H         LINE#         243
  C:1C10H         LINE#         244
  C:1C17H         LINE#         245
  C:1C17H         LINE#         246
  C:1C21H         LINE#         247
  C:1C22H         LINE#         248
  C:1C29H         LINE#         249
  C:1C29H         LINE#         250
  C:1C33H         LINE#         251
  C:1C33H         LINE#         252
  -------         ENDPROC       SET_DUTY
  -------         PROC          FAN_SCAN
  -------         DO            
  D:0006H         SYMBOL        adc_val
  -------         ENDDO         
  C:1AE9H         LINE#         254
  C:1AE9H         LINE#         255
  C:1AE9H         LINE#         256
  C:1AF1H         LINE#         262
  C:1AF7H         LINE#         263
  C:1AF7H         LINE#         264
  C:1B00H         LINE#         265
BL51 BANKED LINKER/LOCATER V6.22.4.0                                                  01/29/2026  18:01:53  PAGE 16


  C:1B00H         LINE#         266
  C:1B02H         LINE#         267
  C:1B04H         LINE#         269
  C:1B04H         LINE#         271
  C:1B06H         LINE#         272
  C:1B06H         LINE#         275
  C:1B10H         LINE#         276
  C:1B11H         LINE#         278
  C:1B11H         LINE#         280
  C:1B1AH         LINE#         281
  C:1B1AH         LINE#         282
  C:1B1CH         LINE#         283
  C:1B1CH         LINE#         286
  C:1B26H         LINE#         287
  C:1B26H         LINE#         288
  -------         ENDPROC       FAN_SCAN
  -------         PROC          ADC_IRQHANDLER
  -------         DO            
  X:6328H         SYMBOL        adc_val
  -------         DO            
  X:62CAH         SYMBOL        i
  X:62CBH         SYMBOL        g_tmpbuff
  X:62CFH         SYMBOL        g_adcmax
  X:62D1H         SYMBOL        g_adcmin
  -------         ENDDO         
  -------         ENDDO         
  C:0E5BH         LINE#         290
  C:0E78H         LINE#         293
  C:0E78H         LINE#         296
  C:0E81H         LINE#         297
  C:0E81H         LINE#         298
  C:0E9BH         LINE#         299
  C:0E9FH         LINE#         301
  C:0EAAH         LINE#         302
  C:0EAAH         LINE#         310
  C:0EAFH         LINE#         311
  C:0EAFH         LINE#         312
  C:0EB2H         LINE#         314
  C:0EB8H         LINE#         315
  C:0EB8H         LINE#         316
  C:0EC4H         LINE#         317
  C:0ED0H         LINE#         318
  C:0EDCH         LINE#         319
  C:0EE8H         LINE#         320
  C:0F02H         LINE#         321
  C:0F02H         LINE#         323
  C:0F07H         LINE#         324
  C:0F0DH         LINE#         325
  C:0F0DH         LINE#         327
  C:0F12H         LINE#         328
  C:0F12H         LINE#         329
  C:0F23H         LINE#         330
  C:0F29H         LINE#         333
  C:0F2EH         LINE#         334
  C:0F34H         LINE#         335
  C:0F3CH         LINE#         336
  C:0F46H         LINE#         338
BL51 BANKED LINKER/LOCATER V6.22.4.0                                                  01/29/2026  18:01:53  PAGE 17


  C:0F46H         LINE#         339
  C:0F48H         LINE#         340
  C:0F4FH         LINE#         341
  C:0F4FH         LINE#         343
  C:0F55H         LINE#         345
  C:0F57H         LINE#         346
  C:0F5EH         LINE#         347
  C:0F5EH         LINE#         349
  C:0F64H         LINE#         351
  C:0F66H         LINE#         352
  C:0F6DH         LINE#         353
  C:0F6DH         LINE#         355
  C:0F78H         LINE#         357
  C:0F78H         LINE#         358
  C:0F78H         LINE#         361
  C:0F78H         LINE#         362
  -------         ENDPROC       ADC_IRQHANDLER
  -------         ENDMOD        ADC

  -------         MODULE        TIME0
  C:0000H         SYMBOL        _ICE_DUMMY_
  C:14DBH         PUBLIC        TIMR0_IRQHandler
  D:00D1H         PUBLIC        TMR_ALLCON
  D:00A8H         PUBLIC        IE0
  D:00A9H         PUBLIC        IE1
  D:00AAH         PUBLIC        IE2
  D:00ABH         PUBLIC        IE3
  D:00B8H         PUBLIC        IP0
  D:00B1H         PUBLIC        IP1
  D:00B2H         PUBLIC        IP2
  D:00B3H         PUBLIC        IP3
  D:00B4H         PUBLIC        IP4
  D:00B5H         PUBLIC        IP5
  D:00B6H         PUBLIC        IP6
  D:00B7H         PUBLIC        IP7
  C:1D07H         PUBLIC        tmr0_config
  B:00A8H.7       PUBLIC        IE_EA
  C:1E22H         SYMBOL        Com002E
  C:1E22H         SYMBOL        L?0047
  C:1E22H         SYMBOL        L?0048
  -------         PROC          COM002E
  -------         ENDPROC       COM002E
  -------         PROC          TMR0_CONFIG
  C:1D07H         LINE#         13
  C:1D07H         LINE#         14
  C:1D07H         LINE#         15
  C:1D0AH         LINE#         16
  C:1D0CH         LINE#         20
  C:1D0FH         LINE#         21
  C:1D14H         LINE#         22
  C:1D18H         LINE#         23
  C:1D1DH         LINE#         24
  C:1D21H         LINE#         25
  -------         ENDPROC       TMR0_CONFIG
  -------         PROC          TIMR0_IRQHANDLER
  -------         DO            
  X:632AH         SYMBOL        rf_learn_cnt
BL51 BANKED LINKER/LOCATER V6.22.4.0                                                  01/29/2026  18:01:53  PAGE 18


  X:632CH         SYMBOL        fan_normal_cnt
  X:632EH         SYMBOL        fan_err_cnt
  -------         ENDDO         
  -------         DO            
  X:632CH         SYMBOL        fan_normal_cnt
  X:632EH         SYMBOL        fan_err_cnt
  -------         ENDDO         
  C:14DBH         LINE#         58
  C:14EAH         LINE#         61
  C:14EAH         LINE#         66
  C:14F3H         LINE#         67
  C:14F3H         LINE#         68
  C:14F7H         LINE#         77
  C:14F9H         LINE#         79
  C:1502H         LINE#         80
  C:1502H         LINE#         81
  C:1505H         LINE#         82
  C:1505H         LINE#         84
  C:1505H         LINE#         87
  C:150EH         LINE#         88
  C:150EH         LINE#         89
  C:1514H         LINE#         90
  C:1523H         LINE#         91
  C:1523H         LINE#         92
  C:1527H         LINE#         93
  C:152BH         LINE#         94
  C:152BH         LINE#         95
  C:152DH         LINE#         97
  C:152DH         LINE#         98
  C:1534H         LINE#         99
  C:1534H         LINE#         100
  C:1534H         LINE#         102
  C:1534H         LINE#         106
  C:1537H         LINE#         107
  C:1537H         LINE#         108
  C:153DH         LINE#         109
  C:1544H         LINE#         111
  C:1553H         LINE#         112
  C:1553H         LINE#         113
  C:1557H         LINE#         114
  C:155CH         LINE#         115
  C:155CH         LINE#         116
  C:155EH         LINE#         118
  C:155EH         LINE#         119
  C:1564H         LINE#         120
  C:156BH         LINE#         122
  C:157AH         LINE#         123
  C:157AH         LINE#         124
  C:157EH         LINE#         125
  C:1582H         LINE#         126
  C:1582H         LINE#         127
  C:1582H         LINE#         128
  C:1582H         LINE#         129
  C:1582H         LINE#         132
  C:1582H         LINE#         133
  -------         ENDPROC       TIMR0_IRQHANDLER
  -------         ENDMOD        TIME0
BL51 BANKED LINKER/LOCATER V6.22.4.0                                                  01/29/2026  18:01:53  PAGE 19



  -------         MODULE        DEBUG
  C:0000H         SYMBOL        _ICE_DUMMY_
  -------         ENDMOD        DEBUG

  -------         MODULE        TIMER1
  C:0000H         SYMBOL        _ICE_DUMMY_
  C:19CDH         PUBLIC        TIMR1_IRQHandler
  X:6330H         PUBLIC        tmr1_cnt
  D:00A8H         PUBLIC        IE0
  C:1D99H         PUBLIC        tmr1_disable
  D:00A9H         PUBLIC        IE1
  D:00AAH         PUBLIC        IE2
  D:00ABH         PUBLIC        IE3
  D:00B8H         PUBLIC        IP0
  D:00B1H         PUBLIC        IP1
  D:00B2H         PUBLIC        IP2
  D:00B3H         PUBLIC        IP3
  D:00B4H         PUBLIC        IP4
  D:00B5H         PUBLIC        IP5
  D:00B6H         PUBLIC        IP6
  D:00B7H         PUBLIC        IP7
  C:1DE9H         PUBLIC        tmr1_enable
  C:1B27H         PUBLIC        tmr1_config
  B:00A8H.7       PUBLIC        IE_EA
  C:1E1AH         SYMBOL        Com004E
  C:1E1AH         SYMBOL        L?0079
  C:1E1AH         SYMBOL        L?0080
  -------         PROC          COM004E
  -------         ENDPROC       COM004E
  -------         PROC          TMR1_CONFIG
  C:1B27H         LINE#         11
  C:1B27H         LINE#         12
  C:1B27H         LINE#         13
  C:1B2DH         LINE#         15
  C:1B33H         LINE#         18
  C:1B37H         LINE#         19
  C:1B3BH         LINE#         20
  C:1B3FH         LINE#         22
  C:1B44H         LINE#         23
  C:1B48H         LINE#         26
  C:1B4DH         LINE#         27
  C:1B51H         LINE#         30
  C:1B55H         LINE#         31
  C:1B57H         LINE#         33
  C:1B57H         LINE#         35
  C:1B5DH         LINE#         38
  C:1B60H         LINE#         39
  C:1B62H         LINE#         40
  -------         ENDPROC       TMR1_CONFIG
  -------         PROC          TMR1_ENABLE
  C:1DE9H         LINE#         45
  C:1DE9H         LINE#         46
  C:1DE9H         LINE#         48
  C:1DE9H         LINE#         49
  C:1DEFH         LINE#         51
  C:1DF2H         LINE#         52
BL51 BANKED LINKER/LOCATER V6.22.4.0                                                  01/29/2026  18:01:53  PAGE 20


  C:1DF4H         LINE#         53
  -------         ENDPROC       TMR1_ENABLE
  -------         PROC          TMR1_DISABLE
  C:1D99H         LINE#         58
  C:1D99H         LINE#         59
  C:1D99H         LINE#         61
  C:1D99H         LINE#         62
  C:1D9FH         LINE#         65
  C:1DA3H         LINE#         66
  C:1DA5H         LINE#         68
  C:1DA8H         LINE#         69
  -------         ENDPROC       TMR1_DISABLE
  -------         PROC          TIMR1_IRQHANDLER
  C:19CDH         LINE#         72
  C:19E4H         LINE#         75
  C:19E4H         LINE#         80
  C:19EAH         LINE#         81
  C:19EAH         LINE#         82
  C:19EEH         LINE#         86
  C:1A07H         LINE#         87
  C:1A07H         LINE#         90
  C:1A07H         LINE#         91
  -------         ENDPROC       TIMR1_IRQHANDLER
  -------         ENDMOD        TIMER1

  -------         MODULE        TIMER2
  C:0000H         SYMBOL        _ICE_DUMMY_
  C:08E4H         PUBLIC        TIMR2_IRQHandler
  D:00D1H         PUBLIC        TMR_ALLCON
  B:0020H.2       PUBLIC        flag_is_pwm_add_time_comes
  X:631AH         SYMBOL        pwm_duty_add_cnt
  C:1CC7H         PUBLIC        timer2_config
  B:0080H.3       PUBLIC        P03
  D:00A8H         PUBLIC        IE0
  D:00A9H         PUBLIC        IE1
  D:00AAH         PUBLIC        IE2
  D:00ABH         PUBLIC        IE3
  B:0020H.3       PUBLIC        flag_is_pwm_sub_time_comes
  D:00B8H         PUBLIC        IP0
  D:00B1H         PUBLIC        IP1
  D:00B2H         PUBLIC        IP2
  D:00B3H         PUBLIC        IP3
  D:00B4H         PUBLIC        IP4
  D:00B5H         PUBLIC        IP5
  D:00B6H         PUBLIC        IP6
  D:00B7H         PUBLIC        IP7
  X:631CH         SYMBOL        pwm_duty_sub_cnt
  X:631EH         SYMBOL        pwm_duty_change_cnt
  B:00A8H.7       PUBLIC        IE_EA
  C:196EH         SYMBOL        Com004A
  C:196EH         SYMBOL        L?0075
  C:1977H         SYMBOL        L?0076
  C:1979H         SYMBOL        L?0077
  C:197FH         SYMBOL        L?0078
  C:197FH         SYMBOL        L?0079
  C:1988H         SYMBOL        L?0080
  C:1988H         SYMBOL        L?0081
BL51 BANKED LINKER/LOCATER V6.22.4.0                                                  01/29/2026  18:01:53  PAGE 21


  C:1991H         SYMBOL        L?0082
  C:1991H         SYMBOL        L?0083
  C:199AH         SYMBOL        L?0084
  C:199AH         SYMBOL        L?0085
  C:19A1H         SYMBOL        L?0086
  C:19ADH         SYMBOL        L?0087
  C:19B8H         SYMBOL        L?0088
  C:19C3H         SYMBOL        L?0089
  -------         PROC          COM004A
  -------         ENDPROC       COM004A
  -------         PROC          TIMER2_CONFIG
  C:1CC7H         LINE#         13
  C:1CC7H         LINE#         14
  C:1CC7H         LINE#         15
  C:1CCAH         LINE#         16
  C:1CCCH         LINE#         19
  C:1CCFH         LINE#         20
  C:1CD4H         LINE#         21
  C:1CDAH         LINE#         22
  C:1CE0H         LINE#         23
  C:1CE6H         LINE#         24
  -------         ENDPROC       TIMER2_CONFIG
  -------         PROC          TIMR2_IRQHANDLER
  -------         DO            
  X:6311H         SYMBOL        rf_bit_cnt
  X:6312H         SYMBOL        __rf_data
  X:6316H         SYMBOL        flag_is_enable_recv
  X:6317H         SYMBOL        __flag_is_recved_data
  X:6318H         SYMBOL        low_level_cnt
  X:6319H         SYMBOL        high_level_cnt
  -------         ENDDO         
  C:08E4H         LINE#         27
  C:0901H         LINE#         30
  C:0901H         LINE#         35
  C:090BH         LINE#         36
  C:090BH         LINE#         37
  C:090FH         LINE#         42
  C:0915H         LINE#         43
  C:091BH         LINE#         44
  C:0921H         LINE#         46
  C:0930H         LINE#         48
  C:0930H         LINE#         49
  C:0934H         LINE#         50
  C:0936H         LINE#         51
  C:0936H         LINE#         54
  C:0945H         LINE#         55
  C:0945H         LINE#         56
  C:0949H         LINE#         57
  C:094BH         LINE#         58
  C:094BH         LINE#         61
  C:094BH         LINE#         71
  C:094EH         LINE#         72
  C:094EH         LINE#         74
  C:0954H         LINE#         79
  C:0968H         LINE#         80
  C:0968H         LINE#         81
  C:0975H         LINE#         82
BL51 BANKED LINKER/LOCATER V6.22.4.0                                                  01/29/2026  18:01:53  PAGE 22


  C:0975H         LINE#         83
  C:0978H         LINE#         84
  C:097AH         LINE#         85
  C:0985H         LINE#         86
  C:0985H         LINE#         87
  C:0985H         LINE#         89
  C:0985H         LINE#         90
  C:0988H         LINE#         91
  C:0988H         LINE#         92
  C:098BH         LINE#         94
  C:098BH         LINE#         95
  C:0997H         LINE#         96
  C:0997H         LINE#         98
  C:099DH         LINE#         99
  C:099DH         LINE#         101
  C:09A7H         LINE#         102
  C:09A7H         LINE#         104
  C:09ACH         LINE#         105
  C:09AFH         LINE#         106
  C:09CFH         LINE#         109
  C:09CFH         LINE#         111
  C:09D2H         LINE#         112
  C:09D2H         LINE#         113
  C:09D7H         LINE#         114
  C:09D7H         LINE#         115
  C:09D7H         LINE#         116
  C:09D7H         LINE#         117
  C:09D9H         LINE#         118
  C:09F9H         LINE#         121
  C:09F9H         LINE#         123
  C:0A05H         LINE#         124
  C:0A05H         LINE#         125
  C:0A0AH         LINE#         126
  C:0A0AH         LINE#         127
  C:0A16H         LINE#         128
  C:0A16H         LINE#         129
  C:0A18H         LINE#         131
  C:0A18H         LINE#         133
  C:0A22H         LINE#         134
  C:0A22H         LINE#         135
  C:0A26H         LINE#         136
  C:0A26H         LINE#         138
  C:0A2BH         LINE#         139
  C:0A2DH         LINE#         141
  C:0A34H         LINE#         142
  C:0A34H         LINE#         144
  C:0A34H         LINE#         145
  C:0A37H         LINE#         146
  C:0A37H         LINE#         147
  C:0A39H         LINE#         149
  C:0A39H         LINE#         152
  C:0A3FH         LINE#         153
  C:0A3FH         LINE#         154
  C:0A49H         LINE#         155
  C:0A49H         LINE#         156
  C:0A4DH         LINE#         157
  C:0A4DH         LINE#         158
BL51 BANKED LINKER/LOCATER V6.22.4.0                                                  01/29/2026  18:01:53  PAGE 23


  C:0A4DH         LINE#         161
  C:0A53H         LINE#         162
  C:0A53H         LINE#         164
  C:0A59H         LINE#         165
  C:0A59H         LINE#         166
  C:0A5EH         LINE#         167
  C:0A62H         LINE#         168
  C:0A64H         LINE#         169
  C:0A66H         LINE#         173
  C:0A66H         LINE#         175
  C:0A72H         LINE#         176
  C:0A74H         LINE#         177
  C:0A74H         LINE#         182
  C:0A74H         LINE#         183
  C:0A74H         LINE#         191
  C:0A86H         LINE#         193
  C:0A86H         LINE#         195
  C:0A8AH         LINE#         197
  C:0A90H         LINE#         198
  C:0A90H         LINE#         202
  C:0A99H         LINE#         203
  C:0A99H         LINE#         204
  C:0AA0H         LINE#         205
  C:0AA2H         LINE#         206
  C:0AABH         LINE#         207
  C:0AABH         LINE#         208
  C:0AB5H         LINE#         209
  C:0AB5H         LINE#         214
  C:0ABEH         LINE#         215
  C:0ABEH         LINE#         216
  C:0AC5H         LINE#         217
  C:0AC7H         LINE#         218
  C:0AD0H         LINE#         219
  C:0AD0H         LINE#         220
  C:0ADAH         LINE#         221
  C:0ADAH         LINE#         223
  C:0AE0H         LINE#         224
  C:0AE6H         LINE#         226
  C:0AF5H         LINE#         227
  C:0AF5H         LINE#         229
  C:0AF8H         LINE#         230
  C:0AFAH         LINE#         232
  C:0AFAH         LINE#         233
  C:0AFDH         LINE#         234
  C:0AFDH         LINE#         236
  C:0B0CH         LINE#         237
  C:0B0CH         LINE#         239
  C:0B0FH         LINE#         240
  C:0B11H         LINE#         242
  C:0B11H         LINE#         243
  C:0B14H         LINE#         244
  C:0B14H         LINE#         246
  C:0B14H         LINE#         252
  C:0B14H         LINE#         254
  C:0B14H         LINE#         257
  C:0B14H         LINE#         258
  -------         ENDPROC       TIMR2_IRQHANDLER
BL51 BANKED LINKER/LOCATER V6.22.4.0                                                  01/29/2026  18:01:53  PAGE 24


  -------         ENDMOD        TIMER2

  -------         MODULE        KNOB_DIMMING
  C:0000H         SYMBOL        _ICE_DUMMY_
  X:633CH         PUBLIC        limited_max_pwm_duty
  C:0F93H         PUBLIC        update_max_pwm_duty_coefficient
  C:1CE7H         SYMBOL        Com0017
  C:1CE7H         SYMBOL        L?0024
  C:1CECH         SYMBOL        L?0025
  C:1CEFH         SYMBOL        L?0026
  C:1CF1H         SYMBOL        L?0027
  C:1CFAH         SYMBOL        L?0028
  -------         PROC          COM0017
  -------         ENDPROC       COM0017
  -------         PROC          UPDATE_MAX_PWM_DUTY_COEFFICIENT
  -------         DO            
  B:0021H.3       SYMBOL        flag_is_last_limited_equal_zero
  X:6320H         SYMBOL        adc_val
  -------         ENDDO         
  C:0F93H         LINE#         8
  C:0F93H         LINE#         9
  C:0F93H         LINE#         17
  C:0FA2H         LINE#         23
  C:0FA8H         LINE#         24
  C:0FA8H         LINE#         27
  C:0FB7H         LINE#         28
  C:0FB7H         LINE#         29
  C:0FBEH         LINE#         30
  C:0FC1H         LINE#         32
  C:0FC7H         LINE#         33
  C:0FC7H         LINE#         40
  C:0FEDH         LINE#         41
  C:0FF0H         LINE#         43
  C:0FFFH         LINE#         44
  C:0FFFH         LINE#         48
  C:100AH         LINE#         49
  C:100DH         LINE#         51
  C:101CH         LINE#         52
  C:101CH         LINE#         53
  C:1031H         LINE#         54
  C:1033H         LINE#         56
  C:1042H         LINE#         57
  C:1042H         LINE#         58
  C:104DH         LINE#         59
  C:104FH         LINE#         61
  C:105EH         LINE#         62
  C:105EH         LINE#         63
  C:107BH         LINE#         64
  C:107DH         LINE#         66
  C:107DH         LINE#         68
  C:1087H         LINE#         69
  C:1087H         LINE#         71
  C:1091H         LINE#         72
  C:1091H         LINE#         73
  C:1093H         LINE#         74
  C:1093H         LINE#         75
  C:1094H         LINE#         77
BL51 BANKED LINKER/LOCATER V6.22.4.0                                                  01/29/2026  18:01:53  PAGE 25


  C:1094H         LINE#         78
  C:109AH         LINE#         79
  C:109AH         LINE#         80
  C:109CH         LINE#         81
  C:109CH         LINE#         82
  C:109CH         LINE#         83
  -------         ENDPROC       UPDATE_MAX_PWM_DUTY_COEFFICIENT
  -------         ENDMOD        KNOB_DIMMING

  -------         MODULE        RF_RECV
  C:0000H         SYMBOL        _ICE_DUMMY_
  C:1637H         SYMBOL        rf_key_get_key_id
  X:6269H         PUBLIC        flag_is_in_rf_learning
  C:1B9AH         PUBLIC        rf_recv_init
  X:626AH         SYMBOL        rf_key_1_event_table
  X:627EH         PUBLIC        tmp_rf_addr
  X:6282H         PUBLIC        rf_key_para
  X:6295H         SYMBOL        rf_key_1_2_event_table
  B:0090H.1       PUBLIC        P11
  C:1A65H         SYMBOL        ___sub_fun_rf_key_get_event
  C:0658H         PUBLIC        rf_key_handle
  X:62BDH         PUBLIC        rf_data
  X:62C1H         PUBLIC        rf_remote_info
  B:0020H.4       PUBLIC        flag_is_rf_enable
  C:17EFH         SYMBOL        ___rf_key_get_event
  B:0020H.5       PUBLIC        flag_is_recved_rf_data
  C:1276H         SYMBOL        Com00A2
  C:1276H         SYMBOL        L?0163
  C:1279H         SYMBOL        L?0164
  C:127DH         SYMBOL        L?0165
  C:128EH         SYMBOL        L?0166
  C:1291H         SYMBOL        L?0167
  C:1295H         SYMBOL        L?0168
  C:12A6H         SYMBOL        L?0169
  C:12AEH         SYMBOL        L?0170
  C:12B5H         SYMBOL        L?0171
  C:12BCH         SYMBOL        L?0172
  C:12C4H         SYMBOL        L?0173
  C:12CBH         SYMBOL        L?0174
  C:12D2H         SYMBOL        L?0175
  C:12D5H         SYMBOL        L?0176
  C:12D8H         SYMBOL        L?0177
  C:12DFH         SYMBOL        L?0178
  C:12E7H         SYMBOL        L?0179
  C:12EFH         SYMBOL        L?0180
  C:12F7H         SYMBOL        L?0181
  C:12FFH         SYMBOL        L?0182
  C:12FFH         SYMBOL        L?0183
  C:1305H         SYMBOL        L?0184
  C:1305H         SYMBOL        L?0185
  C:130DH         SYMBOL        L?0186
  C:130DH         SYMBOL        L?0187
  C:1314H         SYMBOL        L?0188
  C:1321H         SYMBOL        L?0189
  C:132EH         SYMBOL        L?0190
  C:133AH         SYMBOL        L?0191
  C:1343H         SYMBOL        L?0192
BL51 BANKED LINKER/LOCATER V6.22.4.0                                                  01/29/2026  18:01:53  PAGE 26


  -------         PROC          COM00A2
  -------         ENDPROC       COM00A2
  -------         PROC          RF_KEY_GET_KEY_ID
  -------         DO            
  X:6320H         SYMBOL        ret
  -------         ENDDO         
  C:1637H         LINE#         212
  C:1637H         LINE#         213
  C:1637H         LINE#         214
  C:163DH         LINE#         215
  C:163DH         LINE#         216
  C:163FH         LINE#         217
  C:164BH         LINE#         218
  C:164BH         LINE#         221
  C:1653H         LINE#         225
  C:1659H         LINE#         226
  C:1659H         LINE#         230
  C:1663H         LINE#         231
  C:1663H         LINE#         232
  C:166BH         LINE#         233
  C:1670H         LINE#         234
  C:1672H         LINE#         235
  C:167AH         LINE#         236
  C:167AH         LINE#         238
  C:1682H         LINE#         239
  C:1682H         LINE#         242
  C:1684H         LINE#         244
  C:1684H         LINE#         249
  C:1689H         LINE#         250
  C:1689H         LINE#         253
  C:169AH         LINE#         255
  C:169AH         LINE#         257
  C:16A1H         LINE#         258
  C:16A3H         LINE#         259
  C:16B4H         LINE#         261
  C:16B4H         LINE#         264
  C:16B4H         LINE#         266
  C:16B4H         LINE#         268
  C:16B4H         LINE#         269
  C:16B4H         LINE#         270
  C:16B6H         LINE#         272
  C:16B6H         LINE#         274
  C:16BCH         LINE#         275
  C:16BCH         LINE#         276
  C:16BCH         LINE#         279
  C:16C6H         LINE#         280
  C:16CCH         LINE#         281
  C:16CCH         LINE#         283
  C:16CCH         LINE#         284
  C:16CFH         LINE#         285
  C:16CFH         LINE#         286
  C:16CFH         LINE#         288
  C:16CFH         LINE#         289
  C:16D1H         LINE#         290
  C:16D1H         LINE#         291
  -------         ENDPROC       RF_KEY_GET_KEY_ID
  -------         PROC          ___SUB_FUN_RF_KEY_GET_EVENT
BL51 BANKED LINKER/LOCATER V6.22.4.0                                                  01/29/2026  18:01:53  PAGE 27


  D:0001H         SYMBOL        key_val
  D:0005H         SYMBOL        key_event
  D:0003H         SYMBOL        table_index
  -------         DO            
  D:0007H         SYMBOL        ret_key_event
  D:0006H         SYMBOL        i
  -------         ENDDO         
  C:1A65H         LINE#         303
  C:1A67H         LINE#         304
  C:1A67H         LINE#         305
  C:1A69H         LINE#         306
  C:1A6AH         LINE#         307
  C:1A6FH         LINE#         308
  C:1A6FH         LINE#         309
  C:1A6FH         LINE#         310
  C:1A6FH         LINE#         312
  C:1A78H         LINE#         313
  C:1A78H         LINE#         314
  C:1A7BH         LINE#         315
  C:1A7DH         LINE#         316
  C:1A7DH         LINE#         317
  C:1A83H         LINE#         318
  C:1A83H         LINE#         319
  C:1A88H         LINE#         320
  C:1A88H         LINE#         321
  C:1A89H         LINE#         322
  C:1A89H         LINE#         324
  C:1A92H         LINE#         325
  C:1A92H         LINE#         326
  C:1AA3H         LINE#         327
  C:1AA4H         LINE#         328
  C:1AA4H         LINE#         329
  C:1AA9H         LINE#         330
  C:1AA9H         LINE#         332
  C:1AA9H         LINE#         334
  C:1AA9H         LINE#         336
  C:1AA9H         LINE#         337
  -------         ENDPROC       ___SUB_FUN_RF_KEY_GET_EVENT
  -------         PROC          ___RF_KEY_GET_EVENT
  X:6321H         SYMBOL        key_val
  X:6322H         SYMBOL        key_event
  -------         DO            
  X:6323H         SYMBOL        ret_key_event
  X:6324H         SYMBOL        i
  -------         ENDDO         
  C:17EFH         LINE#         347
  C:17F7H         LINE#         348
  C:17F7H         LINE#         349
  C:17FAH         LINE#         350
  C:17FCH         LINE#         352
  C:1802H         LINE#         353
  C:1802H         LINE#         366
  C:180FH         LINE#         367
  C:180FH         LINE#         369
  C:1816H         LINE#         370
  C:1816H         LINE#         372
  C:1816H         LINE#         373
BL51 BANKED LINKER/LOCATER V6.22.4.0                                                  01/29/2026  18:01:53  PAGE 28


  C:1818H         LINE#         374
  C:1820H         LINE#         375
  C:1820H         LINE#         377
  C:1820H         LINE#         378
  C:1820H         LINE#         379
  C:1822H         LINE#         381
  C:1822H         LINE#         384
  C:182AH         LINE#         385
  C:182AH         LINE#         387
  C:182AH         LINE#         390
  C:182CH         LINE#         391
  C:1835H         LINE#         392
  C:1835H         LINE#         394
  C:1835H         LINE#         396
  C:1837H         LINE#         398
  C:1837H         LINE#         400
  C:1837H         LINE#         401
  C:1837H         LINE#         402
  C:1837H         LINE#         404
  C:1837H         LINE#         406
  C:1844H         LINE#         407
  C:1844H         LINE#         409
  C:184BH         LINE#         410
  C:184BH         LINE#         412
  C:1855H         LINE#         413
  C:1857H         LINE#         414
  C:185EH         LINE#         415
  C:185EH         LINE#         417
  C:1870H         LINE#         418
  C:1870H         LINE#         419
  C:1870H         LINE#         421
  C:1870H         LINE#         423
  C:1870H         LINE#         424
  C:1870H         LINE#         426
  C:1875H         LINE#         427
  -------         ENDPROC       ___RF_KEY_GET_EVENT
  -------         PROC          RF_KEY_HANDLE
  -------         DO            
  X:6320H         SYMBOL        rf_key_event
  -------         DO            
  X:6268H         SYMBOL        last_key_event
  -------         ENDDO         
  -------         ENDDO         
  C:0658H         LINE#         430
  C:0658H         LINE#         431
  C:0658H         LINE#         432
  C:065DH         LINE#         435
  C:0667H         LINE#         436
  C:0667H         LINE#         438
  C:0667H         LINE#         440
  C:0674H         LINE#         441
  C:067AH         LINE#         442
  C:067DH         LINE#         444
  C:067DH         LINE#         447
  C:0685H         LINE#         448
  C:0685H         LINE#         450
  C:0691H         LINE#         451
BL51 BANKED LINKER/LOCATER V6.22.4.0                                                  01/29/2026  18:01:53  PAGE 29


  C:0691H         LINE#         453
  C:069BH         LINE#         455
  C:069BH         LINE#         461
  C:069BH         LINE#         464
  C:06A1H         LINE#         465
  C:06ADH         LINE#         467
  C:06B7H         LINE#         468
  C:06B7H         LINE#         470
  C:06BAH         LINE#         471
  C:06BCH         LINE#         473
  C:06BCH         LINE#         475
  C:06BFH         LINE#         476
  C:06BFH         LINE#         478
  C:06C4H         LINE#         479
  C:06CDH         LINE#         486
  C:06D3H         LINE#         487
  C:06D3H         LINE#         488
  C:06D3H         LINE#         489
  C:06D5H         LINE#         491
  C:06D5H         LINE#         492
  C:06DDH         LINE#         493
  C:06DDH         LINE#         494
  C:06DFH         LINE#         495
  C:06E6H         LINE#         496
  C:06E6H         LINE#         497
  C:06F3H         LINE#         499
  C:06F3H         LINE#         500
  C:06F9H         LINE#         502
  C:06F9H         LINE#         503
  C:06F9H         LINE#         505
  C:06F9H         LINE#         512
  C:0701H         LINE#         513
  C:0701H         LINE#         515
  C:0701H         LINE#         518
  C:0712H         LINE#         519
  C:0712H         LINE#         521
  C:0716H         LINE#         522
  C:0716H         LINE#         529
  C:0769H         LINE#         530
  C:0769H         LINE#         531
  C:0769H         LINE#         532
  C:0769H         LINE#         537
  C:0775H         LINE#         538
  C:0775H         LINE#         539
  C:0775H         LINE#         540
  C:0775H         LINE#         552
  C:0778H         LINE#         574
  C:0778H         LINE#         575
  C:0778H         LINE#         579
  C:0778H         LINE#         580
  C:0778H         LINE#         590
  C:077BH         LINE#         592
  C:077BH         LINE#         594
  C:077BH         LINE#         595
  C:0783H         LINE#         596
  C:0783H         LINE#         598
  C:0783H         LINE#         599
BL51 BANKED LINKER/LOCATER V6.22.4.0                                                  01/29/2026  18:01:53  PAGE 30


  C:0783H         LINE#         604
  C:0786H         LINE#         606
  C:0786H         LINE#         608
  C:0789H         LINE#         609
  C:0791H         LINE#         610
  C:0791H         LINE#         612
  C:0791H         LINE#         613
  C:0791H         LINE#         615
  C:0794H         LINE#         617
  C:0794H         LINE#         620
  C:0794H         LINE#         621
  C:079CH         LINE#         622
  C:079CH         LINE#         624
  C:079CH         LINE#         625
  C:079CH         LINE#         630
  C:079FH         LINE#         632
  C:079FH         LINE#         634
  C:07A2H         LINE#         635
  C:07AAH         LINE#         636
  C:07AAH         LINE#         638
  C:07AAH         LINE#         639
  C:07AAH         LINE#         641
  C:07ADH         LINE#         643
  C:07ADH         LINE#         644
  C:07ADH         LINE#         648
  C:07B0H         LINE#         653
  C:07B3H         LINE#         655
  C:07B3H         LINE#         656
  C:07B3H         LINE#         660
  C:07B6H         LINE#         665
  C:07B9H         LINE#         667
  C:07B9H         LINE#         671
  C:07BEH         LINE#         672
  C:07BEH         LINE#         674
  C:07BEH         LINE#         675
  C:07C6H         LINE#         676
  C:07C6H         LINE#         677
  C:07C6H         LINE#         678
  C:07C6H         LINE#         679
  C:07C8H         LINE#         691
  C:07C8H         LINE#         693
  C:07D0H         LINE#         694
  C:07D0H         LINE#         695
  C:07D0H         LINE#         697
  C:07DBH         LINE#         698
  C:07DBH         LINE#         699
  C:07DBH         LINE#         700
  C:07DBH         LINE#         701
  C:07DDH         LINE#         703
  C:07DDH         LINE#         704
  C:07E1H         LINE#         705
  C:07E1H         LINE#         707
  C:07E4H         LINE#         709
  C:07E4H         LINE#         713
  C:07E9H         LINE#         714
  C:07E9H         LINE#         715
  C:07E9H         LINE#         716
BL51 BANKED LINKER/LOCATER V6.22.4.0                                                  01/29/2026  18:01:53  PAGE 31


  C:07F1H         LINE#         717
  C:07F1H         LINE#         718
  C:07F2H         LINE#         719
  C:07F2H         LINE#         720
  C:07F5H         LINE#         722
  C:07F5H         LINE#         724
  C:07F9H         LINE#         725
  C:07F9H         LINE#         730
  C:07FCH         LINE#         732
  C:07FCH         LINE#         734
  C:0804H         LINE#         735
  C:0804H         LINE#         736
  C:0804H         LINE#         738
  C:080FH         LINE#         739
  C:080FH         LINE#         740
  C:0810H         LINE#         741
  C:0810H         LINE#         742
  C:0813H         LINE#         744
  C:0813H         LINE#         745
  C:0817H         LINE#         746
  C:0817H         LINE#         748
  C:081AH         LINE#         752
  C:081AH         LINE#         756
  C:081AH         LINE#         757
  C:081FH         LINE#         758
  C:081FH         LINE#         760
  C:0822H         LINE#         761
  C:0822H         LINE#         763
  C:0822H         LINE#         764
  C:082AH         LINE#         765
  C:082AH         LINE#         767
  C:082AH         LINE#         768
  C:082AH         LINE#         773
  C:082DH         LINE#         775
  C:082DH         LINE#         786
  C:0834H         LINE#         787
  C:0839H         LINE#         788
  C:0839H         LINE#         790
  C:083CH         LINE#         791
  C:083CH         LINE#         793
  C:0843H         LINE#         794
  C:084BH         LINE#         795
  C:084BH         LINE#         797
  C:084BH         LINE#         798
  C:084BH         LINE#         800
  C:084EH         LINE#         802
  C:084EH         LINE#         803
  C:084EH         LINE#         805
  C:0858H         LINE#         806
  C:0862H         LINE#         811
  C:0863H         LINE#         813
  C:0863H         LINE#         817
  C:0868H         LINE#         818
  C:0868H         LINE#         820
  C:0868H         LINE#         821
  C:086DH         LINE#         822
  C:086DH         LINE#         823
BL51 BANKED LINKER/LOCATER V6.22.4.0                                                  01/29/2026  18:01:53  PAGE 32


  C:086EH         LINE#         824
  C:086EH         LINE#         825
  C:0870H         LINE#         827
  C:0870H         LINE#         829
  C:0877H         LINE#         830
  C:0877H         LINE#         832
  C:087CH         LINE#         833
  C:087CH         LINE#         835
  C:087CH         LINE#         836
  C:0881H         LINE#         837
  C:0881H         LINE#         838
  C:0882H         LINE#         839
  C:0882H         LINE#         840
  C:0884H         LINE#         842
  C:0884H         LINE#         844
  C:0888H         LINE#         845
  C:0888H         LINE#         850
  C:088AH         LINE#         852
  C:088AH         LINE#         856
  C:0892H         LINE#         857
  C:0892H         LINE#         858
  C:0892H         LINE#         860
  C:089AH         LINE#         861
  C:089AH         LINE#         862
  C:089BH         LINE#         863
  C:089BH         LINE#         864
  C:089DH         LINE#         866
  C:089DH         LINE#         867
  C:08A4H         LINE#         868
  C:08A4H         LINE#         870
  C:08ACH         LINE#         871
  C:08ACH         LINE#         872
  C:08ACH         LINE#         874
  C:08B4H         LINE#         875
  C:08B4H         LINE#         876
  C:08B5H         LINE#         877
  C:08B5H         LINE#         878
  C:08B7H         LINE#         880
  C:08B7H         LINE#         881
  C:08BBH         LINE#         882
  C:08BBH         LINE#         884
  C:08BDH         LINE#         886
  C:08BDH         LINE#         887
  C:08BDH         LINE#         890
  C:08C9H         LINE#         891
  C:08C9H         LINE#         892
  C:08D0H         LINE#         893
  C:08D6H         LINE#         899
  C:08D7H         LINE#         901
  C:08D7H         LINE#         902
  C:08DDH         LINE#         903
  C:08E3H         LINE#         909
  C:08E3H         LINE#         911
  C:08E3H         LINE#         960
  C:08E3H         LINE#         961
  C:08E3H         LINE#         962
  C:08E3H         LINE#         963
BL51 BANKED LINKER/LOCATER V6.22.4.0                                                  01/29/2026  18:01:53  PAGE 33


  -------         ENDPROC       RF_KEY_HANDLE
  -------         PROC          RF_RECV_INIT
  C:1B9AH         LINE#         965
  C:1B9AH         LINE#         966
  C:1B9AH         LINE#         975
  C:1BA0H         LINE#         976
  C:1BA6H         LINE#         981
  C:1BACH         LINE#         982
  C:1BB2H         LINE#         984
  C:1BB5H         LINE#         985
  C:1BB5H         LINE#         986
  C:1BB7H         LINE#         987
  C:1BB9H         LINE#         989
  C:1BB9H         LINE#         990
  C:1BBBH         LINE#         991
  C:1BBBH         LINE#         997
  C:1BBEH         LINE#         998
  C:1BBEH         LINE#         999
  C:1BC7H         LINE#         1014
  C:1BCDH         LINE#         1015
  C:1BCDH         LINE#         1016
  -------         ENDPROC       RF_RECV_INIT
  -------         ENDMOD        RF_RECV

  -------         MODULE        KEY_DRIVER
  C:0000H         SYMBOL        _ICE_DUMMY_
  X:6334H         PUBLIC        scan_para
  C:0CC8H         PUBLIC        _key_driver_scan
  X:6337H         SYMBOL        is_key_active
  C:1C85H         SYMBOL        Com0021
  C:1C85H         SYMBOL        L?0034
  C:1C88H         SYMBOL        L?0035
  C:1C89H         SYMBOL        L?0036
  C:1C8FH         SYMBOL        L?0037
  C:1C92H         SYMBOL        L?0038
  C:1C96H         SYMBOL        L?0039
  C:1C9CH         SYMBOL        L?0040
  C:1C9FH         SYMBOL        L?0041
  -------         PROC          COM0021
  -------         ENDPROC       COM0021
  -------         PROC          _KEY_DRIVER_SCAN
  D:0001H         SYMBOL        _scan_para
  -------         DO            
  X:6320H         SYMBOL        key_event
  D:0007H         SYMBOL        cur_key_value
  X:6321H         SYMBOL        key_value
  C:0E30H         SYMBOL        _notify
  C:0E50H         SYMBOL        _scan_end
  -------         ENDDO         
  C:0CC8H         LINE#         16
  C:0CC8H         LINE#         18
  C:0CC8H         LINE#         23
  C:0CCDH         LINE#         24
  C:0CCFH         LINE#         25
  C:0CD3H         LINE#         29
  C:0CD9H         LINE#         32
  C:0CECH         LINE#         33
BL51 BANKED LINKER/LOCATER V6.22.4.0                                                  01/29/2026  18:01:53  PAGE 34


  C:0CECH         LINE#         35
  C:0CECH         LINE#         37
  C:0CF6H         LINE#         39
  C:0CFFH         LINE#         45
  C:0D03H         LINE#         46
  C:0D03H         LINE#         47
  C:0D09H         LINE#         48
  C:0D0BH         LINE#         49
  C:0D11H         LINE#         50
  C:0D11H         LINE#         51
  C:0D14H         LINE#         52
  C:0D14H         LINE#         82
  C:0D28H         LINE#         83
  C:0D28H         LINE#         85
  C:0D2FH         LINE#         86
  C:0D35H         LINE#         88
  C:0D35H         LINE#         91
  C:0D46H         LINE#         92
  C:0D46H         LINE#         93
  C:0D51H         LINE#         95
  C:0D51H         LINE#         98
  C:0D5DH         LINE#         99
  C:0D5DH         LINE#         106
  C:0D61H         LINE#         107
  C:0D61H         LINE#         108
  C:0D68H         LINE#         109
  C:0D68H         LINE#         110
  C:0D6AH         LINE#         111
  C:0D70H         LINE#         112
  C:0D72H         LINE#         114
  C:0D72H         LINE#         117
  C:0D72H         LINE#         118
  C:0D7AH         LINE#         119
  C:0D7AH         LINE#         120
  C:0D7DH         LINE#         122
  C:0D7DH         LINE#         127
  C:0D85H         LINE#         128
  C:0D91H         LINE#         129
  C:0D91H         LINE#         130
  C:0D96H         LINE#         131
  C:0D9AH         LINE#         132
  C:0D9DH         LINE#         134
  C:0D9DH         LINE#         135
  C:0DA3H         LINE#         136
  C:0DA3H         LINE#         137
  C:0DA3H         LINE#         139
  C:0DA5H         LINE#         144
  C:0DA5H         LINE#         146
  C:0DA5H         LINE#         151
  C:0DA9H         LINE#         152
  C:0DA9H         LINE#         154
  C:0DBAH         LINE#         155
  C:0DBAH         LINE#         159
  C:0DCBH         LINE#         160
  C:0DCBH         LINE#         180
  C:0DCBH         LINE#         181
  C:0DCDH         LINE#         183
BL51 BANKED LINKER/LOCATER V6.22.4.0                                                  01/29/2026  18:01:53  PAGE 35


  C:0DCDH         LINE#         184
  C:0DDAH         LINE#         186
  C:0DDCH         LINE#         188
  C:0DDCH         LINE#         190
  C:0DDCH         LINE#         191
  C:0DE7H         LINE#         192
  C:0DEAH         LINE#         194
  C:0DEAH         LINE#         195
  C:0DEAH         LINE#         197
  C:0DEAH         LINE#         198
  C:0DEAH         LINE#         200
  C:0DEAH         LINE#         201
  C:0DEAH         LINE#         203
  C:0DEAH         LINE#         205
  C:0DF5H         LINE#         206
  C:0DF5H         LINE#         207
  C:0DFDH         LINE#         208
  C:0DFDH         LINE#         212
  C:0E03H         LINE#         213
  C:0E03H         LINE#         214
  C:0E09H         LINE#         219
  C:0E0BH         LINE#         220
  C:0E17H         LINE#         221
  C:0E17H         LINE#         222
  C:0E1CH         LINE#         223
[...]
  C:1D8BH         LINE#         20
  C:1D8DH         LINE#         21
  C:1D90H         LINE#         22
  C:1D93H         LINE#         24
  C:1D98H         LINE#         26
  -------         ENDPROC       _FLASH_ERASE_SECTOR
  -------         PROC          _FLASH_PROGRAM
  D:0007H         SYMBOL        addr
  X:6322H         SYMBOL        p_data
  X:6325H         SYMBOL        len
  C:1B63H         LINE#         35
  C:1B69H         LINE#         36
  C:1B69H         LINE#         37
  C:1B6CH         LINE#         38
  C:1B6EH         LINE#         40
  C:1B77H         LINE#         41
  C:1B77H         LINE#         42
  C:1B7CH         LINE#         44
  C:1B8BH         LINE#         45
  C:1B8EH         LINE#         46
  C:1B91H         LINE#         48
  C:1B97H         LINE#         49
  C:1B99H         LINE#         50
  -------         ENDPROC       _FLASH_PROGRAM
  -------         PROC          _FLASH_READ
  D:0007H         SYMBOL        addr
  X:6321H         SYMBOL        p_data
  X:6324H         SYMBOL        len
  C:1BCEH         LINE#         59
  C:1BD4H         LINE#         60
  C:1BD4H         LINE#         61
  C:1BDAH         LINE#         62
  C:1BDAH         LINE#         63
  C:1BF9H         LINE#         64
  C:1BFFH         LINE#         65
  C:1C01H         LINE#         66
  -------         ENDPROC       _FLASH_READ
  -------         ENDMOD        FLASH

  -------         MODULE        FAN_CTL
  C:0000H         SYMBOL        _ICE_DUMMY_
  B:0090H.2       PUBLIC        P12
  C:1D76H         PUBLIC        fan_ctl_config
  C:1C61H         PUBLIC        fan_ctl
  -------         PROC          FAN_CTL_CONFIG
  C:1D76H         LINE#         3
  C:1D76H         LINE#         4
  C:1D76H         LINE#         6
  C:1D7CH         LINE#         7
  C:1D80H         LINE#         8
  C:1D85H         LINE#         10
BL51 BANKED LINKER/LOCATER V6.22.4.0                                                  01/29/2026  18:01:53  PAGE 37


  C:1D87H         LINE#         11
  -------         ENDPROC       FAN_CTL_CONFIG
  -------         PROC          FAN_CTL
  C:1C61H         LINE#         14
  C:1C61H         LINE#         15
  C:1C61H         LINE#         18
  C:1C7FH         LINE#         19
  C:1C7FH         LINE#         20
  C:1C81H         LINE#         21
  C:1C82H         LINE#         25
  C:1C82H         LINE#         27
  C:1C84H         LINE#         28
  C:1C84H         LINE#         29
  -------         ENDPROC       FAN_CTL
  -------         ENDMOD        FAN_CTL

  -------         MODULE        TIMER3
  C:0000H         SYMBOL        _ICE_DUMMY_
  C:109DH         PUBLIC        TIMR3_IRQHandler
  D:00D1H         PUBLIC        TMR_ALLCON
  C:1CA6H         PUBLIC        timer3_config
  D:00A8H         PUBLIC        IE0
  D:00A9H         PUBLIC        IE1
  D:00AAH         PUBLIC        IE2
  D:00ABH         PUBLIC        IE3
  D:00B8H         PUBLIC        IP0
  D:00B1H         PUBLIC        IP1
  D:00B2H         PUBLIC        IP2
  D:00B3H         PUBLIC        IP3
  D:00B4H         PUBLIC        IP4
  D:00B5H         PUBLIC        IP5
  D:00B6H         PUBLIC        IP6
  D:00B7H         PUBLIC        IP7
  B:00A8H.7       PUBLIC        IE_EA
  C:1E29H         SYMBOL        Com0044
  C:1E29H         SYMBOL        L?0069
  C:1E29H         SYMBOL        L?0070
  -------         PROC          COM0044
  -------         ENDPROC       COM0044
  -------         PROC          TIMER3_CONFIG
  C:1CA6H         LINE#         13
  C:1CA6H         LINE#         14
  C:1CA6H         LINE#         15
  C:1CA9H         LINE#         16
  C:1CABH         LINE#         19
  C:1CAEH         LINE#         20
  C:1CB4H         LINE#         21
  C:1CBAH         LINE#         22
  C:1CC0H         LINE#         23
  C:1CC6H         LINE#         24
  -------         ENDPROC       TIMER3_CONFIG
  -------         PROC          TIMR3_IRQHANDLER
  -------         DO            
  X:633EH         SYMBOL        cnt
  X:633FH         SYMBOL        flag_is_time_to_sync_adc_status
  -------         ENDDO         
  C:109DH         LINE#         26
BL51 BANKED LINKER/LOCATER V6.22.4.0                                                  01/29/2026  18:01:53  PAGE 38


  C:10BAH         LINE#         29
  C:10BAH         LINE#         32
  C:10C1H         LINE#         33
  C:10C1H         LINE#         36
  C:10C4H         LINE#         38
  C:10C4H         LINE#         40
  C:10CBH         LINE#         43
  C:10CBH         LINE#         46
  C:10D1H         LINE#         47
  C:10DBH         LINE#         48
  C:10DBH         LINE#         49
  C:10DDH         LINE#         50
  C:10E1H         LINE#         51
  C:10E1H         LINE#         53
  C:10EAH         LINE#         54
  C:10EAH         LINE#         55
  C:10ECH         LINE#         56
  C:10EEH         LINE#         57
  C:10F1H         LINE#         58
  C:10F1H         LINE#         59
  C:10F1H         LINE#         112
  C:10FBH         LINE#         114
  C:10FBH         LINE#         116
  C:1100H         LINE#         117
  C:1106H         LINE#         118
  C:1109H         LINE#         119
  C:1110H         LINE#         120
  C:1110H         LINE#         121
  C:1113H         LINE#         122
  C:1116H         LINE#         123
  C:1118H         LINE#         125
  C:111FH         LINE#         126
  C:111FH         LINE#         128
  C:1124H         LINE#         129
  C:112AH         LINE#         130
  C:112CH         LINE#         131
  C:1133H         LINE#         132
  C:1133H         LINE#         133
  C:1136H         LINE#         134
  C:1139H         LINE#         135
  C:113BH         LINE#         136
  C:1142H         LINE#         137
  C:1142H         LINE#         139
  C:1147H         LINE#         140
  C:114DH         LINE#         141
  C:114FH         LINE#         142
  C:1156H         LINE#         143
  C:1156H         LINE#         144
  C:1159H         LINE#         145
  C:115CH         LINE#         146
  C:115EH         LINE#         147
  C:1165H         LINE#         148
  C:1165H         LINE#         150
  C:116AH         LINE#         151
  C:1170H         LINE#         152
  C:1172H         LINE#         153
  C:1179H         LINE#         154
BL51 BANKED LINKER/LOCATER V6.22.4.0                                                  01/29/2026  18:01:53  PAGE 39


  C:1179H         LINE#         155
  C:117CH         LINE#         156
  C:117FH         LINE#         157
  C:117FH         LINE#         192
  C:117FH         LINE#         193
  -------         ENDPROC       TIMR3_IRQHANDLER
  -------         ENDMOD        TIMER3

  -------         MODULE        ENGINE
  C:0000H         SYMBOL        _ICE_DUMMY_
  X:6003H         PUBLIC        t_count
  X:6005H         PUBLIC        filter_buff
  X:6045H         PUBLIC        filter_buff_2_index
  X:6047H         PUBLIC        filter_buff_2
  X:6263H         PUBLIC        t_adc_min
  X:6265H         PUBLIC        t_adc_max
  X:6267H         PUBLIC        over_drive_status
  B:0020H.7       PUBLIC        flag_is_time_to_check_engine
  C:038EH         PUBLIC        according_pin9_to_adjust_pwm
  C:18F3H         SYMBOL        Com0035
  C:18F3H         SYMBOL        L?0054
  C:18F8H         SYMBOL        L?0055
  C:18FAH         SYMBOL        L?0056
  C:1905H         SYMBOL        L?0057
  C:1909H         SYMBOL        L?0058
  C:190AH         SYMBOL        L?0059
  C:1916H         SYMBOL        L?0060
  C:191BH         SYMBOL        L?0061
  C:191EH         SYMBOL        L?0062
  C:1925H         SYMBOL        L?0063
  C:1926H         SYMBOL        L?0064
  C:1933H         SYMBOL        L?0065
  C:1933H         SYMBOL        L?0066
  C:193DH         SYMBOL        L?0067
  C:194DH         SYMBOL        L?0068
  C:194DH         SYMBOL        L?0069
  C:194EH         SYMBOL        L?0070
  C:1955H         SYMBOL        L?0071
  C:1962H         SYMBOL        L?0072
  -------         PROC          COM0035
  -------         ENDPROC       COM0035
  -------         PROC          ACCORDING_PIN9_TO_ADJUST_PWM
  -------         DO            
  X:6000H         SYMBOL        filter_buff_index
  X:6001H         SYMBOL        flag_is_sub_power
  X:6002H         SYMBOL        flag_is_sub_power2
  B:0020H.6       SYMBOL        flag_is_add_power
  X:6320H         SYMBOL        adc_pin_9_avg
  X:6324H         SYMBOL        adc_val
  -------         DO            
  X:6326H         SYMBOL        i
  X:6326H         SYMBOL        temp
  X:6326H         SYMBOL        i
  X:6326H         SYMBOL        i
  -------         ENDDO         
  -------         DO            
  X:6326H         SYMBOL        temp
BL51 BANKED LINKER/LOCATER V6.22.4.0                                                  01/29/2026  18:01:53  PAGE 40


  X:6326H         SYMBOL        i
  X:6326H         SYMBOL        i
  -------         ENDDO         
  -------         DO            
  X:6326H         SYMBOL        i
  X:6326H         SYMBOL        i
  -------         ENDDO         
  -------         DO            
  X:6326H         SYMBOL        i
  -------         ENDDO         
  -------         ENDDO         
  C:038EH         LINE#         32
  C:038EH         LINE#         33
  C:038EH         LINE#         39
  C:0398H         LINE#         40
  C:03A7H         LINE#         42
  C:03B3H         LINE#         43
  C:03B3H         LINE#         44
  C:03B6H         LINE#         45
  C:03C0H         LINE#         46
  C:03C0H         LINE#         47
  C:03D0H         LINE#         48
  C:03D5H         LINE#         50
  C:03E2H         LINE#         51
  C:03E2H         LINE#         52
  C:03EDH         LINE#         53
  C:03F2H         LINE#         54
  C:03F2H         LINE#         56
  C:03F2H         LINE#         57
  C:0401H         LINE#         58
  C:0412H         LINE#         59
  C:0425H         LINE#         60
  C:042DH         LINE#         61
  C:0433H         LINE#         62
  C:0439H         LINE#         63
  C:0439H         LINE#         64
  C:043BH         LINE#         65
  C:043BH         LINE#         66
  C:043BH         LINE#         68
  C:043BH         LINE#         69
  C:043EH         LINE#         70
  C:043EH         LINE#         71
  C:043EH         LINE#         72
  C:045BH         LINE#         73
  C:046AH         LINE#         76
  C:047BH         LINE#         77
  C:047BH         LINE#         80
  C:04A1H         LINE#         81
  C:04A7H         LINE#         82
  C:04B6H         LINE#         83
  C:04B6H         LINE#         84
  C:04BAH         LINE#         85
  C:04BAH         LINE#         87
  C:04BAH         LINE#         88
  C:04BDH         LINE#         89
  C:04C3H         LINE#         90
  C:04CCH         LINE#         91
BL51 BANKED LINKER/LOCATER V6.22.4.0                                                  01/29/2026  18:01:53  PAGE 41


  C:04D9H         LINE#         92
  C:04D9H         LINE#         93
  C:04F0H         LINE#         94
  C:04F0H         LINE#         95
  C:04FFH         LINE#         96
  C:04FFH         LINE#         97
  C:0519H         LINE#         98
  C:0519H         LINE#         99
  C:0528H         LINE#         100
  C:0528H         LINE#         101
  C:0546H         LINE#         102
  C:0546H         LINE#         103
  C:054CH         LINE#         104
  C:054EH         LINE#         106
  C:054EH         LINE#         107
  C:0554H         LINE#         108
  C:0557H         LINE#         109
  C:0557H         LINE#         110
  C:055DH         LINE#         124
  C:055DH         LINE#         127
  C:057CH         LINE#         128
  C:057CH         LINE#         130
  C:0581H         LINE#         131
  C:0583H         LINE#         132
  C:0585H         LINE#         134
  C:058CH         LINE#         135
  C:058CH         LINE#         136
  C:058FH         LINE#         137
  C:0594H         LINE#         138
  C:0594H         LINE#         139
  C:059BH         LINE#         140
  C:059BH         LINE#         142
  C:05A4H         LINE#         143
  C:05A4H         LINE#         144
  C:05A4H         LINE#         145
  C:05A4H         LINE#         146
  C:05A7H         LINE#         147
  C:05B0H         LINE#         148
  C:05B0H         LINE#         150
  C:05B6H         LINE#         151
  C:05B6H         LINE#         152
  C:05B8H         LINE#         153
  C:05CAH         LINE#         154
  C:05CAH         LINE#         155
  C:05CAH         LINE#         156
  C:05CAH         LINE#         157
  C:05CAH         LINE#         158
  C:05CAH         LINE#         159
  C:05CCH         LINE#         161
  C:05E3H         LINE#         162
  C:05E3H         LINE#         164
  C:05E6H         LINE#         165
  C:05E6H         LINE#         166
  C:05E8H         LINE#         168
  C:05F1H         LINE#         169
  C:05F1H         LINE#         170
  C:05F4H         LINE#         171
BL51 BANKED LINKER/LOCATER V6.22.4.0                                                  01/29/2026  18:01:53  PAGE 42


  C:05F4H         LINE#         173
  C:05F9H         LINE#         174
  C:05FBH         LINE#         176
  C:0600H         LINE#         177
  C:0600H         LINE#         178
  C:0600H         LINE#         179
  C:0602H         LINE#         180
  C:0608H         LINE#         181
  C:0608H         LINE#         182
  C:060CH         LINE#         183
  C:060EH         LINE#         185
  C:060EH         LINE#         186
  C:0618H         LINE#         187
  C:0618H         LINE#         188
  C:0618H         LINE#         189
  C:0619H         LINE#         190
  C:0624H         LINE#         191
  C:0624H         LINE#         193
  C:0627H         LINE#         194
  C:0627H         LINE#         195
  C:0629H         LINE#         197
  C:062FH         LINE#         198
  C:0634H         LINE#         199
  C:0636H         LINE#         201
  C:0645H         LINE#         202
  C:0645H         LINE#         203
  C:064DH         LINE#         204
  C:064DH         LINE#         206
  C:064DH         LINE#         207
  C:0657H         LINE#         208
  C:0657H         LINE#         209
  C:0657H         LINE#         210
  C:0657H         LINE#         211
  -------         ENDPROC       ACCORDING_PIN9_TO_ADJUST_PWM
  -------         ENDMOD        ENGINE

  -------         MODULE        POWER_ON
  C:0000H         SYMBOL        _ICE_DUMMY_
  X:6338H         PUBLIC        power_on_step
  C:119AH         PUBLIC        power_on_handle
  B:0021H.0       PUBLIC        flag_is_in_power_on
  B:0021H.1       PUBLIC        flag_time_comes_during_power_on
  C:1D4FH         SYMBOL        Com0007
  C:1D4FH         SYMBOL        L?0008
  C:1D5CH         SYMBOL        L?0009
  C:1D5CH         SYMBOL        L?0010
  -------         PROC          COM0007
  -------         ENDPROC       COM0007
  -------         PROC          POWER_ON_HANDLE
  C:119AH         LINE#         10
  C:119AH         LINE#         11
  C:119AH         LINE#         12
  C:11A1H         LINE#         13
  C:11A7H         LINE#         14
  C:11A9H         LINE#         16
  C:11A9H         LINE#         17
  C:11A9H         LINE#         21
BL51 BANKED LINKER/LOCATER V6.22.4.0                                                  01/29/2026  18:01:53  PAGE 43


  C:11ACH         LINE#         23
  C:11D5H         LINE#         25
  C:11D5H         LINE#         27
  C:11D5H         LINE#         28
  C:11D5H         LINE#         30
  C:11D8H         LINE#         31
  C:11D8H         LINE#         32
  C:11DAH         LINE#         33
  C:11F3H         LINE#         34
  C:1206H         LINE#         35
  C:1206H         LINE#         36
  C:1223H         LINE#         37
  C:122DH         LINE#         38
  C:1238H         LINE#         39
  C:1238H         LINE#         40
  C:1238H         LINE#         42
  C:1243H         LINE#         43
  C:124EH         LINE#         44
  C:1251H         LINE#         47
  C:1257H         LINE#         48
  C:1262H         LINE#         49
  C:1268H         LINE#         50
  C:1273H         LINE#         51
  C:1275H         LINE#         52
  -------         ENDPROC       POWER_ON_HANDLE
  -------         ENDMOD        POWER_ON

  -------         MODULE        ?C?CLDPTR
  C:0045H         PUBLIC        ?C?CLDPTR
  -------         ENDMOD        ?C?CLDPTR

  -------         MODULE        ?C?CLDOPTR
  C:005EH         PUBLIC        ?C?CLDOPTR
  -------         ENDMOD        ?C?CLDOPTR

  -------         MODULE        ?C?CILDOPTR
  C:008BH         PUBLIC        ?C?CILDOPTR
  -------         ENDMOD        ?C?CILDOPTR

  -------         MODULE        ?C?CSTPTR
  C:00BEH         PUBLIC        ?C?CSTPTR
  -------         ENDMOD        ?C?CSTPTR

  -------         MODULE        ?C?CSTOPTR
  C:00D0H         PUBLIC        ?C?CSTOPTR
  -------         ENDMOD        ?C?CSTOPTR

  -------         MODULE        ?C?IILDX
  C:00F2H         PUBLIC        ?C?IILDX
  -------         ENDMOD        ?C?IILDX

  -------         MODULE        ?C?LADD
  C:0108H         PUBLIC        ?C?LADD
  -------         ENDMOD        ?C?LADD

  -------         MODULE        ?C?LMUL
  C:0115H         PUBLIC        ?C?LMUL
BL51 BANKED LINKER/LOCATER V6.22.4.0                                                  01/29/2026  18:01:53  PAGE 44


  -------         ENDMOD        ?C?LMUL

  -------         MODULE        ?C?ULDIV
  C:01A0H         PUBLIC        ?C?ULDIV
  -------         ENDMOD        ?C?ULDIV

  -------         MODULE        ?C?ULCMP
  C:0232H         PUBLIC        ?C?ULCMP
  -------         ENDMOD        ?C?ULCMP

  -------         MODULE        ?C?ULSHR
  C:0243H         PUBLIC        ?C?ULSHR
  -------         ENDMOD        ?C?ULSHR

  -------         MODULE        ?C?LSHL
  C:0256H         PUBLIC        ?C?LSHL
  -------         ENDMOD        ?C?LSHL

  -------         MODULE        ?C?LLDXDATA
  C:0269H         PUBLIC        ?C?LLDXDATA
  -------         ENDMOD        ?C?LLDXDATA

  -------         MODULE        ?C?LLDXDATA0
  C:0275H         PUBLIC        ?C?LLDXDATA0
  -------         ENDMOD        ?C?LLDXDATA0

  -------         MODULE        ?C?LSTXDATA
  C:0281H         PUBLIC        ?C?LSTXDATA
  -------         ENDMOD        ?C?LSTXDATA

  -------         MODULE        ?C?LSTKXDATA
  C:028DH         PUBLIC        ?C?LSTKXDATA
  -------         ENDMOD        ?C?LSTKXDATA

  -------         MODULE        ?C?PLDXDATA
  C:02BEH         PUBLIC        ?C?PLDXDATA
  -------         ENDMOD        ?C?PLDXDATA

  -------         MODULE        ?C?PLDIXDATA
  C:02C7H         PUBLIC        ?C?PLDIXDATA
  -------         ENDMOD        ?C?PLDIXDATA

  -------         MODULE        ?C?PSTXDATA
  C:02DEH         PUBLIC        ?C?PSTXDATA
  -------         ENDMOD        ?C?PSTXDATA

  -------         MODULE        ?C?PLDOPTR
  C:02E7H         PUBLIC        ?C?PLDOPTR
  -------         ENDMOD        ?C?PLDOPTR

  -------         MODULE        ?C?CCASE
  C:0317H         PUBLIC        ?C?CCASE
  -------         ENDMOD        ?C?CCASE

  -------         MODULE        ?C?ICALL
  C:033DH         PUBLIC        ?C?ICALL
  C:0341H         PUBLIC        ?C?ICALL2
BL51 BANKED LINKER/LOCATER V6.22.4.0                                                  01/29/2026  18:01:53  PAGE 45


  -------         ENDMOD        ?C?ICALL

  -------         MODULE        ?C?LIMUL
  C:0343H         PUBLIC        ?C?LIMUL
  -------         ENDMOD        ?C?LIMUL

  -------         MODULE        ?C?PLDIDATA
  C:0370H         PUBLIC        ?C?PLDIDATA
  -------         ENDMOD        ?C?PLDIDATA

  -------         MODULE        ?C?PLDPDATA
  C:0379H         PUBLIC        ?C?PLDPDATA
  -------         ENDMOD        ?C?PLDPDATA

  -------         MODULE        ?C?PLDCODE
  C:0382H         PUBLIC        ?C?PLDCODE
  -------         ENDMOD        ?C?PLDCODE

Program Size: data=10.4 xdata=832 code=7727
LINK/LOCATE RUN COMPLETE.  0 WARNING(S),  0 ERROR(S)
