BL51 BANKED LINKER/LOCATER V6.22.4.0                                                    02/05/2026  15:24:34  PAGE 1


BL51 BANKED LINKER/LOCATER V6.22.4.0, INVOKED BY:
C:\KEIL_V5\C51\BIN\BL51.EXE .\Release\Objects\STARTUP.obj, .\Release\Objects\system.obj, .\Release\Objects\main.obj, .\R
>> elease\Objects\pwm.obj, .\Release\Objects\adc.obj, .\Release\Objects\time0.obj, .\Release\Objects\debug.obj, .\Releas
>> e\Objects\timer1.obj, .\Release\Objects\timer2.obj, .\Release\Objects\knob_dimming.obj, .\Release\Objects\rf_recv.obj
>> , .\Release\Objects\key_driver.obj, .\Release\Objects\flash.obj, .\Release\Objects\fan_ctl.obj, .\Release\Objects\tim
>> er3.obj, .\Release\Objects\engine.obj, .\Release\Objects\power_on.obj TO .\Release\Objects\Demo PRINT (.\Release\List
>> ings\Demo.m51) RAMSIZE (256) CODE (0X0000-0X3EEF) XDATA (0X6000-0X66FF)


MEMORY MODEL: LARGE


INPUT MODULES INCLUDED:
  .\Release\Objects\STARTUP.obj (?C_STARTUP)
  .\Release\Objects\system.obj (SYSTEM)
  .\Release\Objects\main.obj (MAIN)
  .\Release\Objects\pwm.obj (PWM)
  .\Release\Objects\adc.obj (ADC)
  .\Release\Objects\time0.obj (TIME0)
  .\Release\Objects\debug.obj (DEBUG)
  .\Release\Objects\timer1.obj (TIMER1)
  .\Release\Objects\timer2.obj (TIMER2)
  .\Release\Objects\knob_dimming.obj (KNOB_DIMMING)
  .\Release\Objects\rf_recv.obj (RF_RECV)
  .\Release\Objects\key_driver.obj (KEY_DRIVER)
  .\Release\Objects\flash.obj (FLASH)
  .\Release\Objects\fan_ctl.obj (FAN_CTL)
  .\Release\Objects\timer3.obj (TIMER3)
  .\Release\Objects\engine.obj (ENGINE)
  .\Release\Objects\power_on.obj (POWER_ON)
  C:\KEIL_V5\C51\LIB\C51L.LIB (?C_INIT)
  C:\KEIL_V5\C51\LIB\C51L.LIB (?C?CLDPTR)
  C:\KEIL_V5\C51\LIB\C51L.LIB (?C?CLDOPTR)
  C:\KEIL_V5\C51\LIB\C51L.LIB (?C?CILDOPTR)
  C:\KEIL_V5\C51\LIB\C51L.LIB (?C?CSTPTR)
  C:\KEIL_V5\C51\LIB\C51L.LIB (?C?CSTOPTR)
  C:\KEIL_V5\C51\LIB\C51L.LIB (?C?IILDX)
  C:\KEIL_V5\C51\LIB\C51L.LIB (?C?LADD)
  C:\KEIL_V5\C51\LIB\C51L.LIB (?C?LMUL)
  C:\KEIL_V5\C51\LIB\C51L.LIB (?C?ULDIV)
  C:\KEIL_V5\C51\LIB\C51L.LIB (?C?ULCMP)
  C:\KEIL_V5\C51\LIB\C51L.LIB (?C?ULSHR)
  C:\KEIL_V5\C51\LIB\C51L.LIB (?C?LSHL)
  C:\KEIL_V5\C51\LIB\C51L.LIB (?C?LLDXDATA)
  C:\KEIL_V5\C51\LIB\C51L.LIB (?C?LLDXDATA0)
  C:\KEIL_V5\C51\LIB\C51L.LIB (?C?LSTXDATA)
  C:\KEIL_V5\C51\LIB\C51L.LIB (?C?LSTKXDATA)
  C:\KEIL_V5\C51\LIB\C51L.LIB (?C?PLDXDATA)
  C:\KEIL_V5\C51\LIB\C51L.LIB (?C?PLDIXDATA)
  C:\KEIL_V5\C51\LIB\C51L.LIB (?C?PSTXDATA)
  C:\KEIL_V5\C51\LIB\C51L.LIB (?C?PLDOPTR)
  C:\KEIL_V5\C51\LIB\C51L.LIB (?C?CCASE)
  C:\KEIL_V5\C51\LIB\C51L.LIB (?C?ICALL)
  C:\KEIL_V5\C51\LIB\C51L.LIB (?C?LIMUL)
  C:\KEIL_V5\C51\LIB\C51L.LIB (?C?PLDIDATA)
  C:\KEIL_V5\C51\LIB\C51L.LIB (?C?PLDPDATA)
  C:\KEIL_V5\C51\LIB\C51L.LIB (?C?PLDCODE)

BL51 BANKED LINKER/LOCATER V6.22.4.0                                                  02/05/2026  15:24:34  PAGE 2



LINK MAP OF MODULE:  .\Release\Objects\Demo (?C_STARTUP)


            TYPE    BASE      LENGTH    RELOCATION   SEGMENT NAME
            -----------------------------------------------------

            * * * * * * *   D A T A   M E M O R Y   * * * * * * *
            REG     0000H     0008H     ABSOLUTE     "REG BANK 0"
                    0008H     0018H                  *** GAP ***
            BIT     0020H.0   0000H.2   UNIT         ?BI?ADC
            BIT     0020H.2   0000H.2   UNIT         ?BI?TIMER2
            BIT     0020H.4   0000H.2   UNIT         ?BI?RF_RECV
            BIT     0020H.6   0000H.2   UNIT         ?BI?ENGINE
            BIT     0021H.0   0000H.2   UNIT         ?BI?POWER_ON
            BIT     0021H.2   0000H.1   UNIT         ?BI?PWM
            BIT     0021H.3   0000H.1   UNIT         ?BI?KNOB_DIMMING
                    0021H.4   0000H.4                *** GAP ***
            IDATA   0022H     0001H     UNIT         ?STACK

            * * * * * * *  X D A T A   M E M O R Y  * * * * * * *
                    0000H     6000H                  *** GAP ***
            XDATA   6000H     0268H     UNIT         ?XD?ENGINE
            XDATA   6268H     005FH     UNIT         ?XD?RF_RECV
            XDATA   62C7H     0017H     UNIT         ?XD?ADC
            XDATA   62DEH     0012H     UNIT         ?XD?PWM
            XDATA   62F0H     000FH     UNIT         ?XD?TIMER2
            XDATA   62FFH     000AH     UNIT         ?XD?TIME0
            XDATA   6309H     000AH     UNIT         _XDATA_GROUP_
            XDATA   6313H     0004H     UNIT         ?XD?TIMER1
            XDATA   6317H     0004H     UNIT         ?XD?KEY_DRIVER
            XDATA   631BH     0004H     UNIT         ?XD?POWER_ON
            XDATA   631FH     0002H     UNIT         ?XD?KNOB_DIMMING
            XDATA   6321H     0002H     UNIT         ?XD?TIMER3

            * * * * * * *   C O D E   M E M O R Y   * * * * * * *
            CODE    0000H     0003H     ABSOLUTE     
            CODE    0003H     000CH     ABSOLUTE     
            CODE    000FH     000EH     UNIT         ?PR?PWM_CHANNEL_0_DISABLE?PWM
                    001DH     0001H                  *** GAP ***
            CODE    001EH     0003H     ABSOLUTE     
            CODE    0021H     0003H     ABSOLUTE     
            CODE    0024H     0003H     ABSOLUTE     
            CODE    0027H     0003H     ABSOLUTE     
            CODE    002AH     0018H     UNIT         ?PR?_DELAY_MS?SYSTEM
            CODE    0042H     0003H     ABSOLUTE     
            CODE    0045H     0349H     UNIT         ?C?LIB_CODE
            CODE    038EH     02D9H     UNIT         ?PR?ACCORDING_PIN9_TO_ADJUST_PWM?ENGINE
            CODE    0667H     028CH     UNIT         ?PR?RF_KEY_HANDLE?RF_RECV
            CODE    08F3H     024BH     UNIT         ?PR?TIMR2_IRQHANDLER?TIMER2
            CODE    0B3EH     0193H     UNIT         ?PR?_KEY_DRIVER_SCAN?KEY_DRIVER
            CODE    0CD1H     018CH     UNIT         ?C_INITSEG
            CODE    0E5DH     0138H     UNIT         ?PR?ADC_IRQHANDLER?ADC
            CODE    0F95H     0119H     UNIT         ?PR?UPDATE_MAX_PWM_DUTY_COEFFICIENT?KNOB_DIMMING
            CODE    10AEH     010CH     UNIT         ?PR?TIMR0_IRQHANDLER?TIME0
            CODE    11BAH     00FDH     UNIT         ?PR?TIMR3_IRQHANDLER?TIMER3
            CODE    12B7H     00DCH     UNIT         ?PR?POWER_ON_HANDLE?POWER_ON
BL51 BANKED LINKER/LOCATER V6.22.4.0                                                  02/05/2026  15:24:34  PAGE 3


            CODE    1393H     00D7H     UNIT         ?PR?RF_RECV
            CODE    146AH     00D1H     UNIT         ?PR?TEMPERATURE_SCAN?ADC
            CODE    153BH     00CFH     UNIT         ?PR?SYSTEM_INIT?SYSTEM
            CODE    160AH     00A8H     UNIT         ?PR?PWM_INIT?PWM
            CODE    16B2H     009BH     UNIT         ?PR?RF_KEY_GET_KEY_ID?RF_RECV
            CODE    174DH     0091H     UNIT         ?PR?MAIN?MAIN
            CODE    17DEH     008CH     UNIT         ?C_C51STARTUP
            CODE    186AH     0087H     UNIT         ?PR?___RF_KEY_GET_EVENT?RF_RECV
            CODE    18F1H     007DH     UNIT         ?PR?_GET_PWM_CHANNEL_X_ADJUST_DUTY?PWM
            CODE    196EH     007BH     UNIT         ?PR?ENGINE
            CODE    19E9H     005FH     UNIT         ?PR?TIMER2
            CODE    1A48H     004FH     UNIT         ?PR?TIMR1_IRQHANDLER?TIMER1
            CODE    1A97H     0049H     UNIT         ?PR?_ADC_CHANNEL_SEL?ADC
            CODE    1AE0H     0045H     UNIT         ?PR?FAN_SCAN?ADC
            CODE    1B25H     0045H     UNIT         ?PR?___SUB_FUN_RF_KEY_GET_EVENT?RF_RECV
            CODE    1B6AH     003FH     UNIT         ?PR?ADC
            CODE    1BA9H     003CH     UNIT         ?PR?TMR1_CONFIG?TIMER1
            CODE    1BE5H     0037H     UNIT         ?PR?_FLASH_PROGRAM?FLASH
            CODE    1C1CH     0034H     UNIT         ?PR?RF_RECV_INIT?RF_RECV
            CODE    1C50H     0034H     UNIT         ?PR?_FLASH_READ?FLASH
            CODE    1C84H     0032H     UNIT         ?PR?SET_DUTY?ADC
            CODE    1CB6H     002DH     UNIT         ?PR?ADC_PIN_CONFIG?ADC
            CODE    1CE3H     0024H     UNIT         ?PR?FAN_CTL?FAN_CTL
            CODE    1D07H     0021H     UNIT         ?PR?KEY_DRIVER
            CODE    1D28H     0021H     UNIT         ?PR?TIMER3_CONFIG?TIMER3
            CODE    1D49H     0020H     UNIT         ?PR?TIMER2_CONFIG?TIMER2
            CODE    1D69H     0020H     UNIT         ?PR?KNOB_DIMMING
            CODE    1D89H     001BH     UNIT         ?PR?TMR0_CONFIG?TIME0
            CODE    1DA4H     0018H     UNIT         ?PR?GET_VOLTAGE_FROM_PIN?ADC
            CODE    1DBCH     0015H     UNIT         ?PR?PWM
            CODE    1DD1H     0015H     UNIT         ?PR?POWER_ON
            CODE    1DE6H     0012H     UNIT         ?PR?ADC_CONFIG?ADC
            CODE    1DF8H     0012H     UNIT         ?PR?FAN_CTL_CONFIG?FAN_CTL
            CODE    1E0AH     0011H     UNIT         ?PR?_FLASH_ERASE_SECTOR?FLASH
            CODE    1E1BH     0010H     UNIT         ?PR?TMR1_DISABLE?TIMER1
            CODE    1E2BH     000EH     UNIT         ?PR?PWM_CHANNEL_1_DISABLE?PWM
            CODE    1E39H     000DH     UNIT         ?PR?PWM_CHANNEL_0_ENABLE?PWM
            CODE    1E46H     000DH     UNIT         ?PR?PWM_CHANNEL_1_ENABLE?PWM
            CODE    1E53H     000CH     UNIT         ?PR?GET_PWM_CHANNEL_0_STATUS?PWM
            CODE    1E5FH     000CH     UNIT         ?PR?GET_PWM_CHANNEL_1_STATUS?PWM
            CODE    1E6BH     000CH     UNIT         ?PR?TMR1_ENABLE?TIMER1
            CODE    1E77H     000BH     UNIT         ?PR?_DELAY?SYSTEM
            CODE    1E82H     0009H     UNIT         ?PR?_SET_PWM_CHANNEL_0_DUTY?PWM
            CODE    1E8BH     0009H     UNIT         ?PR?_SET_PWM_CHANNEL_1_DUTY?PWM
            CODE    1E94H     0008H     UNIT         ?PR?MAIN
            CODE    1E9CH     0008H     UNIT         ?PR?TIMER1
            CODE    1EA4H     0007H     UNIT         ?PR?TIME0
            CODE    1EABH     0007H     UNIT         ?PR?TIMER3



OVERLAY MAP OF MODULE:   .\Release\Objects\Demo (?C_STARTUP)


SEGMENT                                            XDATA_GROUP
  +--> CALLED SEGMENT                            START    LENGTH
----------------------------------------------------------------
BL51 BANKED LINKER/LOCATER V6.22.4.0                                                  02/05/2026  15:24:34  PAGE 4


?C_C51STARTUP                                    -----    -----
  +--> ?PR?MAIN?MAIN
  +--> ?C_INITSEG

?PR?MAIN?MAIN                                    -----    -----
  +--> ?PR?SYSTEM_INIT?SYSTEM
  +--> ?PR?ADC_PIN_CONFIG?ADC
  +--> ?PR?ADC_CONFIG?ADC
  +--> ?PR?TMR0_CONFIG?TIME0
  +--> ?PR?PWM_INIT?PWM
  +--> ?PR?TMR1_CONFIG?TIMER1
  +--> ?PR?TIMER2_CONFIG?TIMER2
  +--> ?PR?TIMER3_CONFIG?TIMER3
  +--> ?PR?RF_RECV_INIT?RF_RECV
  +--> ?PR?FAN_CTL_CONFIG?FAN_CTL
  +--> ?PR?MAIN
  +--> ?PR?POWER_ON_HANDLE?POWER_ON
  +--> ?PR?UPDATE_MAX_PWM_DUTY_COEFFICIENT?K...
  +--> ?PR?TEMPERATURE_SCAN?ADC
  +--> ?PR?FAN_SCAN?ADC
  +--> ?PR?SET_DUTY?ADC
  +--> ?PR?_KEY_DRIVER_SCAN?KEY_DRIVER
  +--> ?PR?RF_KEY_HANDLE?RF_RECV
  +--> ?PR?_GET_PWM_CHANNEL_X_ADJUST_DUTY?PWM
  +--> ?PR?FAN_CTL?FAN_CTL

?PR?SYSTEM_INIT?SYSTEM                           -----    -----
  +--> ?PR?_DELAY?SYSTEM
  +--> ?PR?_DELAY_MS?SYSTEM

?PR?_DELAY_MS?SYSTEM                             -----    -----
  +--> ?PR?_DELAY?SYSTEM

?PR?ADC_CONFIG?ADC                               -----    -----
  +--> ?PR?_DELAY_MS?SYSTEM

?PR?TMR1_CONFIG?TIMER1                           -----    -----
  +--> ?PR?TIMER1

?PR?RF_RECV_INIT?RF_RECV                         -----    -----
  +--> ?PR?RF_RECV
  +--> ?PR?_FLASH_READ?FLASH

?PR?_FLASH_READ?FLASH                            6309H    0005H

?PR?POWER_ON_HANDLE?POWER_ON                     -----    -----
  +--> ?PR?UPDATE_MAX_PWM_DUTY_COEFFICIENT?K...
  +--> ?PR?POWER_ON
  +--> ?PR?_SET_PWM_CHANNEL_0_DUTY?PWM
  +--> ?PR?_SET_PWM_CHANNEL_1_DUTY?PWM

?PR?UPDATE_MAX_PWM_DUTY_COEFFICIENT?K...         6309H    0002H
  +--> ?PR?KNOB_DIMMING

?PR?_SET_PWM_CHANNEL_0_DUTY?PWM                  -----    -----
  +--> ?PR?PWM

BL51 BANKED LINKER/LOCATER V6.22.4.0                                                  02/05/2026  15:24:34  PAGE 5


?PR?_SET_PWM_CHANNEL_1_DUTY?PWM                  -----    -----
  +--> ?PR?PWM

?PR?TEMPERATURE_SCAN?ADC                         6309H    0004H
  +--> ?PR?GET_VOLTAGE_FROM_PIN?ADC
  +--> ?PR?ADC
  +--> ?PR?TMR1_ENABLE?TIMER1
  +--> ?PR?TMR1_DISABLE?TIMER1

?PR?TMR1_ENABLE?TIMER1                           -----    -----
  +--> ?PR?TIMER1

?PR?TMR1_DISABLE?TIMER1                          -----    -----
  +--> ?PR?TIMER1

?PR?SET_DUTY?ADC                                 -----    -----
  +--> ?PR?ACCORDING_PIN9_TO_ADJUST_PWM?ENGINE

?PR?ACCORDING_PIN9_TO_ADJUST_PWM?ENGINE          6309H    0008H
  +--> ?PR?ENGINE

?PR?_KEY_DRIVER_SCAN?KEY_DRIVER                  6309H    0002H
  +--> ?PR?KEY_DRIVER

?PR?RF_KEY_HANDLE?RF_RECV                        6309H    0001H
  +--> ?PR?___RF_KEY_GET_EVENT?RF_RECV
  +--> ?PR?_FLASH_ERASE_SECTOR?FLASH
  +--> ?PR?RF_RECV
  +--> ?PR?_FLASH_PROGRAM?FLASH
  +--> ?PR?GET_PWM_CHANNEL_0_STATUS?PWM
  +--> ?PR?GET_PWM_CHANNEL_1_STATUS?PWM

?PR?___RF_KEY_GET_EVENT?RF_RECV                  630AH    0004H
  +--> ?PR?RF_RECV
  +--> ?PR?___SUB_FUN_RF_KEY_GET_EVENT?RF_RECV

?PR?___SUB_FUN_RF_KEY_GET_EVENT?RF_RECV          -----    -----
  +--> ?PR?RF_RECV

?PR?_FLASH_PROGRAM?FLASH                         630AH    0005H

?PR?_GET_PWM_CHANNEL_X_ADJUST_DUTY?PWM           6309H    0002H
  +--> ?PR?PWM

?C_INITSEG                                       -----    -----
  +--> ?PR?RF_KEY_GET_KEY_ID?RF_RECV

?PR?RF_KEY_GET_KEY_ID?RF_RECV                    6309H    0001H
  +--> ?PR?RF_RECV

*** NEW ROOT ***************************************************

?PR?ADC_IRQHANDLER?ADC                           6311H    0002H
  +--> ?PR?ADC

*** NEW ROOT ***************************************************

BL51 BANKED LINKER/LOCATER V6.22.4.0                                                  02/05/2026  15:24:34  PAGE 6


?PR?TIMR0_IRQHANDLER?TIME0                       -----    -----
  +--> ?PR?TIME0

*** NEW ROOT ***************************************************

?PR?TIMR2_IRQHANDLER?TIMER2                      -----    -----
  +--> ?PR?TIMER2
  +--> ?PR?_SET_PWM_CHANNEL_0_DUTY?PWM
  +--> ?PR?_SET_PWM_CHANNEL_1_DUTY?PWM
  +--> ?PR?PWM_CHANNEL_0_DISABLE?PWM
  +--> ?PR?PWM_CHANNEL_0_ENABLE?PWM
  +--> ?PR?PWM_CHANNEL_1_DISABLE?PWM
  +--> ?PR?PWM_CHANNEL_1_ENABLE?PWM

*** NEW ROOT ***************************************************

?PR?TIMR3_IRQHANDLER?TIMER3                      -----    -----
  +--> ?PR?_ADC_CHANNEL_SEL?ADC
  +--> ?PR?TIMER3

?PR?_ADC_CHANNEL_SEL?ADC                         -----    -----
  +--> ?PR?ADC



SYMBOL TABLE OF MODULE:  .\Release\Objects\Demo (?C_STARTUP)

  VALUE           TYPE          NAME
  ----------------------------------

  -------         MODULE        ?C_STARTUP
  C:17DEH         SEGMENT       ?C_C51STARTUP
  I:0022H         SEGMENT       ?STACK
  C:0000H         PUBLIC        ?C_STARTUP
  D:00E0H         SYMBOL        ACC
  D:00F0H         SYMBOL        B
  D:0083H         SYMBOL        DPH
  D:0082H         SYMBOL        DPL
  N:0000H         SYMBOL        IBPSTACK
  N:0100H         SYMBOL        IBPSTACKTOP
  N:0080H         SYMBOL        IDATALEN
  C:17E1H         SYMBOL        IDATALOOP
  N:0000H         SYMBOL        PBPSTACK
  N:0100H         SYMBOL        PBPSTACKTOP
  N:0000H         SYMBOL        PDATALEN
  N:0000H         SYMBOL        PDATASTART
  N:0000H         SYMBOL        PPAGE
  N:0000H         SYMBOL        PPAGEENABLE
  D:00A0H         SYMBOL        PPAGE_SFR
  D:0081H         SYMBOL        SP
  C:17DEH         SYMBOL        STARTUP1
  N:0000H         SYMBOL        XBPSTACK
  N:0000H         SYMBOL        XBPSTACKTOP
  N:0000H         SYMBOL        XDATALEN
  N:0000H         SYMBOL        XDATASTART
  C:0000H         LINE#         126
  C:17DEH         LINE#         133
BL51 BANKED LINKER/LOCATER V6.22.4.0                                                  02/05/2026  15:24:34  PAGE 7


  C:17E0H         LINE#         134
  C:17E1H         LINE#         135
  C:17E2H         LINE#         136
  C:17E4H         LINE#         185
  C:17E7H         LINE#         196
  -------         ENDMOD        ?C_STARTUP

  -------         MODULE        SYSTEM
  C:0000H         SYMBOL        _ICE_DUMMY_
  D:00A7H         PUBLIC        FLASH_TIMEREG0
  C:1E77H         PUBLIC        _delay
  D:00ACH         PUBLIC        FLASH_TIMEREG1
  C:153BH         PUBLIC        system_init
  C:002AH         PUBLIC        _delay_ms
  -------         PROC          _DELAY
  D:0006H         SYMBOL        cnt
  C:1E77H         LINE#         37
  C:1E77H         LINE#         38
  C:1E77H         LINE#         39
  C:1E81H         LINE#         40
  C:1E81H         LINE#         41
  C:1E81H         LINE#         42
  -------         ENDPROC       _DELAY
  -------         PROC          _DELAY_MS
  D:0002H         SYMBOL        ms
  C:002AH         LINE#         49
  C:002EH         LINE#         50
  C:002EH         LINE#         51
  C:0038H         LINE#         52
  C:0038H         LINE#         53
  C:003FH         LINE#         54
  C:0041H         LINE#         55
  -------         ENDPROC       _DELAY_MS
  -------         PROC          SYSTEM_INIT
  -------         DO            
  D:0007H         SYMBOL        i
  -------         ENDDO         
  C:153BH         LINE#         62
  C:153BH         LINE#         63
  C:153BH         LINE#         66
  C:1542H         LINE#         67
  C:154FH         LINE#         68
  C:1552H         LINE#         69
  C:1555H         LINE#         70
  C:155BH         LINE#         71
  C:1561H         LINE#         72
  C:1567H         LINE#         76
  C:1569H         LINE#         77
  C:1569H         LINE#         78
  C:1576H         LINE#         79
  C:157BH         LINE#         81
  C:1609H         LINE#         82
  -------         ENDPROC       SYSTEM_INIT
  -------         ENDMOD        SYSTEM

  -------         MODULE        MAIN
  C:0000H         SYMBOL        _ICE_DUMMY_
BL51 BANKED LINKER/LOCATER V6.22.4.0                                                  02/05/2026  15:24:34  PAGE 8


  C:174DH         PUBLIC        main
  B:0090H.4       PUBLIC        P14
  D:00D9H         PUBLIC        WDT_KEY
  C:1E94H         SYMBOL        Com0005
  C:1E94H         SYMBOL        L?0006
  C:1E94H         SYMBOL        L?0007
  -------         PROC          COM0005
  -------         ENDPROC       COM0005
  -------         PROC          MAIN
  C:174DH         LINE#         100
  C:174DH         LINE#         101
  C:174DH         LINE#         103
  C:1750H         LINE#         105
  C:1753H         LINE#         108
  C:1756H         LINE#         109
  C:175DH         LINE#         110
  C:1760H         LINE#         155
  C:1763H         LINE#         156
  C:1766H         LINE#         158
  C:1769H         LINE#         159
  C:176CH         LINE#         160
  C:176FH         LINE#         162
  C:1772H         LINE#         163
  C:1775H         LINE#         165
  C:1778H         LINE#         166
  C:177BH         LINE#         169
  C:1781H         LINE#         170
  C:1787H         LINE#         171
  C:178DH         LINE#         172
  C:1793H         LINE#         237
  C:1796H         LINE#         245
  C:1796H         LINE#         246
  C:1796H         LINE#         248
  C:1799H         LINE#         249
  C:179CH         LINE#         250
  C:179FH         LINE#         251
  C:17A2H         LINE#         254
  C:17A4H         LINE#         256
  C:17A7H         LINE#         257
  C:17A7H         LINE#         258
  C:17B0H         LINE#         259
  C:17B3H         LINE#         260
  C:17B3H         LINE#         262
  C:17B3H         LINE#         264
  C:17C6H         LINE#         265
  C:17D9H         LINE#         266
  C:17D9H         LINE#         269
  C:17DCH         LINE#         271
  -------         ENDPROC       MAIN
  -------         ENDMOD        MAIN

  -------         MODULE        PWM
  C:0000H         SYMBOL        _ICE_DUMMY_
  C:18F1H         PUBLIC        _get_pwm_channel_x_adjust_duty
  X:62DEH         PUBLIC        expect_adjust_pwm_channel_0_duty
  X:62E0H         PUBLIC        expect_adjust_pwm_channel_1_duty
  B:0090H.5       PUBLIC        P15
BL51 BANKED LINKER/LOCATER V6.22.4.0                                                  02/05/2026  15:24:34  PAGE 9


  B:0090H.6       PUBLIC        P16
  X:62E2H         PUBLIC        adjust_pwm_channel_0_duty
  X:62E4H         PUBLIC        adjust_pwm_channel_1_duty
  X:62E6H         PUBLIC        limited_pwm_duty_due_to_temp
  C:1E53H         PUBLIC        get_pwm_channel_0_status
  C:1E5FH         PUBLIC        get_pwm_channel_1_status
  X:62E8H         PUBLIC        limited_pwm_duty_due_to_unstable_engine
  C:000FH         PUBLIC        pwm_channel_0_disable
  C:1E2BH         PUBLIC        pwm_channel_1_disable
  B:0021H.2       PUBLIC        flag_is_time_to_limit_pwm
  C:160AH         PUBLIC        pwm_init
  C:1E39H         PUBLIC        pwm_channel_0_enable
  C:1E46H         PUBLIC        pwm_channel_1_enable
  X:62EAH         PUBLIC        limited_pwm_duty_due_to_fan_err
  X:62ECH         PUBLIC        cur_pwm_channel_0_duty
  X:62EEH         PUBLIC        cur_pwm_channel_1_duty
  C:1E82H         PUBLIC        _set_pwm_channel_0_duty
  C:1E8BH         PUBLIC        _set_pwm_channel_1_duty
  C:1DBCH         SYMBOL        Com0013
  C:1DBCH         SYMBOL        L?0020
  C:1DC7H         SYMBOL        L?0021
  -------         PROC          COM0013
  -------         ENDPROC       COM0013
  -------         PROC          PWM_INIT
  C:160AH         LINE#         21
  C:160AH         LINE#         22
  C:160AH         LINE#         23
  C:1610H         LINE#         26
  C:1614H         LINE#         27
  C:1619H         LINE#         28
  C:161DH         LINE#         29
  C:1621H         LINE#         30
  C:1623H         LINE#         31
  C:1629H         LINE#         33
  C:162FH         LINE#         34
  C:1635H         LINE#         35
  C:163BH         LINE#         36
  C:1641H         LINE#         37
  C:1647H         LINE#         39
  C:164DH         LINE#         40
  C:1651H         LINE#         41
  C:1655H         LINE#         42
  C:1659H         LINE#         43
  C:165EH         LINE#         44
  C:1664H         LINE#         47
  C:166AH         LINE#         49
  C:166EH         LINE#         50
  C:1673H         LINE#         51
  C:1677H         LINE#         52
  C:167BH         LINE#         53
  C:167DH         LINE#         54
  C:1683H         LINE#         56
  C:1689H         LINE#         57
  C:168FH         LINE#         58
  C:1695H         LINE#         59
  C:169BH         LINE#         60
  C:16A1H         LINE#         67
BL51 BANKED LINKER/LOCATER V6.22.4.0                                                  02/05/2026  15:24:34  PAGE 10


  C:16A7H         LINE#         68
  C:16ABH         LINE#         69
  C:16B1H         LINE#         71
  -------         ENDPROC       PWM_INIT
  -------         PROC          _SET_PWM_CHANNEL_0_DUTY
  D:0004H         SYMBOL        channel_duty
  C:1E82H         LINE#         74
  C:1E82H         LINE#         75
  C:1E82H         LINE#         76
  C:1E84H         LINE#         77
  C:1E84H         LINE#         78
  C:1E8AH         LINE#         79
  -------         ENDPROC       _SET_PWM_CHANNEL_0_DUTY
  -------         PROC          _SET_PWM_CHANNEL_1_DUTY
  D:0004H         SYMBOL        channel_duty
  C:1E8BH         LINE#         82
  C:1E8BH         LINE#         83
  C:1E8BH         LINE#         84
  C:1E8DH         LINE#         85
  C:1E8DH         LINE#         86
  C:1E93H         LINE#         87
  -------         ENDPROC       _SET_PWM_CHANNEL_1_DUTY
  -------         PROC          GET_PWM_CHANNEL_0_STATUS
  C:1E53H         LINE#         108
  C:1E53H         LINE#         109
  C:1E53H         LINE#         110
  C:1E59H         LINE#         111
  C:1E59H         LINE#         112
  C:1E5CH         LINE#         113
  C:1E5CH         LINE#         115
  C:1E5CH         LINE#         116
  C:1E5EH         LINE#         117
  C:1E5EH         LINE#         118
  -------         ENDPROC       GET_PWM_CHANNEL_0_STATUS
  -------         PROC          GET_PWM_CHANNEL_1_STATUS
  C:1E5FH         LINE#         125
  C:1E5FH         LINE#         126
  C:1E5FH         LINE#         127
  C:1E65H         LINE#         128
  C:1E65H         LINE#         129
  C:1E68H         LINE#         130
  C:1E68H         LINE#         132
  C:1E68H         LINE#         133
  C:1E6AH         LINE#         134
  C:1E6AH         LINE#         135
  -------         ENDPROC       GET_PWM_CHANNEL_1_STATUS
  -------         PROC          PWM_CHANNEL_0_ENABLE
  C:1E39H         LINE#         137
  C:1E39H         LINE#         138
  C:1E39H         LINE#         140
  C:1E3FH         LINE#         141
  C:1E45H         LINE#         142
  -------         ENDPROC       PWM_CHANNEL_0_ENABLE
  -------         PROC          PWM_CHANNEL_0_DISABLE
  C:000FH         LINE#         144
  C:000FH         LINE#         145
  C:000FH         LINE#         146
BL51 BANKED LINKER/LOCATER V6.22.4.0                                                  02/05/2026  15:24:34  PAGE 11


  C:0014H         LINE#         147
  C:0016H         LINE#         150
  C:001CH         LINE#         151
  -------         ENDPROC       PWM_CHANNEL_0_DISABLE
  -------         PROC          PWM_CHANNEL_1_ENABLE
  C:1E46H         LINE#         153
  C:1E46H         LINE#         154
  C:1E46H         LINE#         156
  C:1E4CH         LINE#         161
  C:1E52H         LINE#         163
  -------         ENDPROC       PWM_CHANNEL_1_ENABLE
  -------         PROC          PWM_CHANNEL_1_DISABLE
  C:1E2BH         LINE#         165
  C:1E2BH         LINE#         166
  C:1E2BH         LINE#         171
  C:1E30H         LINE#         172
  C:1E32H         LINE#         176
  C:1E38H         LINE#         177
  -------         ENDPROC       PWM_CHANNEL_1_DISABLE
  -------         PROC          _GET_PWM_CHANNEL_X_ADJUST_DUTY
  D:0006H         SYMBOL        pwm_adjust_duty
  -------         DO            
  D:0004H         SYMBOL        tmp_pwm_duty
  X:6309H         SYMBOL        limited_pwm_duty_due_to_schedule
  -------         ENDDO         
  C:18F1H         LINE#         190
  C:18F1H         LINE#         191
  C:18F1H         LINE#         194
  C:18F1H         LINE#         195
  C:18FBH         LINE#         197
  C:18FEH         LINE#         198
  C:18FEH         LINE#         204
  C:1908H         LINE#         205
  C:1908H         LINE#         207
  C:1933H         LINE#         211
  C:1940H         LINE#         212
  C:1940H         LINE#         213
  C:1945H         LINE#         214
  C:1945H         LINE#         217
  C:1952H         LINE#         218
  C:1952H         LINE#         219
  C:1957H         LINE#         220
  C:1957H         LINE#         223
  C:1964H         LINE#         224
  C:1964H         LINE#         225
  C:1969H         LINE#         226
  C:1969H         LINE#         228
  C:196DH         LINE#         229
  -------         ENDPROC       _GET_PWM_CHANNEL_X_ADJUST_DUTY
  -------         ENDMOD        PWM

  -------         MODULE        ADC
  C:0000H         SYMBOL        _ICE_DUMMY_
  X:62D3H         PUBLIC        adc_val_from_temp
  C:1DE6H         PUBLIC        adc_config
  C:1A97H         PUBLIC        _adc_channel_sel
  C:1CB6H         PUBLIC        adc_pin_config
BL51 BANKED LINKER/LOCATER V6.22.4.0                                                  02/05/2026  15:24:34  PAGE 12


  D:0099H         PUBLIC        ADC_CHS0
  D:0093H         PUBLIC        ADC_DATAH0
  C:1AE0H         PUBLIC        fan_scan
  C:146AH         PUBLIC        temperature_scan
  D:00A8H         PUBLIC        IE0
  D:00A9H         PUBLIC        IE1
  X:62D5H         PUBLIC        adc_val_from_engine
  D:00AAH         PUBLIC        IE2
  X:62D7H         PUBLIC        temp_status
  D:0094H         PUBLIC        ADC_DATAL0
  D:00ABH         PUBLIC        IE3
  D:00B8H         PUBLIC        IP0
  D:00B1H         PUBLIC        IP1
  D:00B2H         PUBLIC        IP2
  D:00B3H         PUBLIC        IP3
  D:00B4H         PUBLIC        IP4
  D:00B5H         PUBLIC        IP5
  D:00B6H         PUBLIC        IP6
  B:0020H.1       PUBLIC        flag_tim_scan_fan_is_err
  D:00B7H         PUBLIC        IP7
  C:0E5DH         PUBLIC        ADC_IRQHandler
  C:1DA4H         PUBLIC        get_voltage_from_pin
  X:62D8H         PUBLIC        cur_adc_status
  X:62D9H         PUBLIC        cur_fan_status
  X:62DAH         PUBLIC        adc_val_from_knob
  B:00A8H.7       PUBLIC        IE_EA
  C:1C84H         PUBLIC        set_duty
  X:62DCH         PUBLIC        adc_val_from_fan
  C:1B6AH         SYMBOL        Com0068
  C:1B6AH         SYMBOL        L?0105
  C:1B70H         SYMBOL        L?0106
  C:1B73H         SYMBOL        L?0107
  C:1B7AH         SYMBOL        L?0108
  C:1B80H         SYMBOL        L?0109
  C:1B84H         SYMBOL        L?0110
  C:1B8CH         SYMBOL        L?0111
  C:1B99H         SYMBOL        L?0112
  C:1B99H         SYMBOL        L?0113
  C:1BA1H         SYMBOL        L?0114
  C:1BA1H         SYMBOL        L?0115
  -------         PROC          COM0068
  -------         ENDPROC       COM0068
  -------         PROC          ADC_PIN_CONFIG
  C:1CB6H         LINE#         23
  C:1CB6H         LINE#         24
  C:1CB6H         LINE#         26
  C:1CBCH         LINE#         29
  C:1CC2H         LINE#         32
  C:1CC8H         LINE#         33
  C:1CCDH         LINE#         34
  C:1CD2H         LINE#         37
  C:1CD8H         LINE#         38
  C:1CDDH         LINE#         39
  C:1CE2H         LINE#         40
  -------         ENDPROC       ADC_PIN_CONFIG
  -------         PROC          ADC_CONFIG
  C:1DE6H         LINE#         42
BL51 BANKED LINKER/LOCATER V6.22.4.0                                                  02/05/2026  15:24:34  PAGE 13


  C:1DE6H         LINE#         43
  C:1DE6H         LINE#         44
  C:1DE9H         LINE#         45
  C:1DEBH         LINE#         46
  C:1DF1H         LINE#         48
  -------         ENDPROC       ADC_CONFIG
  -------         PROC          _ADC_CHANNEL_SEL
  D:0007H         SYMBOL        adc_sel_pin
  C:1A97H         LINE#         51
  C:1A97H         LINE#         52
  C:1A97H         LINE#         54
  C:1A9AH         LINE#         55
  C:1A9CH         LINE#         57
  C:1AABH         LINE#         58
  C:1AABH         LINE#         59
  C:1AABH         LINE#         60
  C:1AABH         LINE#         62
  C:1AB2H         LINE#         63
  C:1AB5H         LINE#         65
  C:1AB8H         LINE#         68
  C:1ABBH         LINE#         70
  C:1ABBH         LINE#         71
  C:1ABDH         LINE#         73
  C:1ABDH         LINE#         74
  C:1ABDH         LINE#         75
  C:1ABDH         LINE#         76
  C:1ABDH         LINE#         78
  C:1AC0H         LINE#         81
  C:1AC3H         LINE#         83
  C:1AC3H         LINE#         84
  C:1AC5H         LINE#         86
  C:1AC5H         LINE#         87
  C:1AC5H         LINE#         88
  C:1AC5H         LINE#         89
  C:1AC5H         LINE#         91
  C:1AC8H         LINE#         95
  C:1ACBH         LINE#         97
  C:1ACBH         LINE#         98
  C:1ACDH         LINE#         100
  C:1ACDH         LINE#         101
  C:1ACDH         LINE#         102
  C:1AD3H         LINE#         103
  C:1AD3H         LINE#         105
  C:1AD6H         LINE#         109
  C:1AD9H         LINE#         111
  C:1AD9H         LINE#         112
  C:1AD9H         LINE#         114
  C:1AD9H         LINE#         115
  C:1AD9H         LINE#         116
  C:1AD9H         LINE#         118
  C:1ADFH         LINE#         120
  -------         ENDPROC       _ADC_CHANNEL_SEL
  -------         PROC          GET_VOLTAGE_FROM_PIN
  C:1DA4H         LINE#         123
  C:1DA4H         LINE#         124
  C:1DA4H         LINE#         125
  -------         ENDPROC       GET_VOLTAGE_FROM_PIN
BL51 BANKED LINKER/LOCATER V6.22.4.0                                                  02/05/2026  15:24:34  PAGE 14


  -------         PROC          TEMPERATURE_SCAN
  -------         DO            
  X:6309H         SYMBOL        voltage
  -------         DO            
  X:62C7H         SYMBOL        cnt
  X:62C8H         SYMBOL        cnt
  -------         ENDDO         
  -------         DO            
  X:62C8H         SYMBOL        cnt
  -------         ENDDO         
  -------         DO            
  B:0020H.0       SYMBOL        tmr1_is_open
  -------         DO            
  X:62C9H         SYMBOL        cnt
  -------         ENDDO         
  -------         ENDDO         
  -------         ENDDO         
  C:146AH         LINE#         129
  C:146AH         LINE#         130
  C:146AH         LINE#         131
  C:1474H         LINE#         134
  C:147FH         LINE#         135
  C:147FH         LINE#         137
  C:147FH         LINE#         139
  C:147FH         LINE#         142
  C:1485H         LINE#         143
  C:148EH         LINE#         144
  C:148EH         LINE#         146
  C:148EH         LINE#         148
  C:1490H         LINE#         149
  C:1490H         LINE#         151
  C:1499H         LINE#         152
  C:14A9H         LINE#         153
  C:14A9H         LINE#         156
  C:14A9H         LINE#         164
  C:14AFH         LINE#         165
  C:14AFH         LINE#         168
  C:14B4H         LINE#         169
  C:14B4H         LINE#         170
  C:14BAH         LINE#         171
  C:14BCH         LINE#         173
  C:14BCH         LINE#         174
  C:14C1H         LINE#         175
  C:14C1H         LINE#         177
  C:14CBH         LINE#         178
  C:14CBH         LINE#         179
  C:14CCH         LINE#         181
  C:14D1H         LINE#         182
  C:14D2H         LINE#         184
  C:14D2H         LINE#         185
  C:14D6H         LINE#         186
  C:14D7H         LINE#         189
  C:14D7H         LINE#         190
  C:14DFH         LINE#         191
  C:14DFH         LINE#         195
  C:14E2H         LINE#         196
  C:14E2H         LINE#         197
BL51 BANKED LINKER/LOCATER V6.22.4.0                                                  02/05/2026  15:24:34  PAGE 15


  C:14E4H         LINE#         198
  C:14EEH         LINE#         199
  C:14F1H         LINE#         200
  C:14F1H         LINE#         203
  C:1500H         LINE#         204
  C:1500H         LINE#         207
  C:1506H         LINE#         208
  C:1506H         LINE#         209
  C:150CH         LINE#         210
  C:150EH         LINE#         212
  C:150EH         LINE#         213
  C:1513H         LINE#         214
  C:1513H         LINE#         216
  C:151CH         LINE#         217
  C:151CH         LINE#         218
  C:151EH         LINE#         219
  C:1524H         LINE#         220
  C:1527H         LINE#         221
  C:1531H         LINE#         222
  C:1533H         LINE#         223
  C:1534H         LINE#         225
  C:1534H         LINE#         226
  C:153AH         LINE#         227
  C:153AH         LINE#         230
  C:153AH         LINE#         231
  C:153AH         LINE#         232
  -------         ENDPROC       TEMPERATURE_SCAN
  -------         PROC          SET_DUTY
  C:1C84H         LINE#         235
  C:1C84H         LINE#         236
  C:1C84H         LINE#         238
  C:1C8AH         LINE#         239
  C:1C8AH         LINE#         240
  C:1C8DH         LINE#         241
  C:1C8DH         LINE#         242
  C:1C8FH         LINE#         243
  C:1C92H         LINE#         244
  C:1C92H         LINE#         245
  C:1C92H         LINE#         246
  C:1C99H         LINE#         247
  C:1C99H         LINE#         248
  C:1CA3H         LINE#         249
  C:1CA4H         LINE#         250
  C:1CABH         LINE#         251
  C:1CABH         LINE#         252
  C:1CB5H         LINE#         253
  C:1CB5H         LINE#         254
  -------         ENDPROC       SET_DUTY
  -------         PROC          FAN_SCAN
  -------         DO            
  D:0006H         SYMBOL        adc_val
  -------         ENDDO         
  C:1AE0H         LINE#         256
  C:1AE0H         LINE#         257
  C:1AE0H         LINE#         258
  C:1AE8H         LINE#         259
  C:1AEFH         LINE#         260
BL51 BANKED LINKER/LOCATER V6.22.4.0                                                  02/05/2026  15:24:34  PAGE 16


  C:1AEFH         LINE#         263
  C:1AEFH         LINE#         269
  C:1AF5H         LINE#         270
  C:1AF5H         LINE#         271
  C:1AFEH         LINE#         272
  C:1AFEH         LINE#         273
  C:1B00H         LINE#         274
  C:1B02H         LINE#         276
  C:1B02H         LINE#         278
  C:1B04H         LINE#         279
  C:1B04H         LINE#         282
  C:1B0EH         LINE#         283
  C:1B0FH         LINE#         285
  C:1B0FH         LINE#         287
  C:1B18H         LINE#         288
  C:1B18H         LINE#         289
  C:1B1AH         LINE#         290
  C:1B1AH         LINE#         293
  C:1B24H         LINE#         294
  C:1B24H         LINE#         295
  -------         ENDPROC       FAN_SCAN
  -------         PROC          ADC_IRQHANDLER
  -------         DO            
  X:6311H         SYMBOL        adc_val
  -------         DO            
  X:62CAH         SYMBOL        i
  X:62CBH         SYMBOL        g_tmpbuff
  X:62CFH         SYMBOL        g_adcmax
  X:62D1H         SYMBOL        g_adcmin
  -------         ENDDO         
  -------         ENDDO         
  C:0E5DH         LINE#         297
  C:0E7AH         LINE#         300
  C:0E7AH         LINE#         303
  C:0E83H         LINE#         304
  C:0E83H         LINE#         305
  C:0E9DH         LINE#         306
  C:0EA1H         LINE#         308
  C:0EACH         LINE#         309
  C:0EACH         LINE#         317
  C:0EB1H         LINE#         318
  C:0EB1H         LINE#         319
  C:0EB4H         LINE#         321
  C:0EBAH         LINE#         322
  C:0EBAH         LINE#         323
  C:0EC6H         LINE#         324
  C:0ED2H         LINE#         325
  C:0EDEH         LINE#         326
  C:0EEAH         LINE#         327
  C:0F04H         LINE#         328
  C:0F04H         LINE#         330
  C:0F09H         LINE#         331
  C:0F0FH         LINE#         332
  C:0F0FH         LINE#         334
  C:0F14H         LINE#         335
  C:0F14H         LINE#         336
  C:0F25H         LINE#         337
BL51 BANKED LINKER/LOCATER V6.22.4.0                                                  02/05/2026  15:24:34  PAGE 17


  C:0F2BH         LINE#         340
  C:0F30H         LINE#         341
  C:0F36H         LINE#         342
  C:0F3EH         LINE#         343
  C:0F48H         LINE#         345
  C:0F48H         LINE#         346
  C:0F4AH         LINE#         347
  C:0F51H         LINE#         348
  C:0F51H         LINE#         350
  C:0F57H         LINE#         352
  C:0F59H         LINE#         353
  C:0F60H         LINE#         354
  C:0F60H         LINE#         356
  C:0F66H         LINE#         358
  C:0F68H         LINE#         359
  C:0F6FH         LINE#         360
  C:0F6FH         LINE#         362
  C:0F7AH         LINE#         364
  C:0F7AH         LINE#         365
  C:0F7AH         LINE#         368
  C:0F7AH         LINE#         369
  -------         ENDPROC       ADC_IRQHANDLER
  -------         ENDMOD        ADC

  -------         MODULE        TIME0
  C:0000H         SYMBOL        _ICE_DUMMY_
  C:10AEH         PUBLIC        TIMR0_IRQHandler
  D:00D1H         PUBLIC        TMR_ALLCON
  D:00A8H         PUBLIC        IE0
  D:00A9H         PUBLIC        IE1
  D:00AAH         PUBLIC        IE2
  D:00ABH         PUBLIC        IE3
  D:00B8H         PUBLIC        IP0
  D:00B1H         PUBLIC        IP1
  D:00B2H         PUBLIC        IP2
  D:00B3H         PUBLIC        IP3
  D:00B4H         PUBLIC        IP4
  D:00B5H         PUBLIC        IP5
  D:00B6H         PUBLIC        IP6
  D:00B7H         PUBLIC        IP7
  C:1D89H         PUBLIC        tmr0_config
  B:00A8H.7       PUBLIC        IE_EA
  C:1EA4H         SYMBOL        Com0030
  C:1EA4H         SYMBOL        L?0049
  C:1EA4H         SYMBOL        L?0050
  -------         PROC          COM0030
  -------         ENDPROC       COM0030
  -------         PROC          TMR0_CONFIG
  C:1D89H         LINE#         13
  C:1D89H         LINE#         14
  C:1D89H         LINE#         15
  C:1D8CH         LINE#         16
  C:1D8EH         LINE#         20
  C:1D91H         LINE#         21
  C:1D96H         LINE#         22
  C:1D9AH         LINE#         23
  C:1D9FH         LINE#         24
BL51 BANKED LINKER/LOCATER V6.22.4.0                                                  02/05/2026  15:24:34  PAGE 18


  C:1DA3H         LINE#         25
  -------         ENDPROC       TMR0_CONFIG
  -------         PROC          TIMR0_IRQHANDLER
  -------         DO            
  X:62FFH         SYMBOL        rf_learn_cnt
  X:6301H         SYMBOL        fan_normal_cnt
  X:6303H         SYMBOL        fan_err_cnt
  X:6305H         SYMBOL        cnt
  -------         ENDDO         
  -------         DO            
  X:6301H         SYMBOL        fan_normal_cnt
  X:6303H         SYMBOL        fan_err_cnt
  X:6305H         SYMBOL        cnt
  -------         ENDDO         
  -------         DO            
  X:6305H         SYMBOL        cnt
  -------         ENDDO         
  C:10AEH         LINE#         58
  C:10CBH         LINE#         61
  C:10CBH         LINE#         66
  C:10D4H         LINE#         67
  C:10D4H         LINE#         68
  C:10D8H         LINE#         77
  C:10DAH         LINE#         79
  C:10E3H         LINE#         80
  C:10E3H         LINE#         81
  C:10E6H         LINE#         82
  C:10E6H         LINE#         84
  C:10E6H         LINE#         87
  C:10EFH         LINE#         88
  C:10EFH         LINE#         89
  C:10F5H         LINE#         90
  C:1104H         LINE#         91
  C:1104H         LINE#         92
  C:1108H         LINE#         93
  C:110CH         LINE#         94
  C:110CH         LINE#         95
  C:110EH         LINE#         97
  C:110EH         LINE#         98
  C:1115H         LINE#         99
  C:1115H         LINE#         100
  C:1115H         LINE#         102
  C:1115H         LINE#         106
  C:1118H         LINE#         107
  C:1118H         LINE#         108
  C:111EH         LINE#         109
  C:1125H         LINE#         111
  C:1134H         LINE#         112
  C:1134H         LINE#         113
  C:1138H         LINE#         114
  C:113DH         LINE#         115
  C:113DH         LINE#         116
  C:113FH         LINE#         118
  C:113FH         LINE#         119
  C:1145H         LINE#         120
  C:114CH         LINE#         122
  C:115BH         LINE#         123
BL51 BANKED LINKER/LOCATER V6.22.4.0                                                  02/05/2026  15:24:34  PAGE 19


  C:115BH         LINE#         124
  C:115FH         LINE#         125
  C:1163H         LINE#         126
  C:1163H         LINE#         127
  C:1163H         LINE#         128
  C:1163H         LINE#         130
  C:1163H         LINE#         132
  C:1166H         LINE#         133
  C:1166H         LINE#         138
  C:117FH         LINE#         139
  C:1193H         LINE#         140
  C:1193H         LINE#         141
  C:119DH         LINE#         142
  C:119FH         LINE#         143
  C:119FH         LINE#         144
  C:119FH         LINE#         145
  C:119FH         LINE#         146
  C:119FH         LINE#         149
  C:119FH         LINE#         150
  -------         ENDPROC       TIMR0_IRQHANDLER
  -------         ENDMOD        TIME0

  -------         MODULE        DEBUG
  C:0000H         SYMBOL        _ICE_DUMMY_
  -------         ENDMOD        DEBUG

  -------         MODULE        TIMER1
  C:0000H         SYMBOL        _ICE_DUMMY_
  C:1A48H         PUBLIC        TIMR1_IRQHandler
  X:6313H         PUBLIC        tmr1_cnt
  D:00A8H         PUBLIC        IE0
  C:1E1BH         PUBLIC        tmr1_disable
  D:00A9H         PUBLIC        IE1
  D:00AAH         PUBLIC        IE2
  D:00ABH         PUBLIC        IE3
  D:00B8H         PUBLIC        IP0
  D:00B1H         PUBLIC        IP1
  D:00B2H         PUBLIC        IP2
  D:00B3H         PUBLIC        IP3
  D:00B4H         PUBLIC        IP4
  D:00B5H         PUBLIC        IP5
  D:00B6H         PUBLIC        IP6
  D:00B7H         PUBLIC        IP7
  C:1E6BH         PUBLIC        tmr1_enable
  C:1BA9H         PUBLIC        tmr1_config
  B:00A8H.7       PUBLIC        IE_EA
  C:1E9CH         SYMBOL        Com004E
  C:1E9CH         SYMBOL        L?0079
  C:1E9CH         SYMBOL        L?0080
  -------         PROC          COM004E
  -------         ENDPROC       COM004E
  -------         PROC          TMR1_CONFIG
  C:1BA9H         LINE#         11
  C:1BA9H         LINE#         12
  C:1BA9H         LINE#         13
  C:1BAFH         LINE#         15
  C:1BB5H         LINE#         18
BL51 BANKED LINKER/LOCATER V6.22.4.0                                                  02/05/2026  15:24:34  PAGE 20


  C:1BB9H         LINE#         19
  C:1BBDH         LINE#         20
  C:1BC1H         LINE#         22
  C:1BC6H         LINE#         23
  C:1BCAH         LINE#         26
  C:1BCFH         LINE#         27
  C:1BD3H         LINE#         30
  C:1BD7H         LINE#         31
  C:1BD9H         LINE#         33
  C:1BD9H         LINE#         35
  C:1BDFH         LINE#         38
  C:1BE2H         LINE#         39
  C:1BE4H         LINE#         40
  -------         ENDPROC       TMR1_CONFIG
  -------         PROC          TMR1_ENABLE
  C:1E6BH         LINE#         45
  C:1E6BH         LINE#         46
  C:1E6BH         LINE#         48
  C:1E6BH         LINE#         49
  C:1E71H         LINE#         51
  C:1E74H         LINE#         52
  C:1E76H         LINE#         53
  -------         ENDPROC       TMR1_ENABLE
  -------         PROC          TMR1_DISABLE
  C:1E1BH         LINE#         58
  C:1E1BH         LINE#         59
  C:1E1BH         LINE#         61
  C:1E1BH         LINE#         62
  C:1E21H         LINE#         65
  C:1E25H         LINE#         66
  C:1E27H         LINE#         68
  C:1E2AH         LINE#         69
  -------         ENDPROC       TMR1_DISABLE
  -------         PROC          TIMR1_IRQHANDLER
  C:1A48H         LINE#         72
  C:1A5FH         LINE#         75
  C:1A5FH         LINE#         80
  C:1A65H         LINE#         81
  C:1A65H         LINE#         82
  C:1A69H         LINE#         86
  C:1A82H         LINE#         87
  C:1A82H         LINE#         90
  C:1A82H         LINE#         91
  -------         ENDPROC       TIMR1_IRQHANDLER
  -------         ENDMOD        TIMER1

  -------         MODULE        TIMER2
  C:0000H         SYMBOL        _ICE_DUMMY_
  C:08F3H         PUBLIC        TIMR2_IRQHandler
  D:00D1H         PUBLIC        TMR_ALLCON
  B:0020H.2       PUBLIC        flag_is_pwm_add_time_comes
  X:62F9H         SYMBOL        pwm_duty_add_cnt
  C:1D49H         PUBLIC        timer2_config
  B:0080H.3       PUBLIC        P03
  D:00A8H         PUBLIC        IE0
  D:00A9H         PUBLIC        IE1
  D:00AAH         PUBLIC        IE2
BL51 BANKED LINKER/LOCATER V6.22.4.0                                                  02/05/2026  15:24:34  PAGE 21


  D:00ABH         PUBLIC        IE3
  B:0020H.3       PUBLIC        flag_is_pwm_sub_time_comes
  D:00B8H         PUBLIC        IP0
  D:00B1H         PUBLIC        IP1
  D:00B2H         PUBLIC        IP2
  D:00B3H         PUBLIC        IP3
  D:00B4H         PUBLIC        IP4
  D:00B5H         PUBLIC        IP5
  D:00B6H         PUBLIC        IP6
  D:00B7H         PUBLIC        IP7
  X:62FBH         SYMBOL        pwm_duty_sub_cnt
  X:62FDH         SYMBOL        pwm_duty_change_cnt
  B:00A8H.7       PUBLIC        IE_EA
  C:19E9H         SYMBOL        Com004A
  C:19E9H         SYMBOL        L?0075
  C:19F2H         SYMBOL        L?0076
  C:19F4H         SYMBOL        L?0077
  C:19FAH         SYMBOL        L?0078
  C:19FAH         SYMBOL        L?0079
  C:1A03H         SYMBOL        L?0080
  C:1A03H         SYMBOL        L?0081
  C:1A0CH         SYMBOL        L?0082
  C:1A0CH         SYMBOL        L?0083
  C:1A15H         SYMBOL        L?0084
  C:1A15H         SYMBOL        L?0085
  C:1A1CH         SYMBOL        L?0086
  C:1A28H         SYMBOL        L?0087
  C:1A33H         SYMBOL        L?0088
  C:1A3EH         SYMBOL        L?0089
  -------         PROC          COM004A
  -------         ENDPROC       COM004A
  -------         PROC          TIMER2_CONFIG
  C:1D49H         LINE#         13
  C:1D49H         LINE#         14
  C:1D49H         LINE#         15
  C:1D4CH         LINE#         16
  C:1D4EH         LINE#         19
  C:1D51H         LINE#         20
  C:1D56H         LINE#         21
  C:1D5CH         LINE#         22
  C:1D62H         LINE#         23
  C:1D68H         LINE#         24
  -------         ENDPROC       TIMER2_CONFIG
  -------         PROC          TIMR2_IRQHANDLER
  -------         DO            
  X:62F0H         SYMBOL        rf_bit_cnt
  X:62F1H         SYMBOL        __rf_data
  X:62F5H         SYMBOL        flag_is_enable_recv
  X:62F6H         SYMBOL        __flag_is_recved_data
  X:62F7H         SYMBOL        low_level_cnt
  X:62F8H         SYMBOL        high_level_cnt
  -------         ENDDO         
  C:08F3H         LINE#         27
  C:0910H         LINE#         30
  C:0910H         LINE#         35
  C:091AH         LINE#         36
  C:091AH         LINE#         37
BL51 BANKED LINKER/LOCATER V6.22.4.0                                                  02/05/2026  15:24:34  PAGE 22


  C:091EH         LINE#         42
  C:0924H         LINE#         43
  C:092AH         LINE#         44
  C:0930H         LINE#         46
  C:093FH         LINE#         48
  C:093FH         LINE#         49
  C:0943H         LINE#         50
  C:0945H         LINE#         51
  C:0945H         LINE#         54
  C:0954H         LINE#         55
  C:0954H         LINE#         56
  C:0958H         LINE#         57
  C:095AH         LINE#         58
  C:095AH         LINE#         61
  C:095AH         LINE#         71
  C:095DH         LINE#         72
  C:095DH         LINE#         74
  C:0963H         LINE#         79
  C:0977H         LINE#         80
  C:0977H         LINE#         81
  C:0984H         LINE#         82
  C:0984H         LINE#         83
  C:0987H         LINE#         84
  C:0989H         LINE#         85
  C:0994H         LINE#         86
  C:0994H         LINE#         87
  C:0994H         LINE#         89
  C:0994H         LINE#         90
  C:0997H         LINE#         91
  C:0997H         LINE#         92
  C:099AH         LINE#         94
  C:099AH         LINE#         95
  C:09A6H         LINE#         96
  C:09A6H         LINE#         98
  C:09ACH         LINE#         99
  C:09ACH         LINE#         101
  C:09B6H         LINE#         102
  C:09B6H         LINE#         104
  C:09BBH         LINE#         105
  C:09BEH         LINE#         106
  C:09DEH         LINE#         109
  C:09DEH         LINE#         111
  C:09E1H         LINE#         112
  C:09E1H         LINE#         113
  C:09E6H         LINE#         114
  C:09E6H         LINE#         115
  C:09E6H         LINE#         116
  C:09E6H         LINE#         117
  C:09E8H         LINE#         118
  C:0A08H         LINE#         121
  C:0A08H         LINE#         123
  C:0A14H         LINE#         124
  C:0A14H         LINE#         125
  C:0A19H         LINE#         126
  C:0A19H         LINE#         127
  C:0A25H         LINE#         128
  C:0A25H         LINE#         129
BL51 BANKED LINKER/LOCATER V6.22.4.0                                                  02/05/2026  15:24:34  PAGE 23


  C:0A27H         LINE#         131
  C:0A27H         LINE#         133
  C:0A31H         LINE#         134
  C:0A31H         LINE#         135
  C:0A35H         LINE#         136
  C:0A35H         LINE#         138
  C:0A3AH         LINE#         139
  C:0A3CH         LINE#         141
  C:0A43H         LINE#         142
  C:0A43H         LINE#         144
  C:0A43H         LINE#         145
  C:0A46H         LINE#         146
  C:0A46H         LINE#         147
  C:0A48H         LINE#         149
  C:0A48H         LINE#         152
  C:0A4EH         LINE#         153
  C:0A4EH         LINE#         154
  C:0A58H         LINE#         155
  C:0A58H         LINE#         156
  C:0A5CH         LINE#         157
  C:0A5CH         LINE#         158
  C:0A5CH         LINE#         161
  C:0A62H         LINE#         162
  C:0A62H         LINE#         164
  C:0A68H         LINE#         165
  C:0A68H         LINE#         166
  C:0A6DH         LINE#         167
  C:0A71H         LINE#         168
  C:0A73H         LINE#         169
  C:0A75H         LINE#         173
  C:0A75H         LINE#         175
  C:0A81H         LINE#         176
  C:0A83H         LINE#         177
  C:0A83H         LINE#         182
  C:0A83H         LINE#         183
  C:0A83H         LINE#         191
  C:0A95H         LINE#         193
  C:0A95H         LINE#         195
  C:0A99H         LINE#         197
  C:0A9FH         LINE#         198
  C:0A9FH         LINE#         202
  C:0AA8H         LINE#         203
  C:0AA8H         LINE#         204
  C:0AAFH         LINE#         205
  C:0AB1H         LINE#         206
  C:0ABAH         LINE#         207
  C:0ABAH         LINE#         208
  C:0AC4H         LINE#         209
  C:0AC4H         LINE#         214
  C:0ACDH         LINE#         215
  C:0ACDH         LINE#         216
  C:0AD4H         LINE#         217
  C:0AD6H         LINE#         218
  C:0ADFH         LINE#         219
  C:0ADFH         LINE#         220
  C:0AE9H         LINE#         221
  C:0AE9H         LINE#         223
BL51 BANKED LINKER/LOCATER V6.22.4.0                                                  02/05/2026  15:24:34  PAGE 24


  C:0AEFH         LINE#         224
  C:0AF5H         LINE#         226
  C:0B04H         LINE#         227
  C:0B04H         LINE#         229
  C:0B07H         LINE#         230
  C:0B09H         LINE#         232
  C:0B09H         LINE#         233
  C:0B0CH         LINE#         234
  C:0B0CH         LINE#         236
  C:0B1BH         LINE#         237
  C:0B1BH         LINE#         239
  C:0B1EH         LINE#         240
  C:0B20H         LINE#         242
  C:0B20H         LINE#         243
  C:0B23H         LINE#         244
  C:0B23H         LINE#         246
  C:0B23H         LINE#         252
  C:0B23H         LINE#         254
  C:0B23H         LINE#         257
  C:0B23H         LINE#         258
  -------         ENDPROC       TIMR2_IRQHANDLER
  -------         ENDMOD        TIMER2

  -------         MODULE        KNOB_DIMMING
  C:0000H         SYMBOL        _ICE_DUMMY_
  X:631FH         PUBLIC        limited_max_pwm_duty
  C:0F95H         PUBLIC        update_max_pwm_duty_coefficient
  C:1D69H         SYMBOL        Com0019
  C:1D69H         SYMBOL        L?0026
  C:1D6EH         SYMBOL        L?0027
  C:1D71H         SYMBOL        L?0028
  C:1D73H         SYMBOL        L?0029
  C:1D7CH         SYMBOL        L?0030
  -------         PROC          COM0019
  -------         ENDPROC       COM0019
  -------         PROC          UPDATE_MAX_PWM_DUTY_COEFFICIENT
  -------         DO            
  B:0021H.3       SYMBOL        flag_is_last_limited_equal_zero
  X:6309H         SYMBOL        adc_val
  -------         ENDDO         
  C:0F95H         LINE#         8
  C:0F95H         LINE#         9
  C:0F95H         LINE#         17
  C:0FA4H         LINE#         18
  C:0FB3H         LINE#         19
  C:0FB3H         LINE#         22
  C:0FB3H         LINE#         28
  C:0FB9H         LINE#         29
  C:0FB9H         LINE#         32
  C:0FC8H         LINE#         33
  C:0FC8H         LINE#         34
  C:0FCFH         LINE#         35
  C:0FD2H         LINE#         37
  C:0FD8H         LINE#         38
  C:0FD8H         LINE#         45
  C:0FFEH         LINE#         46
  C:1001H         LINE#         48
BL51 BANKED LINKER/LOCATER V6.22.4.0                                                  02/05/2026  15:24:34  PAGE 25


  C:1010H         LINE#         49
  C:1010H         LINE#         53
  C:101BH         LINE#         54
  C:101EH         LINE#         56
  C:102DH         LINE#         57
  C:102DH         LINE#         58
  C:1042H         LINE#         59
  C:1044H         LINE#         61
  C:1053H         LINE#         62
  C:1053H         LINE#         63
  C:105EH         LINE#         64
  C:1060H         LINE#         66
  C:106FH         LINE#         67
  C:106FH         LINE#         68
  C:108CH         LINE#         69
  C:108EH         LINE#         71
  C:108EH         LINE#         73
  C:1098H         LINE#         74
  C:1098H         LINE#         76
  C:10A2H         LINE#         77
  C:10A2H         LINE#         78
  C:10A4H         LINE#         79
  C:10A4H         LINE#         80
  C:10A5H         LINE#         82
  C:10A5H         LINE#         83
  C:10ABH         LINE#         84
  C:10ABH         LINE#         85
  C:10ADH         LINE#         86
  C:10ADH         LINE#         87
  C:10ADH         LINE#         88
  -------         ENDPROC       UPDATE_MAX_PWM_DUTY_COEFFICIENT
  -------         ENDMOD        KNOB_DIMMING

  -------         MODULE        RF_RECV
  C:0000H         SYMBOL        _ICE_DUMMY_
  C:16B2H         SYMBOL        rf_key_get_key_id
  X:6269H         PUBLIC        flag_is_in_rf_learning
  C:1C1CH         PUBLIC        rf_recv_init
  X:626AH         SYMBOL        rf_key_1_event_table
  X:627EH         PUBLIC        tmp_rf_addr
  X:6282H         PUBLIC        rf_key_para
  X:6295H         SYMBOL        rf_key_1_2_event_table
  B:0090H.1       PUBLIC        P11
  C:1B25H         SYMBOL        ___sub_fun_rf_key_get_event
  C:0667H         PUBLIC        rf_key_handle
  X:62BDH         PUBLIC        rf_data
  X:62C1H         PUBLIC        rf_remote_info
  B:0020H.4       PUBLIC        flag_is_rf_enable
  C:186AH         SYMBOL        ___rf_key_get_event
  B:0020H.5       PUBLIC        flag_is_recved_rf_data
  C:1393H         SYMBOL        Com00A2
  C:1393H         SYMBOL        L?0163
  C:1396H         SYMBOL        L?0164
  C:139AH         SYMBOL        L?0165
  C:13ABH         SYMBOL        L?0166
  C:13AEH         SYMBOL        L?0167
  C:13B2H         SYMBOL        L?0168
BL51 BANKED LINKER/LOCATER V6.22.4.0                                                  02/05/2026  15:24:34  PAGE 26


  C:13C3H         SYMBOL        L?0169
  C:13CBH         SYMBOL        L?0170
  C:13D2H         SYMBOL        L?0171
  C:13D9H         SYMBOL        L?0172
  C:13E1H         SYMBOL        L?0173
  C:13E8H         SYMBOL        L?0174
  C:13EFH         SYMBOL        L?0175
  C:13F2H         SYMBOL        L?0176
  C:13F5H         SYMBOL        L?0177
  C:13FCH         SYMBOL        L?0178
  C:1404H         SYMBOL        L?0179
  C:140CH         SYMBOL        L?0180
  C:1414H         SYMBOL        L?0181
  C:141CH         SYMBOL        L?0182
  C:141CH         SYMBOL        L?0183
  C:1422H         SYMBOL        L?0184
  C:1422H         SYMBOL        L?0185
  C:142AH         SYMBOL        L?0186
  C:142AH         SYMBOL        L?0187
  C:1431H         SYMBOL        L?0188
  C:143EH         SYMBOL        L?0189
  C:144BH         SYMBOL        L?0190
  C:1457H         SYMBOL        L?0191
  C:1460H         SYMBOL        L?0192
  -------         PROC          COM00A2
  -------         ENDPROC       COM00A2
  -------         PROC          RF_KEY_GET_KEY_ID
  -------         DO            
  X:6309H         SYMBOL        ret
  -------         ENDDO         
  C:16B2H         LINE#         212
  C:16B2H         LINE#         213
  C:16B2H         LINE#         214
  C:16B8H         LINE#         215
  C:16B8H         LINE#         216
  C:16BAH         LINE#         217
  C:16C6H         LINE#         218
  C:16C6H         LINE#         221
  C:16CEH         LINE#         225
  C:16D4H         LINE#         226
  C:16D4H         LINE#         230
  C:16DEH         LINE#         231
  C:16DEH         LINE#         232
  C:16E6H         LINE#         233
  C:16EBH         LINE#         234
  C:16EDH         LINE#         235
  C:16F5H         LINE#         236
  C:16F5H         LINE#         238
  C:16FDH         LINE#         239
  C:16FDH         LINE#         242
  C:16FFH         LINE#         244
  C:16FFH         LINE#         249
  C:1704H         LINE#         250
  C:1704H         LINE#         253
  C:1715H         LINE#         255
  C:1715H         LINE#         257
  C:171CH         LINE#         258
BL51 BANKED LINKER/LOCATER V6.22.4.0                                                  02/05/2026  15:24:34  PAGE 27


  C:171EH         LINE#         259
  C:172FH         LINE#         261
  C:172FH         LINE#         264
  C:172FH         LINE#         266
  C:172FH         LINE#         268
  C:172FH         LINE#         269
  C:172FH         LINE#         270
  C:1731H         LINE#         272
  C:1731H         LINE#         274
  C:1737H         LINE#         275
  C:1737H         LINE#         276
  C:1737H         LINE#         279
  C:1741H         LINE#         280
  C:1747H         LINE#         281
  C:1747H         LINE#         283
  C:1747H         LINE#         284
  C:174AH         LINE#         285
  C:174AH         LINE#         286
  C:174AH         LINE#         288
  C:174AH         LINE#         289
  C:174CH         LINE#         290
  C:174CH         LINE#         291
  -------         ENDPROC       RF_KEY_GET_KEY_ID
  -------         PROC          ___SUB_FUN_RF_KEY_GET_EVENT
  D:0001H         SYMBOL        key_val
  D:0005H         SYMBOL        key_event
  D:0003H         SYMBOL        table_index
  -------         DO            
  D:0007H         SYMBOL        ret_key_event
  D:0006H         SYMBOL        i
  -------         ENDDO         
  C:1B25H         LINE#         303
  C:1B27H         LINE#         304
  C:1B27H         LINE#         305
  C:1B29H         LINE#         306
  C:1B2AH         LINE#         307
  C:1B2FH         LINE#         308
  C:1B2FH         LINE#         309
  C:1B2FH         LINE#         310
  C:1B2FH         LINE#         312
  C:1B38H         LINE#         313
  C:1B38H         LINE#         314
  C:1B3BH         LINE#         315
  C:1B3DH         LINE#         316
  C:1B3DH         LINE#         317
  C:1B43H         LINE#         318
  C:1B43H         LINE#         319
  C:1B48H         LINE#         320
  C:1B48H         LINE#         321
  C:1B49H         LINE#         322
  C:1B49H         LINE#         324
  C:1B52H         LINE#         325
  C:1B52H         LINE#         326
  C:1B63H         LINE#         327
  C:1B64H         LINE#         328
  C:1B64H         LINE#         329
  C:1B69H         LINE#         330
BL51 BANKED LINKER/LOCATER V6.22.4.0                                                  02/05/2026  15:24:34  PAGE 28


  C:1B69H         LINE#         332
  C:1B69H         LINE#         334
  C:1B69H         LINE#         336
  C:1B69H         LINE#         337
  -------         ENDPROC       ___SUB_FUN_RF_KEY_GET_EVENT
  -------         PROC          ___RF_KEY_GET_EVENT
  X:630AH         SYMBOL        key_val
  X:630BH         SYMBOL        key_event
  -------         DO            
  X:630CH         SYMBOL        ret_key_event
  X:630DH         SYMBOL        i
  -------         ENDDO         
  C:186AH         LINE#         347
  C:1872H         LINE#         348
  C:1872H         LINE#         349
  C:1875H         LINE#         350
  C:1877H         LINE#         352
  C:187DH         LINE#         353
  C:187DH         LINE#         366
  C:188AH         LINE#         367
  C:188AH         LINE#         369
  C:1891H         LINE#         370
  C:1891H         LINE#         372
  C:1891H         LINE#         373
  C:1893H         LINE#         374
  C:189BH         LINE#         375
  C:189BH         LINE#         377
  C:189BH         LINE#         378
  C:189BH         LINE#         379
  C:189DH         LINE#         381
  C:189DH         LINE#         384
  C:18A5H         LINE#         385
  C:18A5H         LINE#         387
  C:18A5H         LINE#         390
  C:18A7H         LINE#         391
  C:18B0H         LINE#         392
  C:18B0H         LINE#         394
  C:18B0H         LINE#         396
  C:18B2H         LINE#         398
  C:18B2H         LINE#         400
  C:18B2H         LINE#         401
  C:18B2H         LINE#         402
  C:18B2H         LINE#         404
  C:18B2H         LINE#         406
  C:18BFH         LINE#         407
  C:18BFH         LINE#         409
  C:18C6H         LINE#         410
  C:18C6H         LINE#         412
  C:18D0H         LINE#         413
  C:18D2H         LINE#         414
  C:18D9H         LINE#         415
  C:18D9H         LINE#         417
  C:18EBH         LINE#         418
  C:18EBH         LINE#         419
  C:18EBH         LINE#         421
  C:18EBH         LINE#         423
  C:18EBH         LINE#         424
BL51 BANKED LINKER/LOCATER V6.22.4.0                                                  02/05/2026  15:24:34  PAGE 29


  C:18EBH         LINE#         426
  C:18F0H         LINE#         427
  -------         ENDPROC       ___RF_KEY_GET_EVENT
  -------         PROC          RF_KEY_HANDLE
  -------         DO            
  X:6309H         SYMBOL        rf_key_event
  -------         DO            
  X:6268H         SYMBOL        last_key_event
  -------         ENDDO         
  -------         ENDDO         
  C:0667H         LINE#         430
  C:0667H         LINE#         431
  C:0667H         LINE#         432
  C:066CH         LINE#         435
  C:0676H         LINE#         436
  C:0676H         LINE#         438
  C:0676H         LINE#         440
  C:0683H         LINE#         441
  C:0689H         LINE#         442
  C:068CH         LINE#         444
  C:068CH         LINE#         447
  C:0694H         LINE#         448
  C:0694H         LINE#         450
  C:06A0H         LINE#         451
  C:06A0H         LINE#         453
  C:06AAH         LINE#         455
  C:06AAH         LINE#         461
  C:06AAH         LINE#         464
  C:06B0H         LINE#         465
  C:06BCH         LINE#         467
  C:06C6H         LINE#         468
  C:06C6H         LINE#         470
  C:06C9H         LINE#         471
  C:06CBH         LINE#         473
  C:06CBH         LINE#         475
  C:06CEH         LINE#         476
  C:06CEH         LINE#         478
  C:06D3H         LINE#         479
  C:06DCH         LINE#         486
  C:06E2H         LINE#         487
  C:06E2H         LINE#         488
  C:06E2H         LINE#         489
  C:06E4H         LINE#         491
  C:06E4H         LINE#         492
  C:06ECH         LINE#         493
  C:06ECH         LINE#         494
  C:06EEH         LINE#         495
  C:06F5H         LINE#         496
  C:06F5H         LINE#         497
  C:0702H         LINE#         499
  C:0702H         LINE#         500
  C:0708H         LINE#         502
  C:0708H         LINE#         503
  C:0708H         LINE#         505
  C:0708H         LINE#         512
  C:0710H         LINE#         513
  C:0710H         LINE#         515
BL51 BANKED LINKER/LOCATER V6.22.4.0                                                  02/05/2026  15:24:34  PAGE 30


  C:0710H         LINE#         518
  C:0721H         LINE#         519
  C:0721H         LINE#         521
  C:0725H         LINE#         522
  C:0725H         LINE#         529
  C:0778H         LINE#         530
  C:0778H         LINE#         531
  C:0778H         LINE#         532
  C:0778H         LINE#         537
  C:0784H         LINE#         538
  C:0784H         LINE#         539
  C:0784H         LINE#         540
  C:0784H         LINE#         552
  C:0787H         LINE#         574
  C:0787H         LINE#         575
  C:0787H         LINE#         579
  C:0787H         LINE#         580
  C:0787H         LINE#         590
  C:078AH         LINE#         592
  C:078AH         LINE#         594
  C:078AH         LINE#         595
  C:0792H         LINE#         596
  C:0792H         LINE#         598
  C:0792H         LINE#         599
  C:0792H         LINE#         604
  C:0795H         LINE#         606
  C:0795H         LINE#         608
  C:0798H         LINE#         609
  C:07A0H         LINE#         610
  C:07A0H         LINE#         612
  C:07A0H         LINE#         613
  C:07A0H         LINE#         615
  C:07A3H         LINE#         617
  C:07A3H         LINE#         620
  C:07A3H         LINE#         621
  C:07ABH         LINE#         622
  C:07ABH         LINE#         624
  C:07ABH         LINE#         625
  C:07ABH         LINE#         630
  C:07AEH         LINE#         632
  C:07AEH         LINE#         634
  C:07B1H         LINE#         635
  C:07B9H         LINE#         636
  C:07B9H         LINE#         638
  C:07B9H         LINE#         639
  C:07B9H         LINE#         641
  C:07BCH         LINE#         643
  C:07BCH         LINE#         644
  C:07BCH         LINE#         648
  C:07BFH         LINE#         653
  C:07C2H         LINE#         655
  C:07C2H         LINE#         656
  C:07C2H         LINE#         660
  C:07C5H         LINE#         665
  C:07C8H         LINE#         667
  C:07C8H         LINE#         671
  C:07CDH         LINE#         672
BL51 BANKED LINKER/LOCATER V6.22.4.0                                                  02/05/2026  15:24:34  PAGE 31


  C:07CDH         LINE#         674
  C:07CDH         LINE#         675
  C:07D5H         LINE#         676
  C:07D5H         LINE#         677
  C:07D5H         LINE#         678
  C:07D5H         LINE#         679
  C:07D7H         LINE#         691
  C:07D7H         LINE#         693
  C:07DFH         LINE#         694
  C:07DFH         LINE#         695
  C:07DFH         LINE#         697
  C:07EAH         LINE#         698
  C:07EAH         LINE#         699
  C:07EAH         LINE#         700
  C:07EAH         LINE#         701
  C:07ECH         LINE#         703
  C:07ECH         LINE#         704
  C:07F0H         LINE#         705
  C:07F0H         LINE#         707
  C:07F3H         LINE#         709
  C:07F3H         LINE#         713
  C:07F8H         LINE#         714
  C:07F8H         LINE#         715
  C:07F8H         LINE#         716
  C:0800H         LINE#         717
  C:0800H         LINE#         718
  C:0801H         LINE#         719
  C:0801H         LINE#         720
  C:0804H         LINE#         722
  C:0804H         LINE#         724
  C:0808H         LINE#         725
  C:0808H         LINE#         730
  C:080BH         LINE#         732
  C:080BH         LINE#         734
  C:0813H         LINE#         735
  C:0813H         LINE#         736
  C:0813H         LINE#         738
  C:081EH         LINE#         739
  C:081EH         LINE#         740
  C:081FH         LINE#         741
  C:081FH         LINE#         742
  C:0822H         LINE#         744
  C:0822H         LINE#         745
  C:0826H         LINE#         746
  C:0826H         LINE#         748
  C:0829H         LINE#         752
  C:0829H         LINE#         756
  C:0829H         LINE#         757
  C:082EH         LINE#         758
  C:082EH         LINE#         760
  C:0831H         LINE#         761
  C:0831H         LINE#         763
  C:0831H         LINE#         764
  C:0839H         LINE#         765
  C:0839H         LINE#         767
  C:0839H         LINE#         768
  C:0839H         LINE#         773
BL51 BANKED LINKER/LOCATER V6.22.4.0                                                  02/05/2026  15:24:34  PAGE 32


  C:083CH         LINE#         775
  C:083CH         LINE#         786
  C:0843H         LINE#         787
  C:0848H         LINE#         788
  C:0848H         LINE#         790
  C:084BH         LINE#         791
  C:084BH         LINE#         793
  C:0852H         LINE#         794
  C:085AH         LINE#         795
  C:085AH         LINE#         797
  C:085AH         LINE#         798
  C:085AH         LINE#         800
  C:085DH         LINE#         802
  C:085DH         LINE#         803
  C:085DH         LINE#         805
  C:0867H         LINE#         806
  C:0871H         LINE#         811
  C:0872H         LINE#         813
  C:0872H         LINE#         817
  C:0877H         LINE#         818
  C:0877H         LINE#         820
  C:0877H         LINE#         821
  C:087CH         LINE#         822
  C:087CH         LINE#         823
  C:087DH         LINE#         824
  C:087DH         LINE#         825
  C:087FH         LINE#         827
  C:087FH         LINE#         829
  C:0886H         LINE#         830
  C:0886H         LINE#         832
  C:088BH         LINE#         833
  C:088BH         LINE#         835
  C:088BH         LINE#         836
  C:0890H         LINE#         837
  C:0890H         LINE#         838
  C:0891H         LINE#         839
  C:0891H         LINE#         840
  C:0893H         LINE#         842
  C:0893H         LINE#         844
  C:0897H         LINE#         845
  C:0897H         LINE#         850
  C:0899H         LINE#         852
  C:0899H         LINE#         856
  C:08A1H         LINE#         857
  C:08A1H         LINE#         858
  C:08A1H         LINE#         860
  C:08A9H         LINE#         861
  C:08A9H         LINE#         862
  C:08AAH         LINE#         863
  C:08AAH         LINE#         864
  C:08ACH         LINE#         866
  C:08ACH         LINE#         867
  C:08B3H         LINE#         868
  C:08B3H         LINE#         870
  C:08BBH         LINE#         871
  C:08BBH         LINE#         872
  C:08BBH         LINE#         874
BL51 BANKED LINKER/LOCATER V6.22.4.0                                                  02/05/2026  15:24:34  PAGE 33


  C:08C3H         LINE#         875
  C:08C3H         LINE#         876
  C:08C4H         LINE#         877
  C:08C4H         LINE#         878
  C:08C6H         LINE#         880
  C:08C6H         LINE#         881
  C:08CAH         LINE#         882
  C:08CAH         LINE#         884
  C:08CCH         LINE#         886
  C:08CCH         LINE#         887
  C:08CCH         LINE#         890
  C:08D8H         LINE#         891
  C:08D8H         LINE#         892
  C:08DFH         LINE#         893
  C:08E5H         LINE#         899
  C:08E6H         LINE#         901
  C:08E6H         LINE#         902
  C:08ECH         LINE#         903
  C:08F2H         LINE#         909
  C:08F2H         LINE#         911
  C:08F2H         LINE#         960
  C:08F2H         LINE#         961
  C:08F2H         LINE#         962
  C:08F2H         LINE#         963
  -------         ENDPROC       RF_KEY_HANDLE
  -------         PROC          RF_RECV_INIT
  C:1C1CH         LINE#         965
  C:1C1CH         LINE#         966
  C:1C1CH         LINE#         975
  C:1C22H         LINE#         976
  C:1C28H         LINE#         981
  C:1C2EH         LINE#         982
  C:1C34H         LINE#         984
  C:1C37H         LINE#         985
  C:1C37H         LINE#         986
  C:1C39H         LINE#         987
  C:1C3BH         LINE#         989
  C:1C3BH         LINE#         990
  C:1C3DH         LINE#         991
  C:1C3DH         LINE#         997
  C:1C40H         LINE#         998
  C:1C40H         LINE#         999
  C:1C49H         LINE#         1014
  C:1C4FH         LINE#         1015
  C:1C4FH         LINE#         1016
  -------         ENDPROC       RF_RECV_INIT
  -------         ENDMOD        RF_RECV

  -------         MODULE        KEY_DRIVER
  C:0000H         SYMBOL        _ICE_DUMMY_
  X:6317H         PUBLIC        scan_para
  C:0B3EH         PUBLIC        _key_driver_scan
  X:631AH         SYMBOL        is_key_active
  C:1D07H         SYMBOL        Com0021
  C:1D07H         SYMBOL        L?0034
  C:1D0AH         SYMBOL        L?0035
  C:1D0BH         SYMBOL        L?0036
BL51 BANKED LINKER/LOCATER V6.22.4.0                                                  02/05/2026  15:24:34  PAGE 34


  C:1D11H         SYMBOL        L?0037
  C:1D14H         SYMBOL        L?0038
  C:1D18H         SYMBOL        L?0039
  C:1D1EH         SYMBOL        L?0040
  C:1D21H         SYMBOL        L?0041
  -------         PROC          COM0021
  -------         ENDPROC       COM0021
  -------         PROC          _KEY_DRIVER_SCAN
  D:0001H         SYMBOL        _scan_para
  -------         DO            
  X:6309H         SYMBOL        key_event
  D:0007H         SYMBOL        cur_key_value
  X:630AH         SYMBOL        key_value
  C:0CA6H         SYMBOL        _notify
  C:0CC6H         SYMBOL        _scan_end
  -------         ENDDO         
  C:0B3EH         LINE#         16
  C:0B3EH         LINE#         18
  C:0B3EH         LINE#         23
  C:0B43H         LINE#         24
  C:0B45H         LINE#         25
  C:0B49H         LINE#         29
  C:0B4FH         LINE#         32
  C:0B62H         LINE#         33
  C:0B62H         LINE#         35
  C:0B62H         LINE#         37
  C:0B6CH         LINE#         39
  C:0B75H         LINE#         45
  C:0B79H         LINE#         46
  C:0B79H         LINE#         47
  C:0B7FH         LINE#         48
  C:0B81H         LINE#         49
  C:0B87H         LINE#         50
  C:0B87H         LINE#         51
  C:0B8AH         LINE#         52
  C:0B8AH         LINE#         82
  C:0B9EH         LINE#         83
  C:0B9EH         LINE#         85
  C:0BA5H         LINE#         86
  C:0BABH         LINE#         88
  C:0BABH         LINE#         91
  C:0BBCH         LINE#         92
  C:0BBCH         LINE#         93
  C:0BC7H         LINE#         95
  C:0BC7H         LINE#         98
  C:0BD3H         LINE#         99
  C:0BD3H         LINE#         106
  C:0BD7H         LINE#         107
  C:0BD7H         LINE#         108
  C:0BDEH         LINE#         109
  C:0BDEH         LINE#         110
  C:0BE0H         LINE#         111
  C:0BE6H         LINE#         112
  C:0BE8H         LINE#         114
  C:0BE8H         LINE#         117
  C:0BE8H         LINE#         118
  C:0BF0H         LINE#         119
BL51 BANKED LINKER/LOCATER V6.22.4.0                                                  02/05/2026  15:24:34  PAGE 35


  C:0BF0H         LINE#         120
  C:0BF3H         LINE#         122
  C:0BF3H         LINE#         127
  C:0BFBH         LINE#         128
  C:0C07H         LINE#         129
  C:0C07H         LINE#         130
  C:0C0CH         LINE#         131
  C:0C10H         LINE#         132
  C:0C13H         LINE#         134
  C:0C13H         LINE#         135
  C:0C19H         LINE#         136
  C:0C19H         LINE#         137
  C:0C19H         LINE#         139
  C:0C1BH         LINE#         144
  C:0C1BH         LINE#         146
  C:0C1BH         LINE#         151
  C:0C1FH         LINE#         152
  C:0C1FH         LINE#         154
  C:0C30H         LINE#         155
  C:0C30H         LINE#         159
  C:0C41H         LINE#         160
  C:0C41H         LINE#         180
  C:0C41H         LINE#         181
  C:0C43H         LINE#         183
  C:0C43H         LINE#         184
  C:0C50H         LINE#         186
[...]
  C:1E15H         LINE#         24
  C:1E1AH         LINE#         26
  -------         ENDPROC       _FLASH_ERASE_SECTOR
  -------         PROC          _FLASH_PROGRAM
  D:0007H         SYMBOL        addr
  X:630BH         SYMBOL        p_data
  X:630EH         SYMBOL        len
  C:1BE5H         LINE#         35
  C:1BEBH         LINE#         36
  C:1BEBH         LINE#         37
  C:1BEEH         LINE#         38
  C:1BF0H         LINE#         40
  C:1BF9H         LINE#         41
  C:1BF9H         LINE#         42
  C:1BFEH         LINE#         44
  C:1C0DH         LINE#         45
  C:1C10H         LINE#         46
  C:1C13H         LINE#         48
  C:1C19H         LINE#         49
  C:1C1BH         LINE#         50
  -------         ENDPROC       _FLASH_PROGRAM
  -------         PROC          _FLASH_READ
  D:0007H         SYMBOL        addr
  X:630AH         SYMBOL        p_data
BL51 BANKED LINKER/LOCATER V6.22.4.0                                                  02/05/2026  15:24:34  PAGE 37


  X:630DH         SYMBOL        len
  C:1C50H         LINE#         59
  C:1C56H         LINE#         60
  C:1C56H         LINE#         61
  C:1C5CH         LINE#         62
  C:1C5CH         LINE#         63
  C:1C7BH         LINE#         64
  C:1C81H         LINE#         65
  C:1C83H         LINE#         66
  -------         ENDPROC       _FLASH_READ
  -------         ENDMOD        FLASH

  -------         MODULE        FAN_CTL
  C:0000H         SYMBOL        _ICE_DUMMY_
  B:0090H.2       PUBLIC        P12
  C:1DF8H         PUBLIC        fan_ctl_config
  C:1CE3H         PUBLIC        fan_ctl
  -------         PROC          FAN_CTL_CONFIG
  C:1DF8H         LINE#         3
  C:1DF8H         LINE#         4
  C:1DF8H         LINE#         6
  C:1DFEH         LINE#         7
  C:1E02H         LINE#         8
  C:1E07H         LINE#         10
  C:1E09H         LINE#         11
  -------         ENDPROC       FAN_CTL_CONFIG
  -------         PROC          FAN_CTL
  C:1CE3H         LINE#         14
  C:1CE3H         LINE#         15
  C:1CE3H         LINE#         18
  C:1D01H         LINE#         19
  C:1D01H         LINE#         20
  C:1D03H         LINE#         21
  C:1D04H         LINE#         25
  C:1D04H         LINE#         27
  C:1D06H         LINE#         28
  C:1D06H         LINE#         29
  -------         ENDPROC       FAN_CTL
  -------         ENDMOD        FAN_CTL

  -------         MODULE        TIMER3
  C:0000H         SYMBOL        _ICE_DUMMY_
  C:11BAH         PUBLIC        TIMR3_IRQHandler
  D:00D1H         PUBLIC        TMR_ALLCON
  C:1D28H         PUBLIC        timer3_config
  D:00A8H         PUBLIC        IE0
  D:00A9H         PUBLIC        IE1
  D:00AAH         PUBLIC        IE2
  D:00ABH         PUBLIC        IE3
  D:00B8H         PUBLIC        IP0
  D:00B1H         PUBLIC        IP1
  D:00B2H         PUBLIC        IP2
  D:00B3H         PUBLIC        IP3
  D:00B4H         PUBLIC        IP4
  D:00B5H         PUBLIC        IP5
  D:00B6H         PUBLIC        IP6
  D:00B7H         PUBLIC        IP7
BL51 BANKED LINKER/LOCATER V6.22.4.0                                                  02/05/2026  15:24:34  PAGE 38


  B:00A8H.7       PUBLIC        IE_EA
  C:1EABH         SYMBOL        Com0044
  C:1EABH         SYMBOL        L?0069
  C:1EABH         SYMBOL        L?0070
  -------         PROC          COM0044
  -------         ENDPROC       COM0044
  -------         PROC          TIMER3_CONFIG
  C:1D28H         LINE#         13
  C:1D28H         LINE#         14
  C:1D28H         LINE#         15
  C:1D2BH         LINE#         16
  C:1D2DH         LINE#         19
  C:1D30H         LINE#         20
  C:1D36H         LINE#         21
  C:1D3CH         LINE#         22
  C:1D42H         LINE#         23
  C:1D48H         LINE#         24
  -------         ENDPROC       TIMER3_CONFIG
  -------         PROC          TIMR3_IRQHANDLER
  -------         DO            
  X:6321H         SYMBOL        cnt
  X:6322H         SYMBOL        flag_is_time_to_sync_adc_status
  -------         ENDDO         
  C:11BAH         LINE#         26
  C:11D7H         LINE#         29
  C:11D7H         LINE#         32
  C:11DEH         LINE#         33
  C:11DEH         LINE#         36
  C:11E1H         LINE#         38
  C:11E1H         LINE#         40
  C:11E8H         LINE#         43
  C:11E8H         LINE#         46
  C:11EEH         LINE#         47
  C:11F8H         LINE#         48
  C:11F8H         LINE#         49
  C:11FAH         LINE#         50
  C:11FEH         LINE#         51
  C:11FEH         LINE#         53
  C:1207H         LINE#         54
  C:1207H         LINE#         55
  C:1209H         LINE#         56
  C:120BH         LINE#         57
  C:120EH         LINE#         58
  C:120EH         LINE#         59
  C:120EH         LINE#         112
  C:1218H         LINE#         114
  C:1218H         LINE#         116
  C:121DH         LINE#         117
  C:1223H         LINE#         118
  C:1226H         LINE#         119
  C:122DH         LINE#         120
  C:122DH         LINE#         121
  C:1230H         LINE#         122
  C:1233H         LINE#         123
  C:1235H         LINE#         125
  C:123CH         LINE#         126
  C:123CH         LINE#         128
BL51 BANKED LINKER/LOCATER V6.22.4.0                                                  02/05/2026  15:24:34  PAGE 39


  C:1241H         LINE#         129
  C:1247H         LINE#         130
  C:1249H         LINE#         131
  C:1250H         LINE#         132
  C:1250H         LINE#         133
  C:1253H         LINE#         134
  C:1256H         LINE#         135
  C:1258H         LINE#         136
  C:125FH         LINE#         137
  C:125FH         LINE#         139
  C:1264H         LINE#         140
  C:126AH         LINE#         141
  C:126CH         LINE#         142
  C:1273H         LINE#         143
  C:1273H         LINE#         144
  C:1276H         LINE#         145
  C:1279H         LINE#         146
  C:127BH         LINE#         147
  C:1282H         LINE#         148
  C:1282H         LINE#         150
  C:1287H         LINE#         151
  C:128DH         LINE#         152
  C:128FH         LINE#         153
  C:1296H         LINE#         154
  C:1296H         LINE#         155
  C:1299H         LINE#         156
  C:129CH         LINE#         157
  C:129CH         LINE#         192
  C:129CH         LINE#         193
  -------         ENDPROC       TIMR3_IRQHANDLER
  -------         ENDMOD        TIMER3

  -------         MODULE        ENGINE
  C:0000H         SYMBOL        _ICE_DUMMY_
  X:6003H         PUBLIC        t_count
  X:6005H         PUBLIC        filter_buff
  X:6045H         PUBLIC        filter_buff_2_index
  X:6047H         PUBLIC        filter_buff_2
  X:6263H         PUBLIC        t_adc_min
  X:6265H         PUBLIC        t_adc_max
  X:6267H         PUBLIC        over_drive_status
  B:0020H.7       PUBLIC        flag_is_time_to_check_engine
  C:038EH         PUBLIC        according_pin9_to_adjust_pwm
  C:196EH         SYMBOL        Com0037
  C:196EH         SYMBOL        L?0056
  C:1973H         SYMBOL        L?0057
  C:1975H         SYMBOL        L?0058
  C:1980H         SYMBOL        L?0059
  C:1984H         SYMBOL        L?0060
  C:1985H         SYMBOL        L?0061
  C:1991H         SYMBOL        L?0062
  C:1996H         SYMBOL        L?0063
  C:1999H         SYMBOL        L?0064
  C:19A0H         SYMBOL        L?0065
  C:19A1H         SYMBOL        L?0066
  C:19AEH         SYMBOL        L?0067
  C:19AEH         SYMBOL        L?0068
BL51 BANKED LINKER/LOCATER V6.22.4.0                                                  02/05/2026  15:24:34  PAGE 40


  C:19B8H         SYMBOL        L?0069
  C:19C8H         SYMBOL        L?0070
  C:19C8H         SYMBOL        L?0071
  C:19C9H         SYMBOL        L?0072
  C:19D0H         SYMBOL        L?0073
  C:19DDH         SYMBOL        L?0074
  -------         PROC          COM0037
  -------         ENDPROC       COM0037
  -------         PROC          ACCORDING_PIN9_TO_ADJUST_PWM
  -------         DO            
  X:6000H         SYMBOL        filter_buff_index
  X:6001H         SYMBOL        flag_is_sub_power
  X:6002H         SYMBOL        flag_is_sub_power2
  B:0020H.6       SYMBOL        flag_is_add_power
  X:6309H         SYMBOL        adc_pin_9_avg
  X:630DH         SYMBOL        adc_val
  -------         DO            
  X:630FH         SYMBOL        i
  X:630FH         SYMBOL        temp
  X:630FH         SYMBOL        i
  X:630FH         SYMBOL        i
  -------         ENDDO         
  -------         DO            
  X:630FH         SYMBOL        temp
  X:630FH         SYMBOL        i
  X:630FH         SYMBOL        i
  -------         ENDDO         
  -------         DO            
  X:630FH         SYMBOL        i
  X:630FH         SYMBOL        i
  -------         ENDDO         
  -------         DO            
  X:630FH         SYMBOL        i
  -------         ENDDO         
  -------         ENDDO         
  C:038EH         LINE#         31
  C:038EH         LINE#         32
  C:038EH         LINE#         38
  C:0398H         LINE#         39
  C:03A7H         LINE#         40
  C:03B6H         LINE#         41
  C:03B6H         LINE#         44
  C:03B6H         LINE#         46
  C:03C2H         LINE#         47
  C:03C2H         LINE#         48
  C:03C5H         LINE#         49
  C:03CFH         LINE#         50
  C:03CFH         LINE#         51
  C:03DFH         LINE#         52
  C:03E4H         LINE#         54
  C:03F1H         LINE#         55
  C:03F1H         LINE#         56
  C:03FCH         LINE#         57
  C:0401H         LINE#         58
  C:0401H         LINE#         60
  C:0401H         LINE#         61
  C:0410H         LINE#         62
BL51 BANKED LINKER/LOCATER V6.22.4.0                                                  02/05/2026  15:24:34  PAGE 41


  C:0421H         LINE#         63
  C:0434H         LINE#         64
  C:043CH         LINE#         65
  C:0442H         LINE#         66
  C:0448H         LINE#         67
  C:0448H         LINE#         68
  C:044AH         LINE#         69
  C:044AH         LINE#         70
  C:044AH         LINE#         72
  C:044AH         LINE#         73
  C:044DH         LINE#         74
  C:044DH         LINE#         75
  C:044DH         LINE#         76
  C:046AH         LINE#         77
  C:0479H         LINE#         80
  C:048AH         LINE#         81
  C:048AH         LINE#         84
  C:04B0H         LINE#         85
  C:04B6H         LINE#         86
  C:04C5H         LINE#         87
  C:04C5H         LINE#         88
  C:04C9H         LINE#         89
  C:04C9H         LINE#         91
  C:04C9H         LINE#         92
  C:04CCH         LINE#         93
  C:04D2H         LINE#         94
  C:04DBH         LINE#         95
  C:04E8H         LINE#         96
  C:04E8H         LINE#         97
  C:04FFH         LINE#         98
  C:04FFH         LINE#         99
  C:050EH         LINE#         100
  C:050EH         LINE#         101
  C:0528H         LINE#         102
  C:0528H         LINE#         103
  C:0537H         LINE#         104
  C:0537H         LINE#         105
  C:0555H         LINE#         106
  C:0555H         LINE#         107
  C:055BH         LINE#         108
  C:055DH         LINE#         110
  C:055DH         LINE#         111
  C:0563H         LINE#         112
  C:0566H         LINE#         113
  C:0566H         LINE#         114
  C:056CH         LINE#         128
  C:056CH         LINE#         131
  C:058BH         LINE#         132
  C:058BH         LINE#         134
  C:0590H         LINE#         135
  C:0592H         LINE#         136
  C:0594H         LINE#         138
  C:059BH         LINE#         139
  C:059BH         LINE#         140
  C:059EH         LINE#         141
  C:05A3H         LINE#         142
  C:05A3H         LINE#         143
BL51 BANKED LINKER/LOCATER V6.22.4.0                                                  02/05/2026  15:24:34  PAGE 42


  C:05AAH         LINE#         144
  C:05AAH         LINE#         146
  C:05B3H         LINE#         147
  C:05B3H         LINE#         148
  C:05B3H         LINE#         149
  C:05B3H         LINE#         150
  C:05B6H         LINE#         151
  C:05BFH         LINE#         152
  C:05BFH         LINE#         154
  C:05C5H         LINE#         155
  C:05C5H         LINE#         156
  C:05C7H         LINE#         157
  C:05D9H         LINE#         158
  C:05D9H         LINE#         159
  C:05D9H         LINE#         160
  C:05D9H         LINE#         161
  C:05D9H         LINE#         162
  C:05D9H         LINE#         163
  C:05DBH         LINE#         165
  C:05F2H         LINE#         166
  C:05F2H         LINE#         168
  C:05F5H         LINE#         169
  C:05F5H         LINE#         170
  C:05F7H         LINE#         172
  C:0600H         LINE#         173
  C:0600H         LINE#         174
  C:0603H         LINE#         175
  C:0603H         LINE#         177
  C:0608H         LINE#         178
  C:060AH         LINE#         180
  C:060FH         LINE#         181
  C:060FH         LINE#         182
  C:060FH         LINE#         183
  C:0611H         LINE#         184
  C:0617H         LINE#         185
  C:0617H         LINE#         186
  C:061BH         LINE#         187
  C:061DH         LINE#         189
  C:061DH         LINE#         190
  C:0627H         LINE#         191
  C:0627H         LINE#         192
  C:0627H         LINE#         193
  C:0628H         LINE#         194
  C:0633H         LINE#         195
  C:0633H         LINE#         197
  C:0636H         LINE#         198
  C:0636H         LINE#         199
  C:0638H         LINE#         201
  C:063EH         LINE#         202
  C:0643H         LINE#         203
  C:0645H         LINE#         205
  C:0654H         LINE#         206
  C:0654H         LINE#         207
  C:065CH         LINE#         208
  C:065CH         LINE#         210
  C:065CH         LINE#         211
  C:0666H         LINE#         212
BL51 BANKED LINKER/LOCATER V6.22.4.0                                                  02/05/2026  15:24:34  PAGE 43


  C:0666H         LINE#         213
  C:0666H         LINE#         214
  C:0666H         LINE#         215
  -------         ENDPROC       ACCORDING_PIN9_TO_ADJUST_PWM
  -------         ENDMOD        ENGINE

  -------         MODULE        POWER_ON
  C:0000H         SYMBOL        _ICE_DUMMY_
  X:631BH         PUBLIC        power_on_step
  C:12B7H         PUBLIC        power_on_handle
  B:0021H.0       PUBLIC        flag_is_in_power_on
  B:0021H.1       PUBLIC        flag_time_comes_during_power_on
  C:1DD1H         SYMBOL        Com0007
  C:1DD1H         SYMBOL        L?0008
  C:1DDEH         SYMBOL        L?0009
  C:1DDEH         SYMBOL        L?0010
  -------         PROC          COM0007
  -------         ENDPROC       COM0007
  -------         PROC          POWER_ON_HANDLE
  C:12B7H         LINE#         10
  C:12B7H         LINE#         11
  C:12B7H         LINE#         12
  C:12BEH         LINE#         13
  C:12C4H         LINE#         14
  C:12C6H         LINE#         16
  C:12C6H         LINE#         17
  C:12C6H         LINE#         21
  C:12C9H         LINE#         23
  C:12F2H         LINE#         25
  C:12F2H         LINE#         27
  C:12F2H         LINE#         28
  C:12F2H         LINE#         30
  C:12F5H         LINE#         31
  C:12F5H         LINE#         32
  C:12F7H         LINE#         33
  C:1310H         LINE#         34
  C:1323H         LINE#         35
  C:1323H         LINE#         36
  C:1340H         LINE#         37
  C:134AH         LINE#         38
  C:1355H         LINE#         39
  C:1355H         LINE#         40
  C:1355H         LINE#         42
  C:1360H         LINE#         43
  C:136BH         LINE#         44
  C:136EH         LINE#         47
  C:1374H         LINE#         48
  C:137FH         LINE#         49
  C:1385H         LINE#         50
  C:1390H         LINE#         51
  C:1392H         LINE#         52
  -------         ENDPROC       POWER_ON_HANDLE
  -------         ENDMOD        POWER_ON

  -------         MODULE        ?C?CLDPTR
  C:0045H         PUBLIC        ?C?CLDPTR
  -------         ENDMOD        ?C?CLDPTR
BL51 BANKED LINKER/LOCATER V6.22.4.0                                                  02/05/2026  15:24:34  PAGE 44



  -------         MODULE        ?C?CLDOPTR
  C:005EH         PUBLIC        ?C?CLDOPTR
  -------         ENDMOD        ?C?CLDOPTR

  -------         MODULE        ?C?CILDOPTR
  C:008BH         PUBLIC        ?C?CILDOPTR
  -------         ENDMOD        ?C?CILDOPTR

  -------         MODULE        ?C?CSTPTR
  C:00BEH         PUBLIC        ?C?CSTPTR
  -------         ENDMOD        ?C?CSTPTR

  -------         MODULE        ?C?CSTOPTR
  C:00D0H         PUBLIC        ?C?CSTOPTR
  -------         ENDMOD        ?C?CSTOPTR

  -------         MODULE        ?C?IILDX
  C:00F2H         PUBLIC        ?C?IILDX
  -------         ENDMOD        ?C?IILDX

  -------         MODULE        ?C?LADD
  C:0108H         PUBLIC        ?C?LADD
  -------         ENDMOD        ?C?LADD

  -------         MODULE        ?C?LMUL
  C:0115H         PUBLIC        ?C?LMUL
  -------         ENDMOD        ?C?LMUL

  -------         MODULE        ?C?ULDIV
  C:01A0H         PUBLIC        ?C?ULDIV
  -------         ENDMOD        ?C?ULDIV

  -------         MODULE        ?C?ULCMP
  C:0232H         PUBLIC        ?C?ULCMP
  -------         ENDMOD        ?C?ULCMP

  -------         MODULE        ?C?ULSHR
  C:0243H         PUBLIC        ?C?ULSHR
  -------         ENDMOD        ?C?ULSHR

  -------         MODULE        ?C?LSHL
  C:0256H         PUBLIC        ?C?LSHL
  -------         ENDMOD        ?C?LSHL

  -------         MODULE        ?C?LLDXDATA
  C:0269H         PUBLIC        ?C?LLDXDATA
  -------         ENDMOD        ?C?LLDXDATA

  -------         MODULE        ?C?LLDXDATA0
  C:0275H         PUBLIC        ?C?LLDXDATA0
  -------         ENDMOD        ?C?LLDXDATA0

  -------         MODULE        ?C?LSTXDATA
  C:0281H         PUBLIC        ?C?LSTXDATA
  -------         ENDMOD        ?C?LSTXDATA

BL51 BANKED LINKER/LOCATER V6.22.4.0                                                  02/05/2026  15:24:34  PAGE 45


  -------         MODULE        ?C?LSTKXDATA
  C:028DH         PUBLIC        ?C?LSTKXDATA
  -------         ENDMOD        ?C?LSTKXDATA

  -------         MODULE        ?C?PLDXDATA
  C:02BEH         PUBLIC        ?C?PLDXDATA
  -------         ENDMOD        ?C?PLDXDATA

  -------         MODULE        ?C?PLDIXDATA
  C:02C7H         PUBLIC        ?C?PLDIXDATA
  -------         ENDMOD        ?C?PLDIXDATA

  -------         MODULE        ?C?PSTXDATA
  C:02DEH         PUBLIC        ?C?PSTXDATA
  -------         ENDMOD        ?C?PSTXDATA

  -------         MODULE        ?C?PLDOPTR
  C:02E7H         PUBLIC        ?C?PLDOPTR
  -------         ENDMOD        ?C?PLDOPTR

  -------         MODULE        ?C?CCASE
  C:0317H         PUBLIC        ?C?CCASE
  -------         ENDMOD        ?C?CCASE

  -------         MODULE        ?C?ICALL
  C:033DH         PUBLIC        ?C?ICALL
  C:0341H         PUBLIC        ?C?ICALL2
  -------         ENDMOD        ?C?ICALL

  -------         MODULE        ?C?LIMUL
  C:0343H         PUBLIC        ?C?LIMUL
  -------         ENDMOD        ?C?LIMUL

  -------         MODULE        ?C?PLDIDATA
  C:0370H         PUBLIC        ?C?PLDIDATA
  -------         ENDMOD        ?C?PLDIDATA

  -------         MODULE        ?C?PLDPDATA
  C:0379H         PUBLIC        ?C?PLDPDATA
  -------         ENDMOD        ?C?PLDPDATA

  -------         MODULE        ?C?PLDCODE
  C:0382H         PUBLIC        ?C?PLDCODE
  -------         ENDMOD        ?C?PLDCODE

Program Size: data=10.4 xdata=803 code=7857
LINK/LOCATE RUN COMPLETE.  0 WARNING(S),  0 ERROR(S)
